Archive member included to satisfy reference by file (symbol)

/Users/fezhou/Library/Application Support/Code/User/globalStorage/vexrobotics.vexcode/sdk/cpp/V5/V5_20220726_10_00_00/vexv5/libv5rt.a(v5_startup.c.obj)
                              (vexStartup)
/Users/fezhou/Library/Application Support/Code/User/globalStorage/vexrobotics.vexcode/sdk/cpp/V5/V5_20220726_10_00_00/vexv5/libv5rt.a(v5_util.c.obj)
                              /Users/fezhou/Library/Application Support/Code/User/globalStorage/vexrobotics.vexcode/sdk/cpp/V5/V5_20220726_10_00_00/vexv5/libv5rt.a(v5_startup.c.obj) (vexStdlibVersionLinked)
/Users/fezhou/Library/Application Support/Code/User/globalStorage/vexrobotics.vexcode/sdk/cpp/V5/V5_20220726_10_00_00/vexv5/libv5rt.a(v5_apijump.c.obj)
                              /Users/fezhou/Library/Application Support/Code/User/globalStorage/vexrobotics.vexcode/sdk/cpp/V5/V5_20220726_10_00_00/vexv5/libv5rt.a(v5_startup.c.obj) (vexPrivateApiEnable)
/Users/fezhou/Library/Application Support/Code/User/globalStorage/vexrobotics.vexcode/sdk/cpp/V5/V5_20220726_10_00_00/vexv5/libv5rt.a(v5_apiversions.c.obj)
                              /Users/fezhou/Library/Application Support/Code/User/globalStorage/vexrobotics.vexcode/sdk/cpp/V5/V5_20220726_10_00_00/vexv5/libv5rt.a(v5_apijump.c.obj) (vexSystemVersion)
/Users/fezhou/Library/Application Support/Code/User/globalStorage/vexrobotics.vexcode/sdk/cpp/V5/V5_20220726_10_00_00/vexv5/libv5rt.a(vex_global.cpp.obj)
                              build/src/basic-functions.o (vex::wait(double, vex::timeUnits))
/Users/fezhou/Library/Application Support/Code/User/globalStorage/vexrobotics.vexcode/sdk/cpp/V5/V5_20220726_10_00_00/vexv5/libv5rt.a(vex_motor.cpp.obj)
                              build/src/robot-config.o (vex::motor::~motor())
/Users/fezhou/Library/Application Support/Code/User/globalStorage/vexrobotics.vexcode/sdk/cpp/V5/V5_20220726_10_00_00/vexv5/libv5rt.a(vex_vision.cpp.obj)
                              build/src/robot-config.o (vex::vision::~vision())
/Users/fezhou/Library/Application Support/Code/User/globalStorage/vexrobotics.vexcode/sdk/cpp/V5/V5_20220726_10_00_00/vexv5/libv5rt.a(vex_imu.cpp.obj)
                              build/src/robot-config.o (vex::inertial::~inertial())
/Users/fezhou/Library/Application Support/Code/User/globalStorage/vexrobotics.vexcode/sdk/cpp/V5/V5_20220726_10_00_00/vexv5/libv5rt.a(vex_controller.cpp.obj)
                              build/src/robot-config.o (vex::controller::~controller())
/Users/fezhou/Library/Application Support/Code/User/globalStorage/vexrobotics.vexcode/sdk/cpp/V5/V5_20220726_10_00_00/vexv5/libv5rt.a(vex_thread.cpp.obj)
                              build/src/main.o (vex::thread::thread(int (*)()))
/Users/fezhou/Library/Application Support/Code/User/globalStorage/vexrobotics.vexcode/sdk/cpp/V5/V5_20220726_10_00_00/vexv5/libv5rt.a(vex_event.cpp.obj)
                              /Users/fezhou/Library/Application Support/Code/User/globalStorage/vexrobotics.vexcode/sdk/cpp/V5/V5_20220726_10_00_00/vexv5/libv5rt.a(vex_imu.cpp.obj) (vex::event::init(unsigned long, unsigned long, void (*)()))
/Users/fezhou/Library/Application Support/Code/User/globalStorage/vexrobotics.vexcode/sdk/cpp/V5/V5_20220726_10_00_00/vexv5/libv5rt.a(vex_mevent.cpp.obj)
                              /Users/fezhou/Library/Application Support/Code/User/globalStorage/vexrobotics.vexcode/sdk/cpp/V5/V5_20220726_10_00_00/vexv5/libv5rt.a(vex_controller.cpp.obj) (vex::mevent::mevent(unsigned long, unsigned long))
/Users/fezhou/Library/Application Support/Code/User/globalStorage/vexrobotics.vexcode/sdk/cpp/V5/V5_20220726_10_00_00/vexv5/libv5rt.a(vex_brain.cpp.obj)
                              build/src/GPS.o (vex::brain::lcd::setCursor(long, long))
/Users/fezhou/Library/Application Support/Code/User/globalStorage/vexrobotics.vexcode/sdk/cpp/V5/V5_20220726_10_00_00/vexv5/libv5rt.a(vex_competition.cpp.obj)
                              build/src/main.o (vex::competition::competition())
/Users/fezhou/Library/Application Support/Code/User/globalStorage/vexrobotics.vexcode/sdk/cpp/V5/V5_20220726_10_00_00/vexv5/libv5rt.a(vex_triport.cpp.obj)
                              /Users/fezhou/Library/Application Support/Code/User/globalStorage/vexrobotics.vexcode/sdk/cpp/V5/V5_20220726_10_00_00/vexv5/libv5rt.a(vex_brain.cpp.obj) (vex::triport::~triport())
/Users/fezhou/Library/Application Support/Code/User/globalStorage/vexrobotics.vexcode/sdk/cpp/V5/V5_20220726_10_00_00/vexv5/libv5rt.a(vex_color.cpp.obj)
                              /Users/fezhou/Library/Application Support/Code/User/globalStorage/vexrobotics.vexcode/sdk/cpp/V5/V5_20220726_10_00_00/vexv5/libv5rt.a(vex_brain.cpp.obj) (vex::color::operator unsigned long() const)
/Users/fezhou/Library/Application Support/Code/User/globalStorage/vexrobotics.vexcode/sdk/cpp/V5/V5_20220726_10_00_00/vexv5/libv5rt.a(vex_timer.cpp.obj)
[...]
Memory Configuration

Name             Origin             Length             Attributes
ps7_ddr_0_S_AXI_BASEADDR 0x0000000003800000 0x0000000004800000
*default*        0x0000000000000000 0xffffffffffffffff

Linker script and memory map

                0x0000000000002000                _STACK_SIZE = DEFINED (_STACK_SIZE)?_STACK_SIZE:0x2000
                0x0000000000100000                _HEAP_SIZE = DEFINED (_HEAP_SIZE)?_HEAP_SIZE:0x100000
                0x0000000000000400                _ABORT_STACK_SIZE = DEFINED (_ABORT_STACK_SIZE)?_ABORT_STACK_SIZE:0x400
                0x0000000000000800                _SUPERVISOR_STACK_SIZE = DEFINED (_SUPERVISOR_STACK_SIZE)?_SUPERVISOR_STACK_SIZE:0x800
                0x0000000000000400                _IRQ_STACK_SIZE = DEFINED (_IRQ_STACK_SIZE)?_IRQ_STACK_SIZE:0x400
                0x0000000000000400                _FIQ_STACK_SIZE = DEFINED (_FIQ_STACK_SIZE)?_FIQ_STACK_SIZE:0x400
                0x0000000000000400                _UNDEF_STACK_SIZE = DEFINED (_UNDEF_STACK_SIZE)?_UNDEF_STACK_SIZE:0x400

.text           0x0000000003800000     0x6318
 *(.vectors)
 *(.boot_data)
 .boot_data     0x0000000003800000       0x20 /Users/fezhou/Library/Application Support/Code/User/globalStorage/vexrobotics.vexcode/sdk/cpp/V5/V5_20220726_10_00_00/vexv5/libv5rt.a(v5_startup.c.obj)
                0x0000000003800000                vexCodeSig
                0x0000000000000020                . = 0x20
 *(.boot)
 .boot          0x0000000003800020       0xbc /Users/fezhou/Library/Application Support/Code/User/globalStorage/vexrobotics.vexcode/sdk/cpp/V5/V5_20220726_10_00_00/vexv5/libv5rt.a(v5_startup.c.obj)
                0x0000000003800020                vexStartup
                0x0000000003800100                . = ALIGN (0x40)
 *fill*         0x00000000038000dc       0x24 
 *(.freertos_vectors)
 *(.text)
 *(.text.*)
 .text._ZN3GPSC2Ev
                0x0000000003800100        0x4 build/src/GPS.o
                0x0000000003800100                GPS::GPS()
                0x0000000003800100                GPS::GPS()
 *fill*         0x0000000003800104        0x4 
 .text._ZN3GPS13getLeftPosGpsEv
                0x0000000003800108       0x80 build/src/GPS.o
                0x0000000003800108                GPS::getLeftPosGps()
 .text._ZN3GPS14getRightPosGpsEv
                0x0000000003800188       0x80 build/src/GPS.o
                0x0000000003800188                GPS::getRightPosGps()
 .text._ZN3GPS18resetForwardPosGpsEv
                0x0000000003800208       0x20 build/src/GPS.o
                0x0000000003800208                GPS::resetForwardPosGps()
 .text._ZN3GPS8calThetaEffi
                0x0000000003800228       0x80 build/src/GPS.o
                0x0000000003800228                GPS::calTheta(float, float, int)
 .text._ZN3GPS12updateGpsPosEv
                0x00000000038002a8      0x244 build/src/GPS.o
                0x00000000038002a8                GPS::updateGpsPos()
 .text._ZN3GPS13updateCrtParaEv
                0x00000000038004ec      0x328 build/src/GPS.o
                0x00000000038004ec                GPS::updateCrtPara()
 .text._ZN3GPS10gpsPIDMoveEffiiSs
                0x0000000003800814      0x160 build/src/GPS.o
                0x0000000003800814                GPS::gpsPIDMove(float, float, int, int, std::string)
 .text._Z8MyGpsPosv
                0x0000000003800974       0x18 build/src/GPS.o
                0x0000000003800974                MyGpsPos()
 .text._ZN3PIDC2Ev
                0x000000000380098c       0x68 build/src/PID.o
                0x000000000380098c                PID::PID()
                0x000000000380098c                PID::PID()
 .text._ZN3PID14setCoefficientEfff
                0x00000000038009f4        0xc build/src/PID.o
                0x00000000038009f4                PID::setCoefficient(float, float, float)
 .text._ZN3PID9setTargetEf
                0x0000000003800a00        0x8 build/src/PID.o
                0x0000000003800a00                PID::setTarget(float)
 .text._ZN3PID7setIMaxEf
                0x0000000003800a08        0x8 build/src/PID.o
                0x0000000003800a08                PID::setIMax(float)
 .text._ZN3PID9setIRangeEf
                0x0000000003800a10        0x8 build/src/PID.o
                0x0000000003800a10                PID::setIRange(float)
 .text._ZN3PID17setErrorToleranceEf
                0x0000000003800a18        0x8 build/src/PID.o
                0x0000000003800a18                PID::setErrorTolerance(float)
 .text._ZN3PID13setDToleranceEf
                0x0000000003800a20        0x8 build/src/PID.o
                0x0000000003800a20                PID::setDTolerance(float)
 .text._ZN3PID11setJumpTimeEf
                0x0000000003800a28        0x8 build/src/PID.o
                0x0000000003800a28                PID::setJumpTime(float)
 .text._ZN3PID13targetArrivedEv
                0x0000000003800a30        0x8 build/src/PID.o
                0x0000000003800a30                PID::targetArrived()
 .text._ZN3PID9getOutputEv
                0x0000000003800a38        0x8 build/src/PID.o
                0x0000000003800a38                PID::getOutput()
 .text._ZN3PID7setTypeESs
                0x0000000003800a40        0x8 build/src/PID.o
                0x0000000003800a40                PID::setType(std::string)
 .text._ZN3PID6updateEf
                0x0000000003800a48      0x1d4 build/src/PID.o
                0x0000000003800a48                PID::update(float)
 .text._Z24posForwardRelWithHeadingfff
                0x0000000003800c1c       0xe0 build/src/auton-functions.o
                0x0000000003800c1c                posForwardRelWithHeading(float, float, float)
 .text._Z24posForwardAbsWithHeadingfff
                0x0000000003800cfc       0x64 build/src/auton-functions.o
                0x0000000003800cfc                posForwardAbsWithHeading(float, float, float)
 .text._Z16PIDPosForwardAbsf
                0x0000000003800d60      0x15c build/src/auton-functions.o
                0x0000000003800d60                PIDPosForwardAbs(float)
 .text._Z21softStartTimerForwardffi
                0x0000000003800ebc       0x94 build/src/auton-functions.o
                0x0000000003800ebc                softStartTimerForward(float, float, int)
 .text._Z17PIDAngleRotateAbsfffff
                0x0000000003800f50      0x1b0 build/src/auton-functions.o
                0x0000000003800f50                PIDAngleRotateAbs(float, float, float, float, float)
 .text._Z12setAutonModev
                0x0000000003801100        0x4 build/src/auton-functions.o
                0x0000000003801100                setAutonMode()
 .text._GLOBAL__sub_I_auton_functions.cpp
                0x0000000003801104       0x34 build/src/auton-functions.o
 .text._Z9autonInitv
                0x0000000003801138       0x28 build/src/autonomous.o
                0x0000000003801138                autonInit()
 .text._Z11auton_far_1v
                0x0000000003801160      0x2b4 build/src/autonomous.o
                0x0000000003801160                auton_far_1()
 .text._Z11auton_far_2v
                0x0000000003801414      0x1b0 build/src/autonomous.o
                0x0000000003801414                auton_far_2()
 .text._Z12auton_near_1v
                0x00000000038015c4       0x58 build/src/autonomous.o
                0x00000000038015c4                auton_near_1()
 .text._Z8runAutoni
                0x000000000380161c       0x4c build/src/autonomous.o
                0x000000000380161c                runAuton(int)
 .text._GLOBAL__sub_I_autonomous.cpp
                0x0000000003801668        0xc build/src/autonomous.o
 .text._Z12autonFlipperb
                0x0000000003801674       0x10 build/src/basic-functions.o
                0x0000000003801674                autonFlipper(bool)
 .text._Z4abbsf
                0x0000000003801684       0x1c build/src/basic-functions.o
                0x0000000003801684                abbs(float)
 .text._Z7deg2radf
                0x00000000038016a0       0x38 build/src/basic-functions.o
                0x00000000038016a0                deg2rad(float)
 .text._Z7rad2degf
                0x00000000038016d8       0x24 build/src/basic-functions.o
                0x00000000038016d8                rad2deg(float)
 .text._Z4sqrff
                0x00000000038016fc       0x10 build/src/basic-functions.o
                0x00000000038016fc                sqrf(float)
 .text._Z4signf
                0x000000000380170c       0x1c build/src/basic-functions.o
                0x000000000380170c                sign(float)
 .text._Z9deg2rangef
                0x0000000003801728       0x6c build/src/basic-functions.o
                0x0000000003801728                deg2range(float)
 .text._Z8moveLeftf
                0x0000000003801794       0xb8 build/src/basic-functions.o
                0x0000000003801794                moveLeft(float)
 .text._Z10unlockLeftv
                0x000000000380184c       0x3c build/src/basic-functions.o
                0x000000000380184c                unlockLeft()
 .text._Z9moveRightf
                0x0000000003801888       0xb8 build/src/basic-functions.o
                0x0000000003801888                moveRight(float)
 .text._Z11unlockRightv
                0x0000000003801940       0x3c build/src/basic-functions.o
                0x0000000003801940                unlockRight()
 .text._Z11moveForwardf
                0x000000000380197c       0x1c build/src/basic-functions.o
                0x000000000380197c                moveForward(float)
 .text._Z13moveClockwisef
                0x0000000003801998       0x1c build/src/basic-functions.o
                0x0000000003801998                moveClockwise(float)
 .text._Z10unlockBasev
                0x00000000038019b4       0x14 build/src/basic-functions.o
                0x00000000038019b4                unlockBase()
 .text._Z9getCrtVelv
                0x00000000038019c8       0x5c build/src/basic-functions.o
                0x00000000038019c8                getCrtVel()
 *fill*         0x0000000003801a24        0x4 
 .text._Z10getLeftPosv
                0x0000000003801a28       0x90 build/src/basic-functions.o
                0x0000000003801a28                getLeftPos()
 .text._Z11getRightPosv
                0x0000000003801ab8       0x90 build/src/basic-functions.o
                0x0000000003801ab8                getRightPos()
 .text._Z13getForwardPosv
                0x0000000003801b48       0x34 build/src/basic-functions.o
                0x0000000003801b48                getForwardPos()
 *fill*         0x0000000003801b7c        0x4 
 .text._Z12resetLeftPosv
                0x0000000003801b80       0x88 build/src/basic-functions.o
                0x0000000003801b80                resetLeftPos()
 .text._Z13resetRightPosv
                0x0000000003801c08       0x88 build/src/basic-functions.o
                0x0000000003801c08                resetRightPos()
 .text._Z15resetForwardPosv
                0x0000000003801c90       0x14 build/src/basic-functions.o
                0x0000000003801c90                resetForwardPos()
 .text._Z10getHeadingv
                0x0000000003801ca4       0x3c build/src/basic-functions.o
                0x0000000003801ca4                getHeading()
 .text._Z12resetHeadingv
                0x0000000003801ce0       0x28 build/src/basic-functions.o
                0x0000000003801ce0                resetHeading()
 .text._Z8getPitchv
                0x0000000003801d08       0x28 build/src/basic-functions.o
                0x0000000003801d08                getPitch()
 .text._Z10setPistonEb
                0x0000000003801d30       0x20 build/src/basic-functions.o
                0x0000000003801d30                setPistonE(bool)
 .text._Z10setPistonAb
                0x0000000003801d50       0x20 build/src/basic-functions.o
                0x0000000003801d50                setPistonA(bool)
 .text._Z14setIntakeSpeedf
                0x0000000003801d70       0x10 build/src/basic-functions.o
                0x0000000003801d70                setIntakeSpeed(float)
 .text._Z6intakev
                0x0000000003801d80       0x54 build/src/basic-functions.o
                0x0000000003801d80                intake()
 .text._Z13setCataStatusi
                0x0000000003801dd4       0x10 build/src/basic-functions.o
                0x0000000003801dd4                setCataStatus(int)
 .text._Z19setCataRotateStatusi
                0x0000000003801de4       0x10 build/src/basic-functions.o
                0x0000000003801de4                setCataRotateStatus(int)
 *fill*         0x0000000003801df4        0x4 
 .text._Z8initCatav
                0x0000000003801df8       0x80 build/src/basic-functions.o
                0x0000000003801df8                initCata()
 .text._Z8catapultv
                0x0000000003801e78      0x420 build/src/basic-functions.o
                0x0000000003801e78                catapult()
 .text._GLOBAL__sub_I_basic_functions.cpp
                0x0000000003802298       0x34 build/src/basic-functions.o
 .text._Z10autonomousv
                0x00000000038022cc       0x10 build/src/main.o
                0x00000000038022cc                autonomous()
 .text._Z11usercontrolv
                0x00000000038022dc      0x5b8 build/src/main.o
                0x00000000038022dc                usercontrol()
 .text._ZN3vex5brain3lcd5printIfEEvT_
                0x0000000003802894       0x3c build/src/main.o
                0x0000000003802894                void vex::brain::lcd::print<float>(float)
 .text.main     0x00000000038028d0       0xf0 build/src/main.o
                0x00000000038028d0                main
 .text._GLOBAL__sub_I_main.cpp
                0x00000000038029c0       0x68 build/src/main.o
 .text._ZN7MyTimerC2Ev
                0x0000000003802a28       0x30 build/src/my-timer.o
                0x0000000003802a28                MyTimer::MyTimer()
                0x0000000003802a28                MyTimer::MyTimer()
 .text._ZN7MyTimer5resetEv
                0x0000000003802a58       0x2c build/src/my-timer.o
                0x0000000003802a58                MyTimer::reset()
 *fill*         0x0000000003802a84        0x4 
 .text._ZNK7MyTimer7getTimeEv
                0x0000000003802a88       0x58 build/src/my-timer.o
                0x0000000003802a88                MyTimer::getTime() const
 .text._ZN3vex6visionC2IJNS0_9signatureES2_S2_EEElhDpRT_
                0x0000000003802ae0       0x4c build/src/robot-config.o
                0x0000000003802ae0                vex::vision::vision<vex::vision::signature, vex::vision::signature, vex::vision::signature>(long, unsigned char, vex::vision::signature&, vex::vision::signature&, vex::vision::signature&)
 .text._Z11vexcodeInitv
                0x0000000003802b2c        0x4 build/src/robot-config.o
                0x0000000003802b2c                vexcodeInit()
 .text._GLOBAL__sub_I_robot_config.cpp
                0x0000000003802b30      0x4a4 build/src/robot-config.o
 .text._GLOBAL__sub_I_skill.cpp
                0x0000000003802fd4        0xc build/src/skill.o
 .text.vexMain  0x0000000003802fe0       0xb0 /Users/fezhou/Library/Application Support/Code/User/globalStorage/vexrobotics.vexcode/sdk/cpp/V5/V5_20220726_10_00_00/vexv5/libv5rt.a(v5_startup.c.obj)
                0x0000000003802fe0                vexMain
 .text.__vex_function_prolog
                0x0000000003803090       0x18 /Users/fezhou/Library/Application Support/Code/User/globalStorage/vexrobotics.vexcode/sdk/cpp/V5/V5_20220726_10_00_00/vexv5/libv5rt.a(v5_startup.c.obj)
                0x0000000003803090                __vex_function_prolog
 .text._init    0x00000000038030a8        0x4 /Users/fezhou/Library/Application Support/Code/User/globalStorage/vexrobotics.vexcode/sdk/cpp/V5/V5_20220726_10_00_00/vexv5/libv5rt.a(v5_startup.c.obj)
                0x00000000038030a8                _init
 .text._fini    0x00000000038030ac        0x4 /Users/fezhou/Library/Application Support/Code/User/globalStorage/vexrobotics.vexcode/sdk/cpp/V5/V5_20220726_10_00_00/vexv5/libv5rt.a(v5_startup.c.obj)
                0x00000000038030ac                _fini
 .text.vexStdlibVersionLinked
                0x00000000038030b0        0xc /Users/fezhou/Library/Application Support/Code/User/globalStorage/vexrobotics.vexcode/sdk/cpp/V5/V5_20220726_10_00_00/vexv5/libv5rt.a(v5_util.c.obj)
                0x00000000038030b0                vexStdlibVersionLinked
 .text.vexStdlibVersionVerify
                0x00000000038030bc       0x30 /Users/fezhou/Library/Application Support/Code/User/globalStorage/vexrobotics.vexcode/sdk/cpp/V5/V5_20220726_10_00_00/vexv5/libv5rt.a(v5_util.c.obj)
                0x00000000038030bc                vexStdlibVersionVerify
 .text.vexPrivateApiEnable
                0x00000000038030ec       0x10 /Users/fezhou/Library/Application Support/Code/User/globalStorage/vexrobotics.vexcode/sdk/cpp/V5/V5_20220726_10_00_00/vexv5/libv5rt.a(v5_apijump.c.obj)
                0x00000000038030ec                vexPrivateApiEnable
 .text.vexStdlibMismatchError
                0x00000000038030fc       0x3c /Users/fezhou/Library/Application Support/Code/User/globalStorage/vexrobotics.vexcode/sdk/cpp/V5/V5_20220726_10_00_00/vexv5/libv5rt.a(v5_apijump.c.obj)
                0x00000000038030fc                vexStdlibMismatchError
 .text.vexTaskAdd
                0x0000000003803138       0x10 /Users/fezhou/Library/Application Support/Code/User/globalStorage/vexrobotics.vexcode/sdk/cpp/V5/V5_20220726_10_00_00/vexv5/libv5rt.a(v5_apijump.c.obj)
                0x0000000003803138                vexTaskAdd
 .text.vexTasksRun
                0x0000000003803148       0x10 /Users/fezhou/Library/Application Support/Code/User/globalStorage/vexrobotics.vexcode/sdk/cpp/V5/V5_20220726_10_00_00/vexv5/libv5rt.a(v5_apijump.c.obj)
                0x0000000003803148                vexTasksRun
 .text.vexTaskYield
                0x0000000003803158       0x10 /Users/fezhou/Library/Application Support/Code/User/globalStorage/vexrobotics.vexcode/sdk/cpp/V5/V5_20220726_10_00_00/vexv5/libv5rt.a(v5_apijump.c.obj)
                0x0000000003803158                vexTaskYield
 .text.vexTaskCheckTimeslice
                0x0000000003803168       0x10 /Users/fezhou/Library/Application Support/Code/User/globalStorage/vexrobotics.vexcode/sdk/cpp/V5/V5_20220726_10_00_00/vexv5/libv5rt.a(v5_apijump.c.obj)
                0x0000000003803168                vexTaskCheckTimeslice
 .text.vexTaskSleep
                0x0000000003803178       0x10 /Users/fezhou/Library/Application Support/Code/User/globalStorage/vexrobotics.vexcode/sdk/cpp/V5/V5_20220726_10_00_00/vexv5/libv5rt.a(v5_apijump.c.obj)
                0x0000000003803178                vexTaskSleep
 .text.vexTasksDump
                0x0000000003803188       0x1c /Users/fezhou/Library/Application Support/Code/User/globalStorage/vexrobotics.vexcode/sdk/cpp/V5/V5_20220726_10_00_00/vexv5/libv5rt.a(v5_apijump.c.obj)
                0x0000000003803188                vexTasksDump
 .text.vexTaskGetTaskIndex
                0x00000000038031a4       0x10 /Users/fezhou/Library/Application Support/Code/User/globalStorage/vexrobotics.vexcode/sdk/cpp/V5/V5_20220726_10_00_00/vexv5/libv5rt.a(v5_apijump.c.obj)
                0x00000000038031a4                vexTaskGetTaskIndex
 .text.vexTaskStopAll
                0x00000000038031b4       0x10 /Users/fezhou/Library/Application Support/Code/User/globalStorage/vexrobotics.vexcode/sdk/cpp/V5/V5_20220726_10_00_00/vexv5/libv5rt.a(v5_apijump.c.obj)
                0x00000000038031b4                vexTaskStopAll
 .text.vexTaskRemoveAllUser
                0x00000000038031c4       0x34 /Users/fezhou/Library/Application Support/Code/User/globalStorage/vexrobotics.vexcode/sdk/cpp/V5/V5_20220726_10_00_00/vexv5/libv5rt.a(v5_apijump.c.obj)
                0x00000000038031c4                vexTaskRemoveAllUser
 .text.vexTaskCompletionIdSet
                0x00000000038031f8       0x10 /Users/fezhou/Library/Application Support/Code/User/globalStorage/vexrobotics.vexcode/sdk/cpp/V5/V5_20220726_10_00_00/vexv5/libv5rt.a(v5_apijump.c.obj)
                0x00000000038031f8                vexTaskCompletionIdSet
 .text.vexTaskStopWithId
                0x0000000003803208       0x10 /Users/fezhou/Library/Application Support/Code/User/globalStorage/vexrobotics.vexcode/sdk/cpp/V5/V5_20220726_10_00_00/vexv5/libv5rt.a(v5_apijump.c.obj)
                0x0000000003803208                vexTaskStopWithId
 .text.vexCriticalSection
                0x0000000003803218       0x2c /Users/fezhou/Library/Application Support/Code/User/globalStorage/vexrobotics.vexcode/sdk/cpp/V5/V5_20220726_10_00_00/vexv5/libv5rt.a(v5_apijump.c.obj)
                0x0000000003803218                vexCriticalSection
 .text.vexEventAdd
                0x0000000003803244       0x34 /Users/fezhou/Library/Application Support/Code/User/globalStorage/vexrobotics.vexcode/sdk/cpp/V5/V5_20220726_10_00_00/vexv5/libv5rt.a(v5_apijump.c.obj)
                0x0000000003803244                vexEventAdd
 .text.vexEventUserIndexGet
                0x0000000003803278       0x1c /Users/fezhou/Library/Application Support/Code/User/globalStorage/vexrobotics.vexcode/sdk/cpp/V5/V5_20220726_10_00_00/vexv5/libv5rt.a(v5_apijump.c.obj)
                0x0000000003803278                vexEventUserIndexGet
 .text.vexEventAddWithArg
                0x0000000003803294       0x3c /Users/fezhou/Library/Application Support/Code/User/globalStorage/vexrobotics.vexcode/sdk/cpp/V5/V5_20220726_10_00_00/vexv5/libv5rt.a(v5_apijump.c.obj)
                0x0000000003803294                vexEventAddWithArg
 .text.vexEventsCleanup
                0x00000000038032d0       0x2c /Users/fezhou/Library/Application Support/Code/User/globalStorage/vexrobotics.vexcode/sdk/cpp/V5/V5_20220726_10_00_00/vexv5/libv5rt.a(v5_apijump.c.obj)
                0x00000000038032d0                vexEventsCleanup
 .text.vexDebug
                0x00000000038032fc       0x38 /Users/fezhou/Library/Application Support/Code/User/globalStorage/vexrobotics.vexcode/sdk/cpp/V5/V5_20220726_10_00_00/vexv5/libv5rt.a(v5_apijump.c.obj)
                0x00000000038032fc                vexDebug
 .text.vex_sprintf
                0x0000000003803334       0x40 /Users/fezhou/Library/Application Support/Code/User/globalStorage/vexrobotics.vexcode/sdk/cpp/V5/V5_20220726_10_00_00/vexv5/libv5rt.a(v5_apijump.c.obj)
                0x0000000003803334                vex_sprintf
 .text.vex_vsnprintf
                0x0000000003803374       0x3c /Users/fezhou/Library/Application Support/Code/User/globalStorage/vexrobotics.vexcode/sdk/cpp/V5/V5_20220726_10_00_00/vexv5/libv5rt.a(v5_apijump.c.obj)
                0x0000000003803374                vex_vsnprintf
 .text.vexSystemTimeGet
                0x00000000038033b0       0x1c /Users/fezhou/Library/Application Support/Code/User/globalStorage/vexrobotics.vexcode/sdk/cpp/V5/V5_20220726_10_00_00/vexv5/libv5rt.a(v5_apijump.c.obj)
                0x00000000038033b0                vexSystemTimeGet
 .text.vexSystemExitRequest
                0x00000000038033cc       0x1c /Users/fezhou/Library/Application Support/Code/User/globalStorage/vexrobotics.vexcode/sdk/cpp/V5/V5_20220726_10_00_00/vexv5/libv5rt.a(v5_apijump.c.obj)
                0x00000000038033cc                vexSystemExitRequest
 .text.vexDeviceGetByIndex
                0x00000000038033e8       0x24 /Users/fezhou/Library/Application Support/Code/User/globalStorage/vexrobotics.vexcode/sdk/cpp/V5/V5_20220726_10_00_00/vexv5/libv5rt.a(v5_apijump.c.obj)
                0x00000000038033e8                vexDeviceGetByIndex
 .text.vexControllerGet
                0x000000000380340c       0x2c /Users/fezhou/Library/Application Support/Code/User/globalStorage/vexrobotics.vexcode/sdk/cpp/V5/V5_20220726_10_00_00/vexv5/libv5rt.a(v5_apijump.c.obj)
                0x000000000380340c                vexControllerGet
 .text.vexDeviceAdiPortConfigSet
                0x0000000003803438       0x34 /Users/fezhou/Library/Application Support/Code/User/globalStorage/vexrobotics.vexcode/sdk/cpp/V5/V5_20220726_10_00_00/vexv5/libv5rt.a(v5_apijump.c.obj)
                0x0000000003803438                vexDeviceAdiPortConfigSet
 .text.vexDeviceAdiPortConfigGet
                0x000000000380346c       0x2c /Users/fezhou/Library/Application Support/Code/User/globalStorage/vexrobotics.vexcode/sdk/cpp/V5/V5_20220726_10_00_00/vexv5/libv5rt.a(v5_apijump.c.obj)
                0x000000000380346c                vexDeviceAdiPortConfigGet
 .text.vexDeviceAdiValueSet
                0x0000000003803498       0x34 /Users/fezhou/Library/Application Support/Code/User/globalStorage/vexrobotics.vexcode/sdk/cpp/V5/V5_20220726_10_00_00/vexv5/libv5rt.a(v5_apijump.c.obj)
                0x0000000003803498                vexDeviceAdiValueSet
 .text.vexDeviceMotorVelocitySet
                0x00000000038034cc       0x2c /Users/fezhou/Library/Application Support/Code/User/globalStorage/vexrobotics.vexcode/sdk/cpp/V5/V5_20220726_10_00_00/vexv5/libv5rt.a(v5_apijump.c.obj)
                0x00000000038034cc                vexDeviceMotorVelocitySet
 .text.vexDeviceMotorVoltageSet
                0x00000000038034f8       0x2c /Users/fezhou/Library/Application Support/Code/User/globalStorage/vexrobotics.vexcode/sdk/cpp/V5/V5_20220726_10_00_00/vexv5/libv5rt.a(v5_apijump.c.obj)
                0x00000000038034f8                vexDeviceMotorVoltageSet
 .text.vexDeviceMotorVelocityGet
                0x0000000003803524       0x24 /Users/fezhou/Library/Application Support/Code/User/globalStorage/vexrobotics.vexcode/sdk/cpp/V5/V5_20220726_10_00_00/vexv5/libv5rt.a(v5_apijump.c.obj)
                0x0000000003803524                vexDeviceMotorVelocityGet
 .text.vexDeviceMotorActualVelocityGet
                0x0000000003803548       0x24 /Users/fezhou/Library/Application Support/Code/User/globalStorage/vexrobotics.vexcode/sdk/cpp/V5/V5_20220726_10_00_00/vexv5/libv5rt.a(v5_apijump.c.obj)
                0x0000000003803548                vexDeviceMotorActualVelocityGet
 .text.vexDeviceMotorModeGet
                0x000000000380356c       0x24 /Users/fezhou/Library/Application Support/Code/User/globalStorage/vexrobotics.vexcode/sdk/cpp/V5/V5_20220726_10_00_00/vexv5/libv5rt.a(v5_apijump.c.obj)
                0x000000000380356c                vexDeviceMotorModeGet
 .text.vexDeviceMotorZeroPositionFlagGet
                0x0000000003803590       0x24 /Users/fezhou/Library/Application Support/Code/User/globalStorage/vexrobotics.vexcode/sdk/cpp/V5/V5_20220726_10_00_00/vexv5/libv5rt.a(v5_apijump.c.obj)
                0x0000000003803590                vexDeviceMotorZeroPositionFlagGet
 .text.vexDeviceMotorReverseFlagSet
                0x00000000038035b4       0x2c /Users/fezhou/Library/Application Support/Code/User/globalStorage/vexrobotics.vexcode/sdk/cpp/V5/V5_20220726_10_00_00/vexv5/libv5rt.a(v5_apijump.c.obj)
                0x00000000038035b4                vexDeviceMotorReverseFlagSet
 .text.vexDeviceMotorEncoderUnitsSet
                0x00000000038035e0       0x2c /Users/fezhou/Library/Application Support/Code/User/globalStorage/vexrobotics.vexcode/sdk/cpp/V5/V5_20220726_10_00_00/vexv5/libv5rt.a(v5_apijump.c.obj)
                0x00000000038035e0                vexDeviceMotorEncoderUnitsSet
 .text.vexDeviceMotorBrakeModeSet
                0x000000000380360c       0x2c /Users/fezhou/Library/Application Support/Code/User/globalStorage/vexrobotics.vexcode/sdk/cpp/V5/V5_20220726_10_00_00/vexv5/libv5rt.a(v5_apijump.c.obj)
                0x000000000380360c                vexDeviceMotorBrakeModeSet
 .text.vexDeviceMotorPositionSet
                0x0000000003803638       0x34 /Users/fezhou/Library/Application Support/Code/User/globalStorage/vexrobotics.vexcode/sdk/cpp/V5/V5_20220726_10_00_00/vexv5/libv5rt.a(v5_apijump.c.obj)
                0x0000000003803638                vexDeviceMotorPositionSet
 .text.vexDeviceMotorPositionGet
                0x000000000380366c       0x24 /Users/fezhou/Library/Application Support/Code/User/globalStorage/vexrobotics.vexcode/sdk/cpp/V5/V5_20220726_10_00_00/vexv5/libv5rt.a(v5_apijump.c.obj)
                0x000000000380366c                vexDeviceMotorPositionGet
 .text.vexDeviceMotorAbsoluteTargetSet
                0x0000000003803690       0x3c /Users/fezhou/Library/Application Support/Code/User/globalStorage/vexrobotics.vexcode/sdk/cpp/V5/V5_20220726_10_00_00/vexv5/libv5rt.a(v5_apijump.c.obj)
                0x0000000003803690                vexDeviceMotorAbsoluteTargetSet
 .text.vexDeviceMotorGearingSet
                0x00000000038036cc       0x2c /Users/fezhou/Library/Application Support/Code/User/globalStorage/vexrobotics.vexcode/sdk/cpp/V5/V5_20220726_10_00_00/vexv5/libv5rt.a(v5_apijump.c.obj)
                0x00000000038036cc                vexDeviceMotorGearingSet
 .text.vexDeviceMotorGearingGet
                0x00000000038036f8       0x24 /Users/fezhou/Library/Application Support/Code/User/globalStorage/vexrobotics.vexcode/sdk/cpp/V5/V5_20220726_10_00_00/vexv5/libv5rt.a(v5_apijump.c.obj)
                0x00000000038036f8                vexDeviceMotorGearingGet
 .text.vexDeviceVisionModeSet
                0x000000000380371c       0x2c /Users/fezhou/Library/Application Support/Code/User/globalStorage/vexrobotics.vexcode/sdk/cpp/V5/V5_20220726_10_00_00/vexv5/libv5rt.a(v5_apijump.c.obj)
                0x000000000380371c                vexDeviceVisionModeSet
 .text.vexDeviceVisionObjectCountGet
                0x0000000003803748       0x24 /Users/fezhou/Library/Application Support/Code/User/globalStorage/vexrobotics.vexcode/sdk/cpp/V5/V5_20220726_10_00_00/vexv5/libv5rt.a(v5_apijump.c.obj)
                0x0000000003803748                vexDeviceVisionObjectCountGet
 .text.vexDeviceVisionObjectGet
                0x000000000380376c       0x34 /Users/fezhou/Library/Application Support/Code/User/globalStorage/vexrobotics.vexcode/sdk/cpp/V5/V5_20220726_10_00_00/vexv5/libv5rt.a(v5_apijump.c.obj)
                0x000000000380376c                vexDeviceVisionObjectGet
 .text.vexDeviceVisionSignatureSet
                0x00000000038037a0       0x2c /Users/fezhou/Library/Application Support/Code/User/globalStorage/vexrobotics.vexcode/sdk/cpp/V5/V5_20220726_10_00_00/vexv5/libv5rt.a(v5_apijump.c.obj)
                0x00000000038037a0                vexDeviceVisionSignatureSet
 .text.vexDeviceVisionBrightnessSet
                0x00000000038037cc       0x2c /Users/fezhou/Library/Application Support/Code/User/globalStorage/vexrobotics.vexcode/sdk/cpp/V5/V5_20220726_10_00_00/vexv5/libv5rt.a(v5_apijump.c.obj)
                0x00000000038037cc                vexDeviceVisionBrightnessSet
 .text.vexDeviceVisionLedModeSet
                0x00000000038037f8       0x2c /Users/fezhou/Library/Application Support/Code/User/globalStorage/vexrobotics.vexcode/sdk/cpp/V5/V5_20220726_10_00_00/vexv5/libv5rt.a(v5_apijump.c.obj)
                0x00000000038037f8                vexDeviceVisionLedModeSet
 .text.vexDeviceVisionLedColorSet
                0x0000000003803824       0x30 /Users/fezhou/Library/Application Support/Code/User/globalStorage/vexrobotics.vexcode/sdk/cpp/V5/V5_20220726_10_00_00/vexv5/libv5rt.a(v5_apijump.c.obj)
                0x0000000003803824                vexDeviceVisionLedColorSet
 .text.vexDeviceImuReset
                0x0000000003803854       0x24 /Users/fezhou/Library/Application Support/Code/User/globalStorage/vexrobotics.vexcode/sdk/cpp/V5/V5_20220726_10_00_00/vexv5/libv5rt.a(v5_apijump.c.obj)
                0x0000000003803854                vexDeviceImuReset
 .text.vexDeviceImuHeadingGet
                0x0000000003803878       0x24 /Users/fezhou/Library/Application Support/Code/User/globalStorage/vexrobotics.vexcode/sdk/cpp/V5/V5_20220726_10_00_00/vexv5/libv5rt.a(v5_apijump.c.obj)
                0x0000000003803878                vexDeviceImuHeadingGet
 .text.vexDeviceImuDegreesGet
                0x000000000380389c       0x24 /Users/fezhou/Library/Application Support/Code/User/globalStorage/vexrobotics.vexcode/sdk/cpp/V5/V5_20220726_10_00_00/vexv5/libv5rt.a(v5_apijump.c.obj)
                0x000000000380389c                vexDeviceImuDegreesGet
 .text.vexDeviceImuAttitudeGet
                0x00000000038038c0       0x2c /Users/fezhou/Library/Application Support/Code/User/globalStorage/vexrobotics.vexcode/sdk/cpp/V5/V5_20220726_10_00_00/vexv5/libv5rt.a(v5_apijump.c.obj)
                0x00000000038038c0                vexDeviceImuAttitudeGet
 .text.vexDeviceImuStatusGet
                0x00000000038038ec       0x24 /Users/fezhou/Library/Application Support/Code/User/globalStorage/vexrobotics.vexcode/sdk/cpp/V5/V5_20220726_10_00_00/vexv5/libv5rt.a(v5_apijump.c.obj)
                0x00000000038038ec                vexDeviceImuStatusGet
 .text.vexDisplayForegroundColor
                0x0000000003803910       0x24 /Users/fezhou/Library/Application Support/Code/User/globalStorage/vexrobotics.vexcode/sdk/cpp/V5/V5_20220726_10_00_00/vexv5/libv5rt.a(v5_apijump.c.obj)
                0x0000000003803910                vexDisplayForegroundColor
 .text.vexDisplayBackgroundColor
                0x0000000003803934       0x24 /Users/fezhou/Library/Application Support/Code/User/globalStorage/vexrobotics.vexcode/sdk/cpp/V5/V5_20220726_10_00_00/vexv5/libv5rt.a(v5_apijump.c.obj)
                0x0000000003803934                vexDisplayBackgroundColor
 .text.vexDisplayVPrintf
                0x0000000003803958       0x50 /Users/fezhou/Library/Application Support/Code/User/globalStorage/vexrobotics.vexcode/sdk/cpp/V5/V5_20220726_10_00_00/vexv5/libv5rt.a(v5_apijump.c.obj)
                0x0000000003803958                vexDisplayVPrintf
 .text.vexDisplayTextReference
                0x00000000038039a8       0x24 /Users/fezhou/Library/Application Support/Code/User/globalStorage/vexrobotics.vexcode/sdk/cpp/V5/V5_20220726_10_00_00/vexv5/libv5rt.a(v5_apijump.c.obj)
                0x00000000038039a8                vexDisplayTextReference
 .text.vexDisplayTextSize
                0x00000000038039cc       0x2c /Users/fezhou/Library/Application Support/Code/User/globalStorage/vexrobotics.vexcode/sdk/cpp/V5/V5_20220726_10_00_00/vexv5/libv5rt.a(v5_apijump.c.obj)
                0x00000000038039cc                vexDisplayTextSize
 .text.vexDisplayFontNamedSet
                0x00000000038039f8       0x24 /Users/fezhou/Library/Application Support/Code/User/globalStorage/vexrobotics.vexcode/sdk/cpp/V5/V5_20220726_10_00_00/vexv5/libv5rt.a(v5_apijump.c.obj)
                0x00000000038039f8                vexDisplayFontNamedSet
 .text.vexDisplayStringWidthGet
                0x0000000003803a1c       0x24 /Users/fezhou/Library/Application Support/Code/User/globalStorage/vexrobotics.vexcode/sdk/cpp/V5/V5_20220726_10_00_00/vexv5/libv5rt.a(v5_apijump.c.obj)
                0x0000000003803a1c                vexDisplayStringWidthGet
 .text.vexSystemStdlibImpureDataAddr
                0x0000000003803a40       0x28 /Users/fezhou/Library/Application Support/Code/User/globalStorage/vexrobotics.vexcode/sdk/cpp/V5/V5_20220726_10_00_00/vexv5/libv5rt.a(v5_apijump.c.obj)
                0x0000000003803a40                vexSystemStdlibImpureDataAddr
 .text.vexSystemStdlibImpureDataSize
                0x0000000003803a68       0x28 /Users/fezhou/Library/Application Support/Code/User/globalStorage/vexrobotics.vexcode/sdk/cpp/V5/V5_20220726_10_00_00/vexv5/libv5rt.a(v5_apijump.c.obj)
                0x0000000003803a68                vexSystemStdlibImpureDataSize
 .text.vexSystemSaveUserData
                0x0000000003803a90       0x3c /Users/fezhou/Library/Application Support/Code/User/globalStorage/vexrobotics.vexcode/sdk/cpp/V5/V5_20220726_10_00_00/vexv5/libv5rt.a(v5_apijump.c.obj)
                0x0000000003803a90                vexSystemSaveUserData
 .text.vexDisplayThemeIdGet
                0x0000000003803acc       0x38 /Users/fezhou/Library/Application Support/Code/User/globalStorage/vexrobotics.vexcode/sdk/cpp/V5/V5_20220726_10_00_00/vexv5/libv5rt.a(v5_apijump.c.obj)
                0x0000000003803acc                vexDisplayThemeIdGet
 .text.vexDeviceEventMaskSet
                0x0000000003803b04       0x48 /Users/fezhou/Library/Application Support/Code/User/globalStorage/vexrobotics.vexcode/sdk/cpp/V5/V5_20220726_10_00_00/vexv5/libv5rt.a(v5_apijump.c.obj)
                0x0000000003803b04                vexDeviceEventMaskSet
 .text.vexDeviceEventMaskGet
                0x0000000003803b4c       0x3c /Users/fezhou/Library/Application Support/Code/User/globalStorage/vexrobotics.vexcode/sdk/cpp/V5/V5_20220726_10_00_00/vexv5/libv5rt.a(v5_apijump.c.obj)
                0x0000000003803b4c                vexDeviceEventMaskGet
 .text.vexDeviceEventBitsSet
                0x0000000003803b88       0x48 /Users/fezhou/Library/Application Support/Code/User/globalStorage/vexrobotics.vexcode/sdk/cpp/V5/V5_20220726_10_00_00/vexv5/libv5rt.a(v5_apijump.c.obj)
                0x0000000003803b88                vexDeviceEventBitsSet
 .text.vexDeviceEventBitsGet
                0x0000000003803bd0       0x3c /Users/fezhou/Library/Application Support/Code/User/globalStorage/vexrobotics.vexcode/sdk/cpp/V5/V5_20220726_10_00_00/vexv5/libv5rt.a(v5_apijump.c.obj)
                0x0000000003803bd0                vexDeviceEventBitsGet
 .text.vexSystemVersion
                0x0000000003803c0c       0x10 /Users/fezhou/Library/Application Support/Code/User/globalStorage/vexrobotics.vexcode/sdk/cpp/V5/V5_20220726_10_00_00/vexv5/libv5rt.a(v5_apiversions.c.obj)
                0x0000000003803c0c                vexSystemVersion
 .text.vexStdlibVersion
                0x0000000003803c1c       0x10 /Users/fezhou/Library/Application Support/Code/User/globalStorage/vexrobotics.vexcode/sdk/cpp/V5/V5_20220726_10_00_00/vexv5/libv5rt.a(v5_apiversions.c.obj)
                0x0000000003803c1c                vexStdlibVersion
 *fill*         0x0000000003803c2c        0x4 
 .text._ZN3vex4waitEdNS_9timeUnitsE
                0x0000000003803c30       0x30 /Users/fezhou/Library/Application Support/Code/User/globalStorage/vexrobotics.vexcode/sdk/cpp/V5/V5_20220726_10_00_00/vexv5/libv5rt.a(vex_global.cpp.obj)
                0x0000000003803c30                vex::wait(double, vex::timeUnits)
 .text._ZN3vex5motorD2Ev
                0x0000000003803c60       0x20 /Users/fezhou/Library/Application Support/Code/User/globalStorage/vexrobotics.vexcode/sdk/cpp/V5/V5_20220726_10_00_00/vexv5/libv5rt.a(vex_motor.cpp.obj)
                0x0000000003803c60                vex::motor::~motor()
                0x0000000003803c60                vex::motor::~motor()
 .text._ZN3vex5motorD0Ev
                0x0000000003803c80       0x1c /Users/fezhou/Library/Application Support/Code/User/globalStorage/vexrobotics.vexcode/sdk/cpp/V5/V5_20220726_10_00_00/vexv5/libv5rt.a(vex_motor.cpp.obj)
                0x0000000003803c80                vex::motor::~motor()
 .text._ZN3vex5motor9installedEv
                0x0000000003803c9c       0x18 /Users/fezhou/Library/Application Support/Code/User/globalStorage/vexrobotics.vexcode/sdk/cpp/V5/V5_20220726_10_00_00/vexv5/libv5rt.a(vex_motor.cpp.obj)
                0x0000000003803c9c                vex::motor::installed()
 .text._ZN3vex5motor15defaultStoppingENS_9brakeTypeE
                0x0000000003803cb4       0x30 /Users/fezhou/Library/Application Support/Code/User/globalStorage/vexrobotics.vexcode/sdk/cpp/V5/V5_20220726_10_00_00/vexv5/libv5rt.a(vex_motor.cpp.obj)
                0x0000000003803cb4                vex::motor::defaultStopping(vex::brakeType)
 .text._ZN3vex5motorC2El
                0x0000000003803ce4       0x78 /Users/fezhou/Library/Application Support/Code/User/globalStorage/vexrobotics.vexcode/sdk/cpp/V5/V5_20220726_10_00_00/vexv5/libv5rt.a(vex_motor.cpp.obj)
                0x0000000003803ce4                vex::motor::motor(long)
                0x0000000003803ce4                vex::motor::motor(long)
 .text._ZN3vex5motorC2ElNS_11gearSettingEb
                0x0000000003803d5c       0x34 /Users/fezhou/Library/Application Support/Code/User/globalStorage/vexrobotics.vexcode/sdk/cpp/V5/V5_20220726_10_00_00/vexv5/libv5rt.a(vex_motor.cpp.obj)
                0x0000000003803d5c                vex::motor::motor(long, vex::gearSetting, bool)
                0x0000000003803d5c                vex::motor::motor(long, vex::gearSetting, bool)
 .text._ZN3vex5motor4spinENS_13directionTypeEdNS_12voltageUnitsE
                0x0000000003803d90       0x50 /Users/fezhou/Library/Application Support/Code/User/globalStorage/vexrobotics.vexcode/sdk/cpp/V5/V5_20220726_10_00_00/vexv5/libv5rt.a(vex_motor.cpp.obj)
                0x0000000003803d90                vex::motor::spin(vex::directionType, double, vex::voltageUnits)
 .text._ZN3vex5motor14isSpinningModeEv
                0x0000000003803de0       0x48 /Users/fezhou/Library/Application Support/Code/User/globalStorage/vexrobotics.vexcode/sdk/cpp/V5/V5_20220726_10_00_00/vexv5/libv5rt.a(vex_motor.cpp.obj)
                0x0000000003803de0                vex::motor::isSpinningMode()
 .text._ZN3vex5motor4stopENS_9brakeTypeE
                0x0000000003803e28       0x30 /Users/fezhou/Library/Application Support/Code/User/globalStorage/vexrobotics.vexcode/sdk/cpp/V5/V5_20220726_10_00_00/vexv5/libv5rt.a(vex_motor.cpp.obj)
                0x0000000003803e28                vex::motor::stop(vex::brakeType)
 .text._ZN3vex5motor4stopEv
                0x0000000003803e58        0x8 /Users/fezhou/Library/Application Support/Code/User/globalStorage/vexrobotics.vexcode/sdk/cpp/V5/V5_20220726_10_00_00/vexv5/libv5rt.a(vex_motor.cpp.obj)
                0x0000000003803e58                vex::motor::stop()
 .text._ZN3vex5motor16velocityToScaledEdNS_13velocityUnitsE
                0x0000000003803e60       0x5c /Users/fezhou/Library/Application Support/Code/User/globalStorage/vexrobotics.vexcode/sdk/cpp/V5/V5_20220726_10_00_00/vexv5/libv5rt.a(vex_motor.cpp.obj)
                0x0000000003803e60                vex::motor::velocityToScaled(double, vex::velocityUnits)
 .text._ZN3vex5motor8velocityENS_13velocityUnitsE
                0x0000000003803ebc       0x30 /Users/fezhou/Library/Application Support/Code/User/globalStorage/vexrobotics.vexcode/sdk/cpp/V5/V5_20220726_10_00_00/vexv5/libv5rt.a(vex_motor.cpp.obj)
                0x0000000003803ebc                vex::motor::velocity(vex::velocityUnits)
 .text._ZN3vex5motor5valueEv
                0x0000000003803eec       0x1c /Users/fezhou/Library/Application Support/Code/User/globalStorage/vexrobotics.vexcode/sdk/cpp/V5/V5_20220726_10_00_00/vexv5/libv5rt.a(vex_motor.cpp.obj)
                0x0000000003803eec                vex::motor::value()
 .text._ZN3vex5motor16scaledToVelocityEdNS_13velocityUnitsE
                0x0000000003803f08       0xa4 /Users/fezhou/Library/Application Support/Code/User/globalStorage/vexrobotics.vexcode/sdk/cpp/V5/V5_20220726_10_00_00/vexv5/libv5rt.a(vex_motor.cpp.obj)
                0x0000000003803f08                vex::motor::scaledToVelocity(double, vex::velocityUnits)
 .text._ZN3vex5motor4spinENS_13directionTypeEdNS_13velocityUnitsE
                0x0000000003803fac       0x5c /Users/fezhou/Library/Application Support/Code/User/globalStorage/vexrobotics.vexcode/sdk/cpp/V5/V5_20220726_10_00_00/vexv5/libv5rt.a(vex_motor.cpp.obj)
                0x0000000003803fac                vex::motor::spin(vex::directionType, double, vex::velocityUnits)
 .text._ZN3vex5motor4spinENS_13directionTypeE
                0x0000000003804008       0x28 /Users/fezhou/Library/Application Support/Code/User/globalStorage/vexrobotics.vexcode/sdk/cpp/V5/V5_20220726_10_00_00/vexv5/libv5rt.a(vex_motor.cpp.obj)
                0x0000000003804008                vex::motor::spin(vex::directionType)
 .text._ZN3vex5motor11setVelocityEdNS_13velocityUnitsE
                0x0000000003804030       0x54 /Users/fezhou/Library/Application Support/Code/User/globalStorage/vexrobotics.vexcode/sdk/cpp/V5/V5_20220726_10_00_00/vexv5/libv5rt.a(vex_motor.cpp.obj)
                0x0000000003804030                vex::motor::setVelocity(double, vex::velocityUnits)
 .text._ZN3vex5motor16setRotationUnitsENS_13rotationUnitsE
                0x0000000003804084       0x1c /Users/fezhou/Library/Application Support/Code/User/globalStorage/vexrobotics.vexcode/sdk/cpp/V5/V5_20220726_10_00_00/vexv5/libv5rt.a(vex_motor.cpp.obj)
                0x0000000003804084                vex::motor::setRotationUnits(vex::rotationUnits)
 .text._ZN3vex5motor11setPositionEdNS_13rotationUnitsE
                0x00000000038040a0       0x44 /Users/fezhou/Library/Application Support/Code/User/globalStorage/vexrobotics.vexcode/sdk/cpp/V5/V5_20220726_10_00_00/vexv5/libv5rt.a(vex_motor.cpp.obj)
                0x00000000038040a0                vex::motor::setPosition(double, vex::rotationUnits)
 .text._ZN3vex5motor13resetPositionEv
                0x00000000038040e4       0x20 /Users/fezhou/Library/Application Support/Code/User/globalStorage/vexrobotics.vexcode/sdk/cpp/V5/V5_20220726_10_00_00/vexv5/libv5rt.a(vex_motor.cpp.obj)
                0x00000000038040e4                vex::motor::resetPosition()
 .text._ZN3vex5motor6spinToEdNS_13rotationUnitsEdNS_13velocityUnitsEb
                0x0000000003804104       0xe0 /Users/fezhou/Library/Application Support/Code/User/globalStorage/vexrobotics.vexcode/sdk/cpp/V5/V5_20220726_10_00_00/vexv5/libv5rt.a(vex_motor.cpp.obj)
                0x0000000003804104                vex::motor::spinTo(double, vex::rotationUnits, double, vex::velocityUnits, bool)
 .text._ZN3vex5motor14spinToPositionEdNS_13rotationUnitsEb
                0x00000000038041e4       0x34 /Users/fezhou/Library/Application Support/Code/User/globalStorage/vexrobotics.vexcode/sdk/cpp/V5/V5_20220726_10_00_00/vexv5/libv5rt.a(vex_motor.cpp.obj)
                0x00000000038041e4                vex::motor::spinToPosition(double, vex::rotationUnits, bool)
 .text._ZN3vex5motor8positionENS_13rotationUnitsE
                0x0000000003804218       0x44 /Users/fezhou/Library/Application Support/Code/User/globalStorage/vexrobotics.vexcode/sdk/cpp/V5/V5_20220726_10_00_00/vexv5/libv5rt.a(vex_motor.cpp.obj)
                0x0000000003804218                vex::motor::position(vex::rotationUnits)
 .text._ZN3vex6vision9installedEv
                0x000000000380425c       0x18 /Users/fezhou/Library/Application Support/Code/User/globalStorage/vexrobotics.vexcode/sdk/cpp/V5/V5_20220726_10_00_00/vexv5/libv5rt.a(vex_vision.cpp.obj)
                0x000000000380425c                vex::vision::installed()
 .text._ZN3vex6visionD2Ev
                0x0000000003804274       0x38 /Users/fezhou/Library/Application Support/Code/User/globalStorage/vexrobotics.vexcode/sdk/cpp/V5/V5_20220726_10_00_00/vexv5/libv5rt.a(vex_vision.cpp.obj)
                0x0000000003804274                vex::vision::~vision()
                0x0000000003804274                vex::vision::~vision()
 .text._ZN3vex6visionD0Ev
                0x00000000038042ac       0x1c /Users/fezhou/Library/Application Support/Code/User/globalStorage/vexrobotics.vexcode/sdk/cpp/V5/V5_20220726_10_00_00/vexv5/libv5rt.a(vex_vision.cpp.obj)
                0x00000000038042ac                vex::vision::~vision()
 .text._ZN3vex6vision12setSignatureERNS0_9signatureE
                0x00000000038042c8       0x70 /Users/fezhou/Library/Application Support/Code/User/globalStorage/vexrobotics.vexcode/sdk/cpp/V5/V5_20220726_10_00_00/vexv5/libv5rt.a(vex_vision.cpp.obj)
                0x00000000038042c8                vex::vision::setSignature(vex::vision::signature&)
 .text._ZN3vex6vision7setModeENS0_13detectionModeE
                0x0000000003804338       0x18 /Users/fezhou/Library/Application Support/Code/User/globalStorage/vexrobotics.vexcode/sdk/cpp/V5/V5_20220726_10_00_00/vexv5/libv5rt.a(vex_vision.cpp.obj)
                0x0000000003804338                vex::vision::setMode(vex::vision::detectionMode)
 .text._ZN3vex6vision13setBrightnessEh
                0x0000000003804350       0x30 /Users/fezhou/Library/Application Support/Code/User/globalStorage/vexrobotics.vexcode/sdk/cpp/V5/V5_20220726_10_00_00/vexv5/libv5rt.a(vex_vision.cpp.obj)
                0x0000000003804350                vex::vision::setBrightness(unsigned char)
 .text._ZN3vex6vision10setLedModeENS0_7ledModeE
                0x0000000003804380       0x18 /Users/fezhou/Library/Application Support/Code/User/globalStorage/vexrobotics.vexcode/sdk/cpp/V5/V5_20220726_10_00_00/vexv5/libv5rt.a(vex_vision.cpp.obj)
                0x0000000003804380                vex::vision::setLedMode(vex::vision::ledMode)
 .text._ZN3vex6vision11setLedColorEhhh
                0x0000000003804398       0x30 /Users/fezhou/Library/Application Support/Code/User/globalStorage/vexrobotics.vexcode/sdk/cpp/V5/V5_20220726_10_00_00/vexv5/libv5rt.a(vex_vision.cpp.obj)
                0x0000000003804398                vex::vision::setLedColor(unsigned char, unsigned char, unsigned char)
 .text._ZN3vex6vision9signatureD2Ev
                0x00000000038043c8        0x4 /Users/fezhou/Library/Application Support/Code/User/globalStorage/vexrobotics.vexcode/sdk/cpp/V5/V5_20220726_10_00_00/vexv5/libv5rt.a(vex_vision.cpp.obj)
                0x00000000038043c8                vex::vision::signature::~signature()
                0x00000000038043c8                vex::vision::signature::~signature()
 .text._ZN3vex6vision9signature5clearEv
                0x00000000038043cc       0x38 /Users/fezhou/Library/Application Support/Code/User/globalStorage/vexrobotics.vexcode/sdk/cpp/V5/V5_20220726_10_00_00/vexv5/libv5rt.a(vex_vision.cpp.obj)
                0x00000000038043cc                vex::vision::signature::clear()
 .text._ZN3vex6vision9signatureC2Ev
                0x0000000003804404       0x60 /Users/fezhou/Library/Application Support/Code/User/globalStorage/vexrobotics.vexcode/sdk/cpp/V5/V5_20220726_10_00_00/vexv5/libv5rt.a(vex_vision.cpp.obj)
                0x0000000003804404                vex::vision::signature::signature()
                0x0000000003804404                vex::vision::signature::signature()
 .text._ZN3vex6vision9signatureC2Elllllllfl
                0x0000000003804464       0x5c /Users/fezhou/Library/Application Support/Code/User/globalStorage/vexrobotics.vexcode/sdk/cpp/V5/V5_20220726_10_00_00/vexv5/libv5rt.a(vex_vision.cpp.obj)
                0x0000000003804464                vex::vision::signature::signature(long, long, long, long, long, long, long, float, long)
                0x0000000003804464                vex::vision::signature::signature(long, long, long, long, long, long, long, float, long)
 .text._ZN3vex6vision6object3setE22_V5_DeviceVisionObject
                0x00000000038044c0       0x78 /Users/fezhou/Library/Application Support/Code/User/globalStorage/vexrobotics.vexcode/sdk/cpp/V5/V5_20220726_10_00_00/vexv5/libv5rt.a(vex_vision.cpp.obj)
                0x00000000038044c0                vex::vision::object::set(_V5_DeviceVisionObject)
 .text._ZN3vex6vision6object5clearEv
                0x0000000003804538       0x38 /Users/fezhou/Library/Application Support/Code/User/globalStorage/vexrobotics.vexcode/sdk/cpp/V5/V5_20220726_10_00_00/vexv5/libv5rt.a(vex_vision.cpp.obj)
                0x0000000003804538                vex::vision::object::clear()
 .text._ZN3vex6vision6objectC2Ev
                0x0000000003804570       0x58 /Users/fezhou/Library/Application Support/Code/User/globalStorage/vexrobotics.vexcode/sdk/cpp/V5/V5_20220726_10_00_00/vexv5/libv5rt.a(vex_vision.cpp.obj)
                0x0000000003804570                vex::vision::object::object()
                0x0000000003804570                vex::vision::object::object()
 .text._ZN3vex6vision13_clearObjectsEv
                0x00000000038045c8       0x40 /Users/fezhou/Library/Application Support/Code/User/globalStorage/vexrobotics.vexcode/sdk/cpp/V5/V5_20220726_10_00_00/vexv5/libv5rt.a(vex_vision.cpp.obj)
                0x00000000038045c8                vex::vision::_clearObjects()
 .text._ZN3vex6vision6objectaSERKS1_
                0x0000000003804608       0x74 /Users/fezhou/Library/Application Support/Code/User/globalStorage/vexrobotics.vexcode/sdk/cpp/V5/V5_20220726_10_00_00/vexv5/libv5rt.a(vex_vision.cpp.obj)
                0x0000000003804608                vex::vision::object::operator=(vex::vision::object const&)
 .text._ZN3vex6vision12takeSnapshotEmm
                0x000000000380467c       0xf4 /Users/fezhou/Library/Application Support/Code/User/globalStorage/vexrobotics.vexcode/sdk/cpp/V5/V5_20220726_10_00_00/vexv5/libv5rt.a(vex_vision.cpp.obj)
                0x000000000380467c                vex::vision::takeSnapshot(unsigned long, unsigned long)
 .text._ZN3vex6vision12takeSnapshotEm
                0x0000000003804770        0x8 /Users/fezhou/Library/Application Support/Code/User/globalStorage/vexrobotics.vexcode/sdk/cpp/V5/V5_20220726_10_00_00/vexv5/libv5rt.a(vex_vision.cpp.obj)
                0x0000000003804770                vex::vision::takeSnapshot(unsigned long)
 .text._ZN3vex6vision5valueEv
                0x0000000003804778        0x8 /Users/fezhou/Library/Application Support/Code/User/globalStorage/vexrobotics.vexcode/sdk/cpp/V5/V5_20220726_10_00_00/vexv5/libv5rt.a(vex_vision.cpp.obj)
                0x0000000003804778                vex::vision::value()
 .text._ZN3vex6vision6objectaSEl
                0x0000000003804780       0x38 /Users/fezhou/Library/Application Support/Code/User/globalStorage/vexrobotics.vexcode/sdk/cpp/V5/V5_20220726_10_00_00/vexv5/libv5rt.a(vex_vision.cpp.obj)
                0x0000000003804780                vex::vision::object::operator=(long)
 .text._ZN3vex6visionC2El
                0x00000000038047b8       0xa4 /Users/fezhou/Library/Application Support/Code/User/globalStorage/vexrobotics.vexcode/sdk/cpp/V5/V5_20220726_10_00_00/vexv5/libv5rt.a(vex_vision.cpp.obj)
                0x00000000038047b8                vex::vision::vision(long)
                0x00000000038047b8                vex::vision::vision(long)
 .text._ZN3vex8inertial11getTurnTypeEv
                0x000000000380485c        0x8 /Users/fezhou/Library/Application Support/Code/User/globalStorage/vexrobotics.vexcode/sdk/cpp/V5/V5_20220726_10_00_00/vexv5/libv5rt.a(vex_imu.cpp.obj)
                0x000000000380485c                vex::inertial::getTurnType()
 .text._ZThn16_N3vex8inertial11getTurnTypeEv
                0x0000000003804864        0x8 /Users/fezhou/Library/Application Support/Code/User/globalStorage/vexrobotics.vexcode/sdk/cpp/V5/V5_20220726_10_00_00/vexv5/libv5rt.a(vex_imu.cpp.obj)
                0x0000000003804864                non-virtual thunk to vex::inertial::getTurnType()
 *fill*         0x000000000380486c        0x4 
 .text._ZN3vex8inertial10setHeadingEdNS_13rotationUnitsE
                0x0000000003804870       0x58 /Users/fezhou/Library/Application Support/Code/User/globalStorage/vexrobotics.vexcode/sdk/cpp/V5/V5_20220726_10_00_00/vexv5/libv5rt.a(vex_imu.cpp.obj)
                0x0000000003804870                vex::inertial::setHeading(double, vex::rotationUnits)
 .text._ZThn16_N3vex8inertial10setHeadingEdNS_13rotationUnitsE
                0x00000000038048c8        0x8 /Users/fezhou/Library/Application Support/Code/User/globalStorage/vexrobotics.vexcode/sdk/cpp/V5/V5_20220726_10_00_00/vexv5/libv5rt.a(vex_imu.cpp.obj)
                0x00000000038048c8                non-virtual thunk to vex::inertial::setHeading(double, vex::rotationUnits)
 .text._ZN3vex8inertial11setRotationEdNS_13rotationUnitsE
                0x00000000038048d0       0x58 /Users/fezhou/Library/Application Support/Code/User/globalStorage/vexrobotics.vexcode/sdk/cpp/V5/V5_20220726_10_00_00/vexv5/libv5rt.a(vex_imu.cpp.obj)
                0x00000000038048d0                vex::inertial::setRotation(double, vex::rotationUnits)
 .text._ZThn16_N3vex8inertial11setRotationEdNS_13rotationUnitsE
                0x0000000003804928        0x8 /Users/fezhou/Library/Application Support/Code/User/globalStorage/vexrobotics.vexcode/sdk/cpp/V5/V5_20220726_10_00_00/vexv5/libv5rt.a(vex_imu.cpp.obj)
                0x0000000003804928                non-virtual thunk to vex::inertial::setRotation(double, vex::rotationUnits)
 .text._ZN3vex8inertialD2Ev
                0x0000000003804930       0x20 /Users/fezhou/Library/Application Support/Code/User/globalStorage/vexrobotics.vexcode/sdk/cpp/V5/V5_20220726_10_00_00/vexv5/libv5rt.a(vex_imu.cpp.obj)
                0x0000000003804930                vex::inertial::~inertial()
                0x0000000003804930                vex::inertial::~inertial()
 .text._ZThn16_N3vex8inertialD1Ev
                0x0000000003804950        0x8 /Users/fezhou/Library/Application Support/Code/User/globalStorage/vexrobotics.vexcode/sdk/cpp/V5/V5_20220726_10_00_00/vexv5/libv5rt.a(vex_imu.cpp.obj)
                0x0000000003804950                non-virtual thunk to vex::inertial::~inertial()
 .text._ZN3vex8inertialD0Ev
                0x0000000003804958       0x1c /Users/fezhou/Library/Application Support/Code/User/globalStorage/vexrobotics.vexcode/sdk/cpp/V5/V5_20220726_10_00_00/vexv5/libv5rt.a(vex_imu.cpp.obj)
                0x0000000003804958                vex::inertial::~inertial()
 .text._ZThn16_N3vex8inertialD0Ev
                0x0000000003804974        0x8 /Users/fezhou/Library/Application Support/Code/User/globalStorage/vexrobotics.vexcode/sdk/cpp/V5/V5_20220726_10_00_00/vexv5/libv5rt.a(vex_imu.cpp.obj)
                0x0000000003804974                non-virtual thunk to vex::inertial::~inertial()
 .text._ZN3vex8inertial9installedEv
                0x000000000380497c       0x18 /Users/fezhou/Library/Application Support/Code/User/globalStorage/vexrobotics.vexcode/sdk/cpp/V5/V5_20220726_10_00_00/vexv5/libv5rt.a(vex_imu.cpp.obj)
                0x000000000380497c                vex::inertial::installed()
 .text._ZN3vex8inertial5angleENS_13rotationUnitsE
                0x0000000003804994       0x6c /Users/fezhou/Library/Application Support/Code/User/globalStorage/vexrobotics.vexcode/sdk/cpp/V5/V5_20220726_10_00_00/vexv5/libv5rt.a(vex_imu.cpp.obj)
                0x0000000003804994                vex::inertial::angle(vex::rotationUnits)
 .text._ZThn16_N3vex8inertial5angleENS_13rotationUnitsE
                0x0000000003804a00        0x8 /Users/fezhou/Library/Application Support/Code/User/globalStorage/vexrobotics.vexcode/sdk/cpp/V5/V5_20220726_10_00_00/vexv5/libv5rt.a(vex_imu.cpp.obj)
                0x0000000003804a00                non-virtual thunk to vex::inertial::angle(vex::rotationUnits)
 .text._ZN3vex8inertial7headingENS_13rotationUnitsE
                0x0000000003804a08        0x4 /Users/fezhou/Library/Application Support/Code/User/globalStorage/vexrobotics.vexcode/sdk/cpp/V5/V5_20220726_10_00_00/vexv5/libv5rt.a(vex_imu.cpp.obj)
                0x0000000003804a08                vex::inertial::heading(vex::rotationUnits)
 .text._ZThn16_N3vex8inertial7headingENS_13rotationUnitsE
                0x0000000003804a0c        0x8 /Users/fezhou/Library/Application Support/Code/User/globalStorage/vexrobotics.vexcode/sdk/cpp/V5/V5_20220726_10_00_00/vexv5/libv5rt.a(vex_imu.cpp.obj)
                0x0000000003804a0c                non-virtual thunk to vex::inertial::heading(vex::rotationUnits)
 .text._ZN3vex8inertial5valueEv
                0x0000000003804a14       0x1c /Users/fezhou/Library/Application Support/Code/User/globalStorage/vexrobotics.vexcode/sdk/cpp/V5/V5_20220726_10_00_00/vexv5/libv5rt.a(vex_imu.cpp.obj)
                0x0000000003804a14                vex::inertial::value()
 .text._ZN3vex8inertial8rotationENS_13rotationUnitsE
                0x0000000003804a30       0x48 /Users/fezhou/Library/Application Support/Code/User/globalStorage/vexrobotics.vexcode/sdk/cpp/V5/V5_20220726_10_00_00/vexv5/libv5rt.a(vex_imu.cpp.obj)
                0x0000000003804a30                vex::inertial::rotation(vex::rotationUnits)
 .text._ZThn16_N3vex8inertial8rotationENS_13rotationUnitsE
                0x0000000003804a78        0x8 /Users/fezhou/Library/Application Support/Code/User/globalStorage/vexrobotics.vexcode/sdk/cpp/V5/V5_20220726_10_00_00/vexv5/libv5rt.a(vex_imu.cpp.obj)
                0x0000000003804a78                non-virtual thunk to vex::inertial::rotation(vex::rotationUnits)
 .text._ZN3vex8inertial13isCalibratingEv
                0x0000000003804a80       0x38 /Users/fezhou/Library/Application Support/Code/User/globalStorage/vexrobotics.vexcode/sdk/cpp/V5/V5_20220726_10_00_00/vexv5/libv5rt.a(vex_imu.cpp.obj)
                0x0000000003804a80                vex::inertial::isCalibrating()
 .text._ZThn16_N3vex8inertial13isCalibratingEv
                0x0000000003804ab8        0x8 /Users/fezhou/Library/Application Support/Code/User/globalStorage/vexrobotics.vexcode/sdk/cpp/V5/V5_20220726_10_00_00/vexv5/libv5rt.a(vex_imu.cpp.obj)
                0x0000000003804ab8                non-virtual thunk to vex::inertial::isCalibrating()
 .text._ZN3vex8inertialC2ElNS_8turnTypeE
                0x0000000003804ac0       0x4c /Users/fezhou/Library/Application Support/Code/User/globalStorage/vexrobotics.vexcode/sdk/cpp/V5/V5_20220726_10_00_00/vexv5/libv5rt.a(vex_imu.cpp.obj)
                0x0000000003804ac0                vex::inertial::inertial(long, vex::turnType)
                0x0000000003804ac0                vex::inertial::inertial(long, vex::turnType)
 *fill*         0x0000000003804b0c        0x4 
 .text._ZN3vex8inertial5pitchENS_13rotationUnitsE
                0x0000000003804b10       0x40 /Users/fezhou/Library/Application Support/Code/User/globalStorage/vexrobotics.vexcode/sdk/cpp/V5/V5_20220726_10_00_00/vexv5/libv5rt.a(vex_imu.cpp.obj)
                0x0000000003804b10                vex::inertial::pitch(vex::rotationUnits)
 .text._ZN3vex8inertial13resetRotationEv
                0x0000000003804b50       0x20 /Users/fezhou/Library/Application Support/Code/User/globalStorage/vexrobotics.vexcode/sdk/cpp/V5/V5_20220726_10_00_00/vexv5/libv5rt.a(vex_imu.cpp.obj)
                0x0000000003804b50                vex::inertial::resetRotation()
 .text._ZN3vex8inertial16startCalibrationEl
                0x0000000003804b70       0x20 /Users/fezhou/Library/Application Support/Code/User/globalStorage/vexrobotics.vexcode/sdk/cpp/V5/V5_20220726_10_00_00/vexv5/libv5rt.a(vex_imu.cpp.obj)
                0x0000000003804b70                vex::inertial::startCalibration(long)
 .text._ZN3vex8inertial9calibrateEl
                0x0000000003804b90        0xc /Users/fezhou/Library/Application Support/Code/User/globalStorage/vexrobotics.vexcode/sdk/cpp/V5/V5_20220726_10_00_00/vexv5/libv5rt.a(vex_imu.cpp.obj)
                0x0000000003804b90                vex::inertial::calibrate(long)
                0x0000000003804b94                non-virtual thunk to vex::inertial::calibrate(long)
 .text._ZN3vex10controllerD2Ev
                0x0000000003804b9c        0x4 /Users/fezhou/Library/Application Support/Code/User/globalStorage/vexrobotics.vexcode/sdk/cpp/V5/V5_20220726_10_00_00/vexv5/libv5rt.a(vex_controller.cpp.obj)
                0x0000000003804b9c                vex::controller::~controller()
                0x0000000003804b9c                vex::controller::~controller()
 .text._ZN3vex10controller5valueE19_V5_ControllerIndex
                0x0000000003804ba0        0x8 /Users/fezhou/Library/Application Support/Code/User/globalStorage/vexrobotics.vexcode/sdk/cpp/V5/V5_20220726_10_00_00/vexv5/libv5rt.a(vex_controller.cpp.obj)
                0x0000000003804ba0                vex::controller::value(_V5_ControllerIndex)
 .text._ZNK3vex10controller6button8pressingEv
                0x0000000003804ba8       0xc8 /Users/fezhou/Library/Application Support/Code/User/globalStorage/vexrobotics.vexcode/sdk/cpp/V5/V5_20220726_10_00_00/vexv5/libv5rt.a(vex_controller.cpp.obj)
                0x0000000003804ba8                vex::controller::button::pressing() const
 .text._ZNK3vex10controller6button21_buttonToPressedEventEv
                0x0000000003804c70       0x20 /Users/fezhou/Library/Application Support/Code/User/globalStorage/vexrobotics.vexcode/sdk/cpp/V5/V5_20220726_10_00_00/vexv5/libv5rt.a(vex_controller.cpp.obj)
                0x0000000003804c70                vex::controller::button::_buttonToPressedEvent() const
 .text._ZNK3vex10controller6button22_buttonToReleasedEventEv
                0x0000000003804c90       0x20 /Users/fezhou/Library/Application Support/Code/User/globalStorage/vexrobotics.vexcode/sdk/cpp/V5/V5_20220726_10_00_00/vexv5/libv5rt.a(vex_controller.cpp.obj)
                0x0000000003804c90                vex::controller::button::_buttonToReleasedEvent() const
 .text._ZN3vex10controller6buttonC2ENS0_11tButtonTypeEPS0_
                0x0000000003804cb0       0x48 /Users/fezhou/Library/Application Support/Code/User/globalStorage/vexrobotics.vexcode/sdk/cpp/V5/V5_20220726_10_00_00/vexv5/libv5rt.a(vex_controller.cpp.obj)
                0x0000000003804cb0                vex::controller::button::button(vex::controller::tButtonType, vex::controller*)
                0x0000000003804cb0                vex::controller::button::button(vex::controller::tButtonType, vex::controller*)
 .text._ZNK3vex10controller4axis5valueEv
                0x0000000003804cf8       0x58 /Users/fezhou/Library/Application Support/Code/User/globalStorage/vexrobotics.vexcode/sdk/cpp/V5/V5_20220726_10_00_00/vexv5/libv5rt.a(vex_controller.cpp.obj)
                0x0000000003804cf8                vex::controller::axis::value() const
 .text._ZNK3vex10controller4axis23_joystickToChangedEventEv
                0x0000000003804d50       0x20 /Users/fezhou/Library/Application Support/Code/User/globalStorage/vexrobotics.vexcode/sdk/cpp/V5/V5_20220726_10_00_00/vexv5/libv5rt.a(vex_controller.cpp.obj)
                0x0000000003804d50                vex::controller::axis::_joystickToChangedEvent() const
 .text._ZN3vex10controller4axisC2ENS0_9tAxisTypeEPS0_
                0x0000000003804d70       0x2c /Users/fezhou/Library/Application Support/Code/User/globalStorage/vexrobotics.vexcode/sdk/cpp/V5/V5_20220726_10_00_00/vexv5/libv5rt.a(vex_controller.cpp.obj)
                0x0000000003804d70                vex::controller::axis::axis(vex::controller::tAxisType, vex::controller*)
                0x0000000003804d70                vex::controller::axis::axis(vex::controller::tAxisType, vex::controller*)
 .text._ZN3vex10controllerC2ENS_14controllerTypeE
                0x0000000003804d9c      0x16c /Users/fezhou/Library/Application Support/Code/User/globalStorage/vexrobotics.vexcode/sdk/cpp/V5/V5_20220726_10_00_00/vexv5/libv5rt.a(vex_controller.cpp.obj)
                0x0000000003804d9c                vex::controller::controller(vex::controllerType)
                0x0000000003804d9c                vex::controller::controller(vex::controllerType)
 .text._ZN3vex6threadC2EPFivE
                0x0000000003804f08       0x5c /Users/fezhou/Library/Application Support/Code/User/globalStorage/vexrobotics.vexcode/sdk/cpp/V5/V5_20220726_10_00_00/vexv5/libv5rt.a(vex_thread.cpp.obj)
                0x0000000003804f08                vex::thread::thread(int (*)())
                0x0000000003804f08                vex::thread::thread(int (*)())
 .text._ZN3vex11this_thread9sleep_forEm
                0x0000000003804f64        0x4 /Users/fezhou/Library/Application Support/Code/User/globalStorage/vexrobotics.vexcode/sdk/cpp/V5/V5_20220726_10_00_00/vexv5/libv5rt.a(vex_thread.cpp.obj)
                0x0000000003804f64                vex::this_thread::sleep_for(unsigned long)
 .text._ZN3vex5event4initEmmPFvvE
                0x0000000003804f68        0x4 /Users/fezhou/Library/Application Support/Code/User/globalStorage/vexrobotics.vexcode/sdk/cpp/V5/V5_20220726_10_00_00/vexv5/libv5rt.a(vex_event.cpp.obj)
                0x0000000003804f68                vex::event::init(unsigned long, unsigned long, void (*)())
 .text._ZN3vex5event4initEmmPFvPvES1_
                0x0000000003804f6c        0x4 /Users/fezhou/Library/Application Support/Code/User/globalStorage/vexrobotics.vexcode/sdk/cpp/V5/V5_20220726_10_00_00/vexv5/libv5rt.a(vex_event.cpp.obj)
                0x0000000003804f6c                vex::event::init(unsigned long, unsigned long, void (*)(void*), void*)
 .text._ZN3vex5event9userindexEv
                0x0000000003804f70        0x4 /Users/fezhou/Library/Application Support/Code/User/globalStorage/vexrobotics.vexcode/sdk/cpp/V5/V5_20220726_10_00_00/vexv5/libv5rt.a(vex_event.cpp.obj)
                0x0000000003804f70                vex::event::userindex()
 .text._ZZN3vex6meventC4EmmENUlvE_4_FUNEv
                0x0000000003804f74        0x4 /Users/fezhou/Library/Application Support/Code/User/globalStorage/vexrobotics.vexcode/sdk/cpp/V5/V5_20220726_10_00_00/vexv5/libv5rt.a(vex_mevent.cpp.obj)
 .text._ZN3vex6meventC2Emm
                0x0000000003804f78       0x70 /Users/fezhou/Library/Application Support/Code/User/globalStorage/vexrobotics.vexcode/sdk/cpp/V5/V5_20220726_10_00_00/vexv5/libv5rt.a(vex_mevent.cpp.obj)
                0x0000000003804f78                vex::mevent::mevent(unsigned long, unsigned long)
                0x0000000003804f78                vex::mevent::mevent(unsigned long, unsigned long)
 .text._ZNK3vex6meventcviEv
                0x0000000003804fe8       0x4c /Users/fezhou/Library/Application Support/Code/User/globalStorage/vexrobotics.vexcode/sdk/cpp/V5/V5_20220726_10_00_00/vexv5/libv5rt.a(vex_mevent.cpp.obj)
                0x0000000003804fe8                vex::mevent::operator int() const
 .text._ZN3vex5brain9_getIndexEv
                0x0000000003805034       0x10 /Users/fezhou/Library/Application Support/Code/User/globalStorage/vexrobotics.vexcode/sdk/cpp/V5/V5_20220726_10_00_00/vexv5/libv5rt.a(vex_brain.cpp.obj)
                0x0000000003805034                vex::brain::_getIndex()
 .text._ZN3vex5brain3lcd9setCursorEll
                0x0000000003805044       0x44 /Users/fezhou/Library/Application Support/Code/User/globalStorage/vexrobotics.vexcode/sdk/cpp/V5/V5_20220726_10_00_00/vexv5/libv5rt.a(vex_brain.cpp.obj)
                0x0000000003805044                vex::brain::lcd::setCursor(long, long)
 .text._ZN3vex5brain3lcd7setFontENS_8fontTypeE
                0x0000000003805088      0x23c /Users/fezhou/Library/Application Support/Code/User/globalStorage/vexrobotics.vexcode/sdk/cpp/V5/V5_20220726_10_00_00/vexv5/libv5rt.a(vex_brain.cpp.obj)
                0x0000000003805088                vex::brain::lcd::setFont(vex::fontType)
 .text._ZN3vex5brain3lcdC2Ev
                0x00000000038052c4       0x94 /Users/fezhou/Library/Application Support/Code/User/globalStorage/vexrobotics.vexcode/sdk/cpp/V5/V5_20220726_10_00_00/vexv5/libv5rt.a(vex_brain.cpp.obj)
                0x00000000038052c4                vex::brain::lcd::lcd()
                0x00000000038052c4                vex::brain::lcd::lcd()
 .text._ZN3vex5brainC2Ev
                0x0000000003805358       0x3c /Users/fezhou/Library/Application Support/Code/User/globalStorage/vexrobotics.vexcode/sdk/cpp/V5/V5_20220726_10_00_00/vexv5/libv5rt.a(vex_brain.cpp.obj)
                0x0000000003805358                vex::brain::brain()
                0x0000000003805358                vex::brain::brain()
 .text._ZN3vex5brain3lcd10rowToPixelEl
                0x0000000003805394       0x34 /Users/fezhou/Library/Application Support/Code/User/globalStorage/vexrobotics.vexcode/sdk/cpp/V5/V5_20220726_10_00_00/vexv5/libv5rt.a(vex_brain.cpp.obj)
                0x0000000003805394                vex::brain::lcd::rowToPixel(long)
 .text._ZN3vex5brain3lcd5printEPKcz
                0x00000000038053c8       0xb8 /Users/fezhou/Library/Application Support/Code/User/globalStorage/vexrobotics.vexcode/sdk/cpp/V5/V5_20220726_10_00_00/vexv5/libv5rt.a(vex_brain.cpp.obj)
                0x00000000038053c8                vex::brain::lcd::print(char const*, ...)
 .text._ZN3vex5brainD2Ev
                0x0000000003805480       0x20 /Users/fezhou/Library/Application Support/Code/User/globalStorage/vexrobotics.vexcode/sdk/cpp/V5/V5_20220726_10_00_00/vexv5/libv5rt.a(vex_brain.cpp.obj)
                0x0000000003805480                vex::brain::~brain()
                0x0000000003805480                vex::brain::~brain()
 .text._ZN3vex11competition8_disableEPv
                0x00000000038054a0       0xa4 /Users/fezhou/Library/Application Support/Code/User/globalStorage/vexrobotics.vexcode/sdk/cpp/V5/V5_20220726_10_00_00/vexv5/libv5rt.a(vex_competition.cpp.obj)
                0x00000000038054a0                vex::competition::_disable(void*)
 .text._ZN3vex11competition11_autonomousEv
                0x0000000003805544       0x80 /Users/fezhou/Library/Application Support/Code/User/globalStorage/vexrobotics.vexcode/sdk/cpp/V5/V5_20220726_10_00_00/vexv5/libv5rt.a(vex_competition.cpp.obj)
                0x0000000003805544                vex::competition::_autonomous()
 .text._ZN3vex11competition14_drivercontrolEv
                0x00000000038055c4       0x80 /Users/fezhou/Library/Application Support/Code/User/globalStorage/vexrobotics.vexcode/sdk/cpp/V5/V5_20220726_10_00_00/vexv5/libv5rt.a(vex_competition.cpp.obj)
                0x00000000038055c4                vex::competition::_drivercontrol()
 .text._ZN3vex11competitionC2Ev
                0x0000000003805644      0x13c /Users/fezhou/Library/Application Support/Code/User/globalStorage/vexrobotics.vexcode/sdk/cpp/V5/V5_20220726_10_00_00/vexv5/libv5rt.a(vex_competition.cpp.obj)
                0x0000000003805644                vex::competition::competition()
                0x0000000003805644                vex::competition::competition()
 .text._ZN3vex11competitionD2Ev
                0x0000000003805780        0x4 /Users/fezhou/Library/Application Support/Code/User/globalStorage/vexrobotics.vexcode/sdk/cpp/V5/V5_20220726_10_00_00/vexv5/libv5rt.a(vex_competition.cpp.obj)
                0x0000000003805780                vex::competition::~competition()
                0x0000000003805780                vex::competition::~competition()
 .text._ZN3vex11competition10autonomousEPFvvE
                0x0000000003805784       0x44 /Users/fezhou/Library/Application Support/Code/User/globalStorage/vexrobotics.vexcode/sdk/cpp/V5/V5_20220726_10_00_00/vexv5/libv5rt.a(vex_competition.cpp.obj)
                0x0000000003805784                vex::competition::autonomous(void (*)())
 .text._ZN3vex11competition13drivercontrolEPFvvE
                0x00000000038057c8       0x44 /Users/fezhou/Library/Application Support/Code/User/globalStorage/vexrobotics.vexcode/sdk/cpp/V5/V5_20220726_10_00_00/vexv5/libv5rt.a(vex_competition.cpp.obj)
                0x00000000038057c8                vex::competition::drivercontrol(void (*)())
 .text._ZN3vex7triportD2Ev
                0x000000000380580c       0x38 /Users/fezhou/Library/Application Support/Code/User/globalStorage/vexrobotics.vexcode/sdk/cpp/V5/V5_20220726_10_00_00/vexv5/libv5rt.a(vex_triport.cpp.obj)
                0x000000000380580c                vex::triport::~triport()
                0x000000000380580c                vex::triport::~triport()
 .text._ZN3vex7triportD0Ev
                0x0000000003805844       0x1c /Users/fezhou/Library/Application Support/Code/User/globalStorage/vexrobotics.vexcode/sdk/cpp/V5/V5_20220726_10_00_00/vexv5/libv5rt.a(vex_triport.cpp.obj)
                0x0000000003805844                vex::triport::~triport()
 .text._ZN3vex7triport9installedEv
                0x0000000003805860       0x18 /Users/fezhou/Library/Application Support/Code/User/globalStorage/vexrobotics.vexcode/sdk/cpp/V5/V5_20220726_10_00_00/vexv5/libv5rt.a(vex_triport.cpp.obj)
                0x0000000003805860                vex::triport::installed()
 .text._ZN3vex7triport4portC2ElPS0_
                0x0000000003805878       0x74 /Users/fezhou/Library/Application Support/Code/User/globalStorage/vexrobotics.vexcode/sdk/cpp/V5/V5_20220726_10_00_00/vexv5/libv5rt.a(vex_triport.cpp.obj)
                0x0000000003805878                vex::triport::port::port(long, vex::triport*)
                0x0000000003805878                vex::triport::port::port(long, vex::triport*)
 .text._ZN3vex7triportC2El
                0x00000000038058ec       0xf0 /Users/fezhou/Library/Application Support/Code/User/globalStorage/vexrobotics.vexcode/sdk/cpp/V5/V5_20220726_10_00_00/vexv5/libv5rt.a(vex_triport.cpp.obj)
                0x00000000038058ec                vex::triport::triport(long)
                0x00000000038058ec                vex::triport::triport(long)
 .text._ZN3vex7triport4port4typeENS_11triportTypeE
                0x00000000038059dc       0x30 /Users/fezhou/Library/Application Support/Code/User/globalStorage/vexrobotics.vexcode/sdk/cpp/V5/V5_20220726_10_00_00/vexv5/libv5rt.a(vex_triport.cpp.obj)
                0x00000000038059dc                vex::triport::port::type(vex::triportType)
 .text._ZN3vex7triport4port4typeEv
                0x0000000003805a0c       0x38 /Users/fezhou/Library/Application Support/Code/User/globalStorage/vexrobotics.vexcode/sdk/cpp/V5/V5_20220726_10_00_00/vexv5/libv5rt.a(vex_triport.cpp.obj)
                0x0000000003805a0c                vex::triport::port::type()
 .text._ZN3vex7triport4port5valueEl
                0x0000000003805a44       0x18 /Users/fezhou/Library/Application Support/Code/User/globalStorage/vexrobotics.vexcode/sdk/cpp/V5/V5_20220726_10_00_00/vexv5/libv5rt.a(vex_triport.cpp.obj)
                0x0000000003805a44                vex::triport::port::value(long)
 .text._ZN3vex11__trideviceC2ERNS_7triport4portENS_11triportTypeE
                0x0000000003805a5c       0x5c /Users/fezhou/Library/Application Support/Code/User/globalStorage/vexrobotics.vexcode/sdk/cpp/V5/V5_20220726_10_00_00/vexv5/libv5rt.a(vex_triport.cpp.obj)
                0x0000000003805a5c                vex::__tridevice::__tridevice(vex::triport::port&, vex::triportType)
                0x0000000003805a5c                vex::__tridevice::__tridevice(vex::triport::port&, vex::triportType)
 .text._ZN3vex5limitC2ERNS_7triport4portE
                0x0000000003805ab8       0x28 /Users/fezhou/Library/Application Support/Code/User/globalStorage/vexrobotics.vexcode/sdk/cpp/V5/V5_20220726_10_00_00/vexv5/libv5rt.a(vex_triport.cpp.obj)
                0x0000000003805ab8                vex::limit::limit(vex::triport::port&)
                0x0000000003805ab8                vex::limit::limit(vex::triport::port&)
 .text._ZN3vex5limitD2Ev
                0x0000000003805ae0        0x4 /Users/fezhou/Library/Application Support/Code/User/globalStorage/vexrobotics.vexcode/sdk/cpp/V5/V5_20220726_10_00_00/vexv5/libv5rt.a(vex_triport.cpp.obj)
                0x0000000003805ae0                vex::limit::~limit()
                0x0000000003805ae0                vex::limit::~limit()
 .text._ZN3vex11digital_outC2ERNS_7triport4portE
                0x0000000003805ae4       0x18 /Users/fezhou/Library/Application Support/Code/User/globalStorage/vexrobotics.vexcode/sdk/cpp/V5/V5_20220726_10_00_00/vexv5/libv5rt.a(vex_triport.cpp.obj)
                0x0000000003805ae4                vex::digital_out::digital_out(vex::triport::port&)
                0x0000000003805ae4                vex::digital_out::digital_out(vex::triport::port&)
 .text._ZN3vex11digital_out3setEb
                0x0000000003805afc        0x8 /Users/fezhou/Library/Application Support/Code/User/globalStorage/vexrobotics.vexcode/sdk/cpp/V5/V5_20220726_10_00_00/vexv5/libv5rt.a(vex_triport.cpp.obj)
                0x0000000003805afc                vex::digital_out::set(bool)
 .text._ZN3vex3ledC2ERNS_7triport4portE
                0x0000000003805b04       0x14 /Users/fezhou/Library/Application Support/Code/User/globalStorage/vexrobotics.vexcode/sdk/cpp/V5/V5_20220726_10_00_00/vexv5/libv5rt.a(vex_triport.cpp.obj)
                0x0000000003805b04                vex::led::led(vex::triport::port&)
                0x0000000003805b04                vex::led::led(vex::triport::port&)
 .text._ZN3vex3ledD2Ev
                0x0000000003805b18        0x4 /Users/fezhou/Library/Application Support/Code/User/globalStorage/vexrobotics.vexcode/sdk/cpp/V5/V5_20220726_10_00_00/vexv5/libv5rt.a(vex_triport.cpp.obj)
                0x0000000003805b18                vex::led::~led()
                0x0000000003805b18                vex::led::~led()
 .text._ZN3vex3led2onEv
                0x0000000003805b1c        0x8 /Users/fezhou/Library/Application Support/Code/User/globalStorage/vexrobotics.vexcode/sdk/cpp/V5/V5_20220726_10_00_00/vexv5/libv5rt.a(vex_triport.cpp.obj)
                0x0000000003805b1c                vex::led::on()
 .text._ZN3vex3led3offEv
                0x0000000003805b24        0x8 /Users/fezhou/Library/Application Support/Code/User/globalStorage/vexrobotics.vexcode/sdk/cpp/V5/V5_20220726_10_00_00/vexv5/libv5rt.a(vex_triport.cpp.obj)
                0x0000000003805b24                vex::led::off()
 .text._ZN3vex5colorD2Ev
                0x0000000003805b2c        0x4 /Users/fezhou/Library/Application Support/Code/User/globalStorage/vexrobotics.vexcode/sdk/cpp/V5/V5_20220726_10_00_00/vexv5/libv5rt.a(vex_color.cpp.obj)
                0x0000000003805b2c                vex::color::~color()
                0x0000000003805b2c                vex::color::~color()
 .text.startup._GLOBAL__sub_I__ZN3vex5color5blackE
                0x0000000003805b30      0x164 /Users/fezhou/Library/Application Support/Code/User/globalStorage/vexrobotics.vexcode/sdk/cpp/V5/V5_20220726_10_00_00/vexv5/libv5rt.a(vex_color.cpp.obj)
 .text._ZN3vex5timerD2Ev
                0x0000000003805c94        0x4 /Users/fezhou/Library/Application Support/Code/User/globalStorage/vexrobotics.vexcode/sdk/cpp/V5/V5_20220726_10_00_00/vexv5/libv5rt.a(vex_timer.cpp.obj)
                0x0000000003805c94                vex::timer::~timer()
                0x0000000003805c94                vex::timer::~timer()
 .text._ZN3vex5timer5clearEv
                0x0000000003805c98       0x1c /Users/fezhou/Library/Application Support/Code/User/globalStorage/vexrobotics.vexcode/sdk/cpp/V5/V5_20220726_10_00_00/vexv5/libv5rt.a(vex_timer.cpp.obj)
                0x0000000003805c98                vex::timer::clear()
 .text._ZN3vex5timerC2Ev
                0x0000000003805cb4       0x14 /Users/fezhou/Library/Application Support/Code/User/globalStorage/vexrobotics.vexcode/sdk/cpp/V5/V5_20220726_10_00_00/vexv5/libv5rt.a(vex_timer.cpp.obj)
                0x0000000003805cb4                vex::timer::timer()
                0x0000000003805cb4                vex::timer::timer()
 .text._ZNK3vex5timer4timeENS_9timeUnitsE
                0x0000000003805cc8       0x40 /Users/fezhou/Library/Application Support/Code/User/globalStorage/vexrobotics.vexcode/sdk/cpp/V5/V5_20220726_10_00_00/vexv5/libv5rt.a(vex_timer.cpp.obj)
                0x0000000003805cc8                vex::timer::time(vex::timeUnits) const
 .text._ZNK3vex5timer5valueEv
                0x0000000003805d08        0x8 /Users/fezhou/Library/Application Support/Code/User/globalStorage/vexrobotics.vexcode/sdk/cpp/V5/V5_20220726_10_00_00/vexv5/libv5rt.a(vex_timer.cpp.obj)
                0x0000000003805d08                vex::timer::value() const
 .text.vexAdiPortConfigSet
                0x0000000003805d10       0x28 /Users/fezhou/Library/Application Support/Code/User/globalStorage/vexrobotics.vexcode/sdk/cpp/V5/V5_20220726_10_00_00/vexv5/libv5rt.a(v5_apiuser.c.obj)
                0x0000000003805d10                vexAdiPortConfigSet
 .text.vexAdiPortConfigGet
                0x0000000003805d38       0x28 /Users/fezhou/Library/Application Support/Code/User/globalStorage/vexrobotics.vexcode/sdk/cpp/V5/V5_20220726_10_00_00/vexv5/libv5rt.a(v5_apiuser.c.obj)
                0x0000000003805d38                vexAdiPortConfigGet
 .text.vexAdiValueSet
                0x0000000003805d60       0x28 /Users/fezhou/Library/Application Support/Code/User/globalStorage/vexrobotics.vexcode/sdk/cpp/V5/V5_20220726_10_00_00/vexv5/libv5rt.a(v5_apiuser.c.obj)
                0x0000000003805d60                vexAdiValueSet
 .text.vexMotorVelocitySet
                0x0000000003805d88       0x20 /Users/fezhou/Library/Application Support/Code/User/globalStorage/vexrobotics.vexcode/sdk/cpp/V5/V5_20220726_10_00_00/vexv5/libv5rt.a(v5_apiuser.c.obj)
                0x0000000003805d88                vexMotorVelocitySet
 .text.vexMotorVoltageSet
                0x0000000003805da8       0x20 /Users/fezhou/Library/Application Support/Code/User/globalStorage/vexrobotics.vexcode/sdk/cpp/V5/V5_20220726_10_00_00/vexv5/libv5rt.a(v5_apiuser.c.obj)
                0x0000000003805da8                vexMotorVoltageSet
 .text.vexMotorVelocityGet
                0x0000000003805dc8       0x18 /Users/fezhou/Library/Application Support/Code/User/globalStorage/vexrobotics.vexcode/sdk/cpp/V5/V5_20220726_10_00_00/vexv5/libv5rt.a(v5_apiuser.c.obj)
                0x0000000003805dc8                vexMotorVelocityGet
 .text.vexMotorActualVelocityGet
                0x0000000003805de0       0x24 /Users/fezhou/Library/Application Support/Code/User/globalStorage/vexrobotics.vexcode/sdk/cpp/V5/V5_20220726_10_00_00/vexv5/libv5rt.a(v5_apiuser.c.obj)
                0x0000000003805de0                vexMotorActualVelocityGet
 .text.vexMotorModeGet
                0x0000000003805e04       0x18 /Users/fezhou/Library/Application Support/Code/User/globalStorage/vexrobotics.vexcode/sdk/cpp/V5/V5_20220726_10_00_00/vexv5/libv5rt.a(v5_apiuser.c.obj)
                0x0000000003805e04                vexMotorModeGet
 .text.vexMotorZeroPositionFlagGet
                0x0000000003805e1c       0x18 /Users/fezhou/Library/Application Support/Code/User/globalStorage/vexrobotics.vexcode/sdk/cpp/V5/V5_20220726_10_00_00/vexv5/libv5rt.a(v5_apiuser.c.obj)
                0x0000000003805e1c                vexMotorZeroPositionFlagGet
 .text.vexMotorReverseFlagSet
                0x0000000003805e34       0x20 /Users/fezhou/Library/Application Support/Code/User/globalStorage/vexrobotics.vexcode/sdk/cpp/V5/V5_20220726_10_00_00/vexv5/libv5rt.a(v5_apiuser.c.obj)
                0x0000000003805e34                vexMotorReverseFlagSet
 .text.vexMotorEncoderUnitsSet
                0x0000000003805e54       0x20 /Users/fezhou/Library/Application Support/Code/User/globalStorage/vexrobotics.vexcode/sdk/cpp/V5/V5_20220726_10_00_00/vexv5/libv5rt.a(v5_apiuser.c.obj)
                0x0000000003805e54                vexMotorEncoderUnitsSet
 .text.vexMotorBrakeModeSet
                0x0000000003805e74       0x20 /Users/fezhou/Library/Application Support/Code/User/globalStorage/vexrobotics.vexcode/sdk/cpp/V5/V5_20220726_10_00_00/vexv5/libv5rt.a(v5_apiuser.c.obj)
                0x0000000003805e74                vexMotorBrakeModeSet
 .text.vexMotorPositionSet
                0x0000000003805e94       0x28 /Users/fezhou/Library/Application Support/Code/User/globalStorage/vexrobotics.vexcode/sdk/cpp/V5/V5_20220726_10_00_00/vexv5/libv5rt.a(v5_apiuser.c.obj)
                0x0000000003805e94                vexMotorPositionSet
 .text.vexMotorPositionGet
                0x0000000003805ebc       0x24 /Users/fezhou/Library/Application Support/Code/User/globalStorage/vexrobotics.vexcode/sdk/cpp/V5/V5_20220726_10_00_00/vexv5/libv5rt.a(v5_apiuser.c.obj)
                0x0000000003805ebc                vexMotorPositionGet
 .text.vexMotorAbsoluteTargetSet
                0x0000000003805ee0       0x30 /Users/fezhou/Library/Application Support/Code/User/globalStorage/vexrobotics.vexcode/sdk/cpp/V5/V5_20220726_10_00_00/vexv5/libv5rt.a(v5_apiuser.c.obj)
                0x0000000003805ee0                vexMotorAbsoluteTargetSet
 .text.vexMotorGearingSet
                0x0000000003805f10       0x20 /Users/fezhou/Library/Application Support/Code/User/globalStorage/vexrobotics.vexcode/sdk/cpp/V5/V5_20220726_10_00_00/vexv5/libv5rt.a(v5_apiuser.c.obj)
                0x0000000003805f10                vexMotorGearingSet
 .text.vexMotorGearingGet
                0x0000000003805f30       0x18 /Users/fezhou/Library/Application Support/Code/User/globalStorage/vexrobotics.vexcode/sdk/cpp/V5/V5_20220726_10_00_00/vexv5/libv5rt.a(v5_apiuser.c.obj)
                0x0000000003805f30                vexMotorGearingGet
 .text.vexVisionModeSet
                0x0000000003805f48       0x20 /Users/fezhou/Library/Application Support/Code/User/globalStorage/vexrobotics.vexcode/sdk/cpp/V5/V5_20220726_10_00_00/vexv5/libv5rt.a(v5_apiuser.c.obj)
                0x0000000003805f48                vexVisionModeSet
 .text.vexVisionObjectCountGet
                0x0000000003805f68       0x18 /Users/fezhou/Library/Application Support/Code/User/globalStorage/vexrobotics.vexcode/sdk/cpp/V5/V5_20220726_10_00_00/vexv5/libv5rt.a(v5_apiuser.c.obj)
                0x0000000003805f68                vexVisionObjectCountGet
 .text.vexVisionObjectGet
                0x0000000003805f80       0x28 /Users/fezhou/Library/Application Support/Code/User/globalStorage/vexrobotics.vexcode/sdk/cpp/V5/V5_20220726_10_00_00/vexv5/libv5rt.a(v5_apiuser.c.obj)
                0x0000000003805f80                vexVisionObjectGet
 .text.vexVisionSignatureSet
                0x0000000003805fa8       0x20 /Users/fezhou/Library/Application Support/Code/User/globalStorage/vexrobotics.vexcode/sdk/cpp/V5/V5_20220726_10_00_00/vexv5/libv5rt.a(v5_apiuser.c.obj)
                0x0000000003805fa8                vexVisionSignatureSet
 .text.vexVisionBrightnessSet
                0x0000000003805fc8       0x20 /Users/fezhou/Library/Application Support/Code/User/globalStorage/vexrobotics.vexcode/sdk/cpp/V5/V5_20220726_10_00_00/vexv5/libv5rt.a(v5_apiuser.c.obj)
                0x0000000003805fc8                vexVisionBrightnessSet
 .text.vexVisionLedModeSet
                0x0000000003805fe8       0x20 /Users/fezhou/Library/Application Support/Code/User/globalStorage/vexrobotics.vexcode/sdk/cpp/V5/V5_20220726_10_00_00/vexv5/libv5rt.a(v5_apiuser.c.obj)
                0x0000000003805fe8                vexVisionLedModeSet
 .text.vexVisionLedColorSet
                0x0000000003806008       0x2c /Users/fezhou/Library/Application Support/Code/User/globalStorage/vexrobotics.vexcode/sdk/cpp/V5/V5_20220726_10_00_00/vexv5/libv5rt.a(v5_apiuser.c.obj)
                0x0000000003806008                vexVisionLedColorSet
 .text.vexImuReset
                0x0000000003806034       0x10 /Users/fezhou/Library/Application Support/Code/User/globalStorage/vexrobotics.vexcode/sdk/cpp/V5/V5_20220726_10_00_00/vexv5/libv5rt.a(v5_apiuser.c.obj)
                0x0000000003806034                vexImuReset
 .text.vexImuHeadingGet
                0x0000000003806044       0x10 /Users/fezhou/Library/Application Support/Code/User/globalStorage/vexrobotics.vexcode/sdk/cpp/V5/V5_20220726_10_00_00/vexv5/libv5rt.a(v5_apiuser.c.obj)
                0x0000000003806044                vexImuHeadingGet
 .text.vexImuDegreesGet
                0x0000000003806054       0x10 /Users/fezhou/Library/Application Support/Code/User/globalStorage/vexrobotics.vexcode/sdk/cpp/V5/V5_20220726_10_00_00/vexv5/libv5rt.a(v5_apiuser.c.obj)
                0x0000000003806054                vexImuDegreesGet
 .text.vexImuAttitudeGet
                0x0000000003806064       0x18 /Users/fezhou/Library/Application Support/Code/User/globalStorage/vexrobotics.vexcode/sdk/cpp/V5/V5_20220726_10_00_00/vexv5/libv5rt.a(v5_apiuser.c.obj)
                0x0000000003806064                vexImuAttitudeGet
 .text.vexImuStatusGet
                0x000000000380607c       0x10 /Users/fezhou/Library/Application Support/Code/User/globalStorage/vexrobotics.vexcode/sdk/cpp/V5/V5_20220726_10_00_00/vexv5/libv5rt.a(v5_apiuser.c.obj)
                0x000000000380607c                vexImuStatusGet
 .text.vexEventMaskSet
                0x000000000380608c       0x28 /Users/fezhou/Library/Application Support/Code/User/globalStorage/vexrobotics.vexcode/sdk/cpp/V5/V5_20220726_10_00_00/vexv5/libv5rt.a(v5_apiuser.c.obj)
                0x000000000380608c                vexEventMaskSet
 .text.vexEventMaskGet
                0x00000000038060b4       0x18 /Users/fezhou/Library/Application Support/Code/User/globalStorage/vexrobotics.vexcode/sdk/cpp/V5/V5_20220726_10_00_00/vexv5/libv5rt.a(v5_apiuser.c.obj)
                0x00000000038060b4                vexEventMaskGet
 .text.vexEventBitsSet
                0x00000000038060cc       0x28 /Users/fezhou/Library/Application Support/Code/User/globalStorage/vexrobotics.vexcode/sdk/cpp/V5/V5_20220726_10_00_00/vexv5/libv5rt.a(v5_apiuser.c.obj)
                0x00000000038060cc                vexEventBitsSet
 .text.vexEventBitsGet
                0x00000000038060f4       0x18 /Users/fezhou/Library/Application Support/Code/User/globalStorage/vexrobotics.vexcode/sdk/cpp/V5/V5_20220726_10_00_00/vexv5/libv5rt.a(v5_apiuser.c.obj)
                0x00000000038060f4                vexEventBitsGet
 .text._ZN3vex6deviceD2Ev
                0x000000000380610c        0x4 /Users/fezhou/Library/Application Support/Code/User/globalStorage/vexrobotics.vexcode/sdk/cpp/V5/V5_20220726_10_00_00/vexv5/libv5rt.a(vex_device.cpp.obj)
                0x000000000380610c                vex::device::~device()
                0x000000000380610c                vex::device::~device()
 .text._ZN3vex6device5valueEv
                0x0000000003806110        0x8 /Users/fezhou/Library/Application Support/Code/User/globalStorage/vexrobotics.vexcode/sdk/cpp/V5/V5_20220726_10_00_00/vexv5/libv5rt.a(vex_device.cpp.obj)
                0x0000000003806110                vex::device::value()
 .text._ZN3vex6deviceD0Ev
                0x0000000003806118       0x14 /Users/fezhou/Library/Application Support/Code/User/globalStorage/vexrobotics.vexcode/sdk/cpp/V5/V5_20220726_10_00_00/vexv5/libv5rt.a(vex_device.cpp.obj)
                0x0000000003806118                vex::device::~device()
 .text._ZN3vex6device4initEl
                0x000000000380612c       0x30 /Users/fezhou/Library/Application Support/Code/User/globalStorage/vexrobotics.vexcode/sdk/cpp/V5/V5_20220726_10_00_00/vexv5/libv5rt.a(vex_device.cpp.obj)
                0x000000000380612c                vex::device::init(long)
 .text._ZN3vex6deviceC2El
                0x000000000380615c       0x20 /Users/fezhou/Library/Application Support/Code/User/globalStorage/vexrobotics.vexcode/sdk/cpp/V5/V5_20220726_10_00_00/vexv5/libv5rt.a(vex_device.cpp.obj)
                0x000000000380615c                vex::device::device(long)
                0x000000000380615c                vex::device::device(long)
 .text._ZN3vex6device4typeEv