Archive member included to satisfy reference by file (symbol)

/Users/andrewzhou/Library/Application Support/Code/User/globalStorage/vexrobotics.vexcode/sdk/cpp/V5/V5_20220726_10_00_00/vexv5/libv5rt.a(v5_startup.c.obj)
                              (vexStartup)
/Users/andrewzhou/Library/Application Support/Code/User/globalStorage/vexrobotics.vexcode/sdk/cpp/V5/V5_20220726_10_00_00/vexv5/libv5rt.a(v5_util.c.obj)
                              /Users/andrewzhou/Library/Application Support/Code/User/globalStorage/vexrobotics.vexcode/sdk/cpp/V5/V5_20220726_10_00_00/vexv5/libv5rt.a(v5_startup.c.obj) (vexStdlibVersionLinked)
/Users/andrewzhou/Library/Application Support/Code/User/globalStorage/vexrobotics.vexcode/sdk/cpp/V5/V5_20220726_10_00_00/vexv5/libv5rt.a(v5_apijump.c.obj)
                              /Users/andrewzhou/Library/Application Support/Code/User/globalStorage/vexrobotics.vexcode/sdk/cpp/V5/V5_20220726_10_00_00/vexv5/libv5rt.a(v5_startup.c.obj) (vexPrivateApiEnable)
/Users/andrewzhou/Library/Application Support/Code/User/globalStorage/vexrobotics.vexcode/sdk/cpp/V5/V5_20220726_10_00_00/vexv5/libv5rt.a(v5_apiversions.c.obj)
                              /Users/andrewzhou/Library/Application Support/Code/User/globalStorage/vexrobotics.vexcode/sdk/cpp/V5/V5_20220726_10_00_00/vexv5/libv5rt.a(v5_apijump.c.obj) (vexSystemVersion)
/Users/andrewzhou/Library/Application Support/Code/User/globalStorage/vexrobotics.vexcode/sdk/cpp/V5/V5_20220726_10_00_00/vexv5/libv5rt.a(vex_global.cpp.obj)
                              build/src/basic-functions.o (vex::wait(double, vex::timeUnits))
/Users/andrewzhou/Library/Application Support/Code/User/globalStorage/vexrobotics.vexcode/sdk/cpp/V5/V5_20220726_10_00_00/vexv5/libv5rt.a(vex_motor.cpp.obj)
                              build/src/robot-config.o (vex::motor::~motor())
/Users/andrewzhou/Library/Application Support/Code/User/globalStorage/vexrobotics.vexcode/sdk/cpp/V5/V5_20220726_10_00_00/vexv5/libv5rt.a(vex_imu.cpp.obj)
                              build/src/robot-config.o (vex::inertial::~inertial())
/Users/andrewzhou/Library/Application Support/Code/User/globalStorage/vexrobotics.vexcode/sdk/cpp/V5/V5_20220726_10_00_00/vexv5/libv5rt.a(vex_rotation.cpp.obj)
                              build/src/robot-config.o (vex::rotation::~rotation())
/Users/andrewzhou/Library/Application Support/Code/User/globalStorage/vexrobotics.vexcode/sdk/cpp/V5/V5_20220726_10_00_00/vexv5/libv5rt.a(vex_controller.cpp.obj)
                              build/src/robot-config.o (vex::controller::~controller())
/Users/andrewzhou/Library/Application Support/Code/User/globalStorage/vexrobotics.vexcode/sdk/cpp/V5/V5_20220726_10_00_00/vexv5/libv5rt.a(vex_thread.cpp.obj)
                              build/src/main.o (vex::thread::thread(int (*)()))
/Users/andrewzhou/Library/Application Support/Code/User/globalStorage/vexrobotics.vexcode/sdk/cpp/V5/V5_20220726_10_00_00/vexv5/libv5rt.a(vex_event.cpp.obj)
                              /Users/andrewzhou/Library/Application Support/Code/User/globalStorage/vexrobotics.vexcode/sdk/cpp/V5/V5_20220726_10_00_00/vexv5/libv5rt.a(vex_imu.cpp.obj) (vex::event::init(unsigned long, unsigned long, void (*)()))
/Users/andrewzhou/Library/Application Support/Code/User/globalStorage/vexrobotics.vexcode/sdk/cpp/V5/V5_20220726_10_00_00/vexv5/libv5rt.a(vex_mevent.cpp.obj)
                              /Users/andrewzhou/Library/Application Support/Code/User/globalStorage/vexrobotics.vexcode/sdk/cpp/V5/V5_20220726_10_00_00/vexv5/libv5rt.a(vex_controller.cpp.obj) (vex::mevent::mevent(unsigned long, unsigned long))
/Users/andrewzhou/Library/Application Support/Code/User/globalStorage/vexrobotics.vexcode/sdk/cpp/V5/V5_20220726_10_00_00/vexv5/libv5rt.a(vex_brain.cpp.obj)
                              build/src/GPS.o (vex::brain::lcd::setCursor(long, long))
/Users/andrewzhou/Library/Application Support/Code/User/globalStorage/vexrobotics.vexcode/sdk/cpp/V5/V5_20220726_10_00_00/vexv5/libv5rt.a(vex_competition.cpp.obj)
                              build/src/main.o (vex::competition::competition())
/Users/andrewzhou/Library/Application Support/Code/User/globalStorage/vexrobotics.vexcode/sdk/cpp/V5/V5_20220726_10_00_00/vexv5/libv5rt.a(vex_triport.cpp.obj)
                              /Users/andrewzhou/Library/Application Support/Code/User/globalStorage/vexrobotics.vexcode/sdk/cpp/V5/V5_20220726_10_00_00/vexv5/libv5rt.a(vex_brain.cpp.obj) (vex::triport::~triport())
/Users/andrewzhou/Library/Application Support/Code/User/globalStorage/vexrobotics.vexcode/sdk/cpp/V5/V5_20220726_10_00_00/vexv5/libv5rt.a(vex_color.cpp.obj)
                              /Users/andrewzhou/Library/Application Support/Code/User/globalStorage/vexrobotics.vexcode/sdk/cpp/V5/V5_20220726_10_00_00/vexv5/libv5rt.a(vex_brain.cpp.obj) (vex::color::operator unsigned long() const)
[...]
Memory Configuration

Name             Origin             Length             Attributes
ps7_ddr_0_S_AXI_BASEADDR 0x0000000003800000 0x0000000004800000
*default*        0x0000000000000000 0xffffffffffffffff

Linker script and memory map

                0x0000000000002000                _STACK_SIZE = DEFINED (_STACK_SIZE)?_STACK_SIZE:0x2000
                0x0000000000100000                _HEAP_SIZE = DEFINED (_HEAP_SIZE)?_HEAP_SIZE:0x100000
                0x0000000000000400                _ABORT_STACK_SIZE = DEFINED (_ABORT_STACK_SIZE)?_ABORT_STACK_SIZE:0x400
                0x0000000000000800                _SUPERVISOR_STACK_SIZE = DEFINED (_SUPERVISOR_STACK_SIZE)?_SUPERVISOR_STACK_SIZE:0x800
                0x0000000000000400                _IRQ_STACK_SIZE = DEFINED (_IRQ_STACK_SIZE)?_IRQ_STACK_SIZE:0x400
                0x0000000000000400                _FIQ_STACK_SIZE = DEFINED (_FIQ_STACK_SIZE)?_FIQ_STACK_SIZE:0x400
                0x0000000000000400                _UNDEF_STACK_SIZE = DEFINED (_UNDEF_STACK_SIZE)?_UNDEF_STACK_SIZE:0x400

.text           0x0000000003800000     0x56c0
 *(.vectors)
 *(.boot_data)
 .boot_data     0x0000000003800000       0x20 /Users/andrewzhou/Library/Application Support/Code/User/globalStorage/vexrobotics.vexcode/sdk/cpp/V5/V5_20220726_10_00_00/vexv5/libv5rt.a(v5_startup.c.obj)
                0x0000000003800000                vexCodeSig
                0x0000000000000020                . = 0x20
 *(.boot)
 .boot          0x0000000003800020       0xbc /Users/andrewzhou/Library/Application Support/Code/User/globalStorage/vexrobotics.vexcode/sdk/cpp/V5/V5_20220726_10_00_00/vexv5/libv5rt.a(v5_startup.c.obj)
                0x0000000003800020                vexStartup
                0x0000000003800100                . = ALIGN (0x40)
 *fill*         0x00000000038000dc       0x24 
 *(.freertos_vectors)
 *(.text)
 *(.text.*)
 .text._ZN3GPSC2Ev
                0x0000000003800100        0x4 build/src/GPS.o
                0x0000000003800100                GPS::GPS()
                0x0000000003800100                GPS::GPS()
 *fill*         0x0000000003800104        0x4 
 .text._ZN3GPS13getLeftPosGpsEv
                0x0000000003800108       0x80 build/src/GPS.o
                0x0000000003800108                GPS::getLeftPosGps()
 .text._ZN3GPS14getRightPosGpsEv
                0x0000000003800188       0x80 build/src/GPS.o
                0x0000000003800188                GPS::getRightPosGps()
 .text._ZN3GPS18resetForwardPosGpsEv
                0x0000000003800208       0x20 build/src/GPS.o
                0x0000000003800208                GPS::resetForwardPosGps()
 .text._ZN3GPS8calThetaEffi
                0x0000000003800228       0x80 build/src/GPS.o
                0x0000000003800228                GPS::calTheta(float, float, int)
 .text._ZN3GPS12updateGpsPosEv
                0x00000000038002a8      0x244 build/src/GPS.o
                0x00000000038002a8                GPS::updateGpsPos()
 .text._ZN3GPS13updateCrtParaEv
                0x00000000038004ec      0x328 build/src/GPS.o
                0x00000000038004ec                GPS::updateCrtPara()
 .text._ZN3GPS10gpsPIDMoveEffiiSs
                0x0000000003800814      0x160 build/src/GPS.o
                0x0000000003800814                GPS::gpsPIDMove(float, float, int, int, std::string)
 .text._Z8MyGpsPosv
                0x0000000003800974       0x18 build/src/GPS.o
                0x0000000003800974                MyGpsPos()
 .text._ZN3PIDC2Ev
                0x000000000380098c       0x68 build/src/PID.o
                0x000000000380098c                PID::PID()
                0x000000000380098c                PID::PID()
 .text._ZN3PID14setCoefficientEfff
                0x00000000038009f4        0xc build/src/PID.o
                0x00000000038009f4                PID::setCoefficient(float, float, float)
 .text._ZN3PID9setTargetEf
                0x0000000003800a00        0x8 build/src/PID.o
                0x0000000003800a00                PID::setTarget(float)
 .text._ZN3PID7setIMaxEf
                0x0000000003800a08        0x8 build/src/PID.o
                0x0000000003800a08                PID::setIMax(float)
 .text._ZN3PID9setIRangeEf
                0x0000000003800a10        0x8 build/src/PID.o
                0x0000000003800a10                PID::setIRange(float)
 .text._ZN3PID17setErrorToleranceEf
                0x0000000003800a18        0x8 build/src/PID.o
                0x0000000003800a18                PID::setErrorTolerance(float)
 .text._ZN3PID13setDToleranceEf
                0x0000000003800a20        0x8 build/src/PID.o
                0x0000000003800a20                PID::setDTolerance(float)
 .text._ZN3PID11setJumpTimeEf
                0x0000000003800a28        0x8 build/src/PID.o
                0x0000000003800a28                PID::setJumpTime(float)
 .text._ZN3PID13targetArrivedEv
                0x0000000003800a30        0x8 build/src/PID.o
                0x0000000003800a30                PID::targetArrived()
 .text._ZN3PID9getOutputEv
                0x0000000003800a38        0x8 build/src/PID.o
                0x0000000003800a38                PID::getOutput()
 .text._ZN3PID7setTypeESs
                0x0000000003800a40        0x8 build/src/PID.o
                0x0000000003800a40                PID::setType(std::string)
 .text._ZN3PID6updateEf
                0x0000000003800a48      0x1d4 build/src/PID.o
                0x0000000003800a48                PID::update(float)
 .text._Z24posForwardRelWithHeadingfff
                0x0000000003800c1c       0xe0 build/src/auton-functions.o
                0x0000000003800c1c                posForwardRelWithHeading(float, float, float)
 .text._Z24posForwardAbsWithHeadingfff
                0x0000000003800cfc       0x64 build/src/auton-functions.o
                0x0000000003800cfc                posForwardAbsWithHeading(float, float, float)
 .text._Z16PIDPosForwardAbsf
                0x0000000003800d60      0x15c build/src/auton-functions.o
                0x0000000003800d60                PIDPosForwardAbs(float)
 .text._Z21softStartTimerForwardffi
                0x0000000003800ebc       0x94 build/src/auton-functions.o
                0x0000000003800ebc                softStartTimerForward(float, float, int)
 .text._Z17PIDAngleRotateAbsfffff
                0x0000000003800f50      0x1b0 build/src/auton-functions.o
                0x0000000003800f50                PIDAngleRotateAbs(float, float, float, float, float)
 .text._Z12setAutonModev
                0x0000000003801100        0x4 build/src/auton-functions.o
                0x0000000003801100                setAutonMode()
 .text._GLOBAL__sub_I_auton_functions.cpp
                0x0000000003801104       0x34 build/src/auton-functions.o
 .text._Z9autonInitv
                0x0000000003801138       0x28 build/src/autonomous.o
                0x0000000003801138                autonInit()
 .text._Z12auton_left_1v
                0x0000000003801160       0x84 build/src/autonomous.o
                0x0000000003801160                auton_left_1()
 .text._Z13auton_right_1v
                0x00000000038011e4      0x1ac build/src/autonomous.o
                0x00000000038011e4                auton_right_1()
 .text._Z8runAutoni
                0x0000000003801390       0x3c build/src/autonomous.o
                0x0000000003801390                runAuton(int)
 .text._GLOBAL__sub_I_autonomous.cpp
                0x00000000038013cc        0xc build/src/autonomous.o
 .text._Z12autonFlipperb
                0x00000000038013d8       0x10 build/src/basic-functions.o
                0x00000000038013d8                autonFlipper(bool)
 .text._Z4abbsf
                0x00000000038013e8       0x1c build/src/basic-functions.o
                0x00000000038013e8                abbs(float)
 *fill*         0x0000000003801404        0x4 
 .text._Z7deg2radf
                0x0000000003801408       0x38 build/src/basic-functions.o
                0x0000000003801408                deg2rad(float)
 .text._Z7rad2degf
                0x0000000003801440       0x24 build/src/basic-functions.o
                0x0000000003801440                rad2deg(float)
 .text._Z4sqrff
                0x0000000003801464       0x10 build/src/basic-functions.o
                0x0000000003801464                sqrf(float)
 .text._Z4signf
                0x0000000003801474       0x1c build/src/basic-functions.o
                0x0000000003801474                sign(float)
 .text._Z9deg2rangef
                0x0000000003801490       0x6c build/src/basic-functions.o
                0x0000000003801490                deg2range(float)
 .text._Z8moveLeftf
                0x00000000038014fc       0xb8 build/src/basic-functions.o
                0x00000000038014fc                moveLeft(float)
 .text._Z10unlockLeftv
                0x00000000038015b4       0x3c build/src/basic-functions.o
                0x00000000038015b4                unlockLeft()
 .text._Z9moveRightf
                0x00000000038015f0       0xb8 build/src/basic-functions.o
                0x00000000038015f0                moveRight(float)
 .text._Z11unlockRightv
                0x00000000038016a8       0x3c build/src/basic-functions.o
                0x00000000038016a8                unlockRight()
 .text._Z11moveForwardf
                0x00000000038016e4       0x1c build/src/basic-functions.o
                0x00000000038016e4                moveForward(float)
 .text._Z13moveClockwisef
                0x0000000003801700       0x1c build/src/basic-functions.o
                0x0000000003801700                moveClockwise(float)
 .text._Z10unlockBasev
                0x000000000380171c       0x14 build/src/basic-functions.o
                0x000000000380171c                unlockBase()
 .text._Z9getCrtVelv
                0x0000000003801730       0x5c build/src/basic-functions.o
                0x0000000003801730                getCrtVel()
 *fill*         0x000000000380178c        0x4 
 .text._Z10getLeftPosv
                0x0000000003801790       0x90 build/src/basic-functions.o
                0x0000000003801790                getLeftPos()
 .text._Z11getRightPosv
                0x0000000003801820       0x90 build/src/basic-functions.o
                0x0000000003801820                getRightPos()
 .text._Z13getForwardPosv
                0x00000000038018b0       0x34 build/src/basic-functions.o
                0x00000000038018b0                getForwardPos()
 *fill*         0x00000000038018e4        0x4 
 .text._Z12resetLeftPosv
                0x00000000038018e8       0x88 build/src/basic-functions.o
                0x00000000038018e8                resetLeftPos()
 .text._Z13resetRightPosv
                0x0000000003801970       0x88 build/src/basic-functions.o
                0x0000000003801970                resetRightPos()
 .text._Z15resetForwardPosv
                0x00000000038019f8       0x14 build/src/basic-functions.o
                0x00000000038019f8                resetForwardPos()
 .text._Z10getHeadingv
                0x0000000003801a0c       0x3c build/src/basic-functions.o
                0x0000000003801a0c                getHeading()
 .text._Z12resetHeadingv
                0x0000000003801a48       0x28 build/src/basic-functions.o
                0x0000000003801a48                resetHeading()
 .text._Z8getPitchv
                0x0000000003801a70       0x28 build/src/basic-functions.o
                0x0000000003801a70                getPitch()
 .text._Z14setIntakeSpeedf
                0x0000000003801a98       0x10 build/src/basic-functions.o
                0x0000000003801a98                setIntakeSpeed(float)
 .text._Z6intakev
                0x0000000003801aa8       0x8c build/src/basic-functions.o
                0x0000000003801aa8                intake()
 .text._Z17setCatapultStatusi
                0x0000000003801b34       0x10 build/src/basic-functions.o
                0x0000000003801b34                setCatapultStatus(int)
 *fill*         0x0000000003801b44        0x4 
 .text._Z8catapultv
                0x0000000003801b48      0x370 build/src/basic-functions.o
                0x0000000003801b48                catapult()
 .text._Z10setPistonEb
                0x0000000003801eb8       0x20 build/src/basic-functions.o
                0x0000000003801eb8                setPistonE(bool)
 .text._Z10setPistonWb
                0x0000000003801ed8       0x20 build/src/basic-functions.o
                0x0000000003801ed8                setPistonW(bool)
 .text._GLOBAL__sub_I_basic_functions.cpp
                0x0000000003801ef8       0x34 build/src/basic-functions.o
 .text._Z10autonomousv
                0x0000000003801f2c       0x10 build/src/main.o
                0x0000000003801f2c                autonomous()
 *fill*         0x0000000003801f3c        0x4 
 .text._Z11usercontrolv
                0x0000000003801f40      0x588 build/src/main.o
                0x0000000003801f40                usercontrol()
 .text.main     0x00000000038024c8       0xf8 build/src/main.o
                0x00000000038024c8                main
 .text._GLOBAL__sub_I_main.cpp
                0x00000000038025c0       0x68 build/src/main.o
 .text._ZN7MyTimerC2Ev
                0x0000000003802628       0x30 build/src/my-timer.o
                0x0000000003802628                MyTimer::MyTimer()
                0x0000000003802628                MyTimer::MyTimer()
 .text._ZN7MyTimer5resetEv
                0x0000000003802658       0x2c build/src/my-timer.o
                0x0000000003802658                MyTimer::reset()
 *fill*         0x0000000003802684        0x4 
 .text._ZNK7MyTimer7getTimeEv
                0x0000000003802688       0x58 build/src/my-timer.o
                0x0000000003802688                MyTimer::getTime() const
 .text._Z11vexcodeInitv
                0x00000000038026e0        0x4 build/src/robot-config.o
                0x00000000038026e0                vexcodeInit()
 .text._GLOBAL__sub_I_robot_config.cpp
                0x00000000038026e4      0x320 build/src/robot-config.o
 .text._GLOBAL__sub_I_skill.cpp
                0x0000000003802a04        0xc build/src/skill.o
 .text.vexMain  0x0000000003802a10       0xb0 /Users/andrewzhou/Library/Application Support/Code/User/globalStorage/vexrobotics.vexcode/sdk/cpp/V5/V5_20220726_10_00_00/vexv5/libv5rt.a(v5_startup.c.obj)
                0x0000000003802a10                vexMain
 .text.__vex_function_prolog
                0x0000000003802ac0       0x18 /Users/andrewzhou/Library/Application Support/Code/User/globalStorage/vexrobotics.vexcode/sdk/cpp/V5/V5_20220726_10_00_00/vexv5/libv5rt.a(v5_startup.c.obj)
                0x0000000003802ac0                __vex_function_prolog
 .text._init    0x0000000003802ad8        0x4 /Users/andrewzhou/Library/Application Support/Code/User/globalStorage/vexrobotics.vexcode/sdk/cpp/V5/V5_20220726_10_00_00/vexv5/libv5rt.a(v5_startup.c.obj)
                0x0000000003802ad8                _init
 .text._fini    0x0000000003802adc        0x4 /Users/andrewzhou/Library/Application Support/Code/User/globalStorage/vexrobotics.vexcode/sdk/cpp/V5/V5_20220726_10_00_00/vexv5/libv5rt.a(v5_startup.c.obj)
                0x0000000003802adc                _fini
 .text.vexStdlibVersionLinked
                0x0000000003802ae0        0xc /Users/andrewzhou/Library/Application Support/Code/User/globalStorage/vexrobotics.vexcode/sdk/cpp/V5/V5_20220726_10_00_00/vexv5/libv5rt.a(v5_util.c.obj)
                0x0000000003802ae0                vexStdlibVersionLinked
 .text.vexStdlibVersionVerify
                0x0000000003802aec       0x30 /Users/andrewzhou/Library/Application Support/Code/User/globalStorage/vexrobotics.vexcode/sdk/cpp/V5/V5_20220726_10_00_00/vexv5/libv5rt.a(v5_util.c.obj)
                0x0000000003802aec                vexStdlibVersionVerify
 .text.vexPrivateApiEnable
                0x0000000003802b1c       0x10 /Users/andrewzhou/Library/Application Support/Code/User/globalStorage/vexrobotics.vexcode/sdk/cpp/V5/V5_20220726_10_00_00/vexv5/libv5rt.a(v5_apijump.c.obj)
                0x0000000003802b1c                vexPrivateApiEnable
 .text.vexStdlibMismatchError
                0x0000000003802b2c       0x3c /Users/andrewzhou/Library/Application Support/Code/User/globalStorage/vexrobotics.vexcode/sdk/cpp/V5/V5_20220726_10_00_00/vexv5/libv5rt.a(v5_apijump.c.obj)
                0x0000000003802b2c                vexStdlibMismatchError
 .text.vexTaskAdd
                0x0000000003802b68       0x10 /Users/andrewzhou/Library/Application Support/Code/User/globalStorage/vexrobotics.vexcode/sdk/cpp/V5/V5_20220726_10_00_00/vexv5/libv5rt.a(v5_apijump.c.obj)
                0x0000000003802b68                vexTaskAdd
 .text.vexTasksRun
                0x0000000003802b78       0x10 /Users/andrewzhou/Library/Application Support/Code/User/globalStorage/vexrobotics.vexcode/sdk/cpp/V5/V5_20220726_10_00_00/vexv5/libv5rt.a(v5_apijump.c.obj)
                0x0000000003802b78                vexTasksRun
 .text.vexTaskYield
                0x0000000003802b88       0x10 /Users/andrewzhou/Library/Application Support/Code/User/globalStorage/vexrobotics.vexcode/sdk/cpp/V5/V5_20220726_10_00_00/vexv5/libv5rt.a(v5_apijump.c.obj)
                0x0000000003802b88                vexTaskYield
 .text.vexTaskCheckTimeslice
                0x0000000003802b98       0x10 /Users/andrewzhou/Library/Application Support/Code/User/globalStorage/vexrobotics.vexcode/sdk/cpp/V5/V5_20220726_10_00_00/vexv5/libv5rt.a(v5_apijump.c.obj)
                0x0000000003802b98                vexTaskCheckTimeslice
 .text.vexTaskSleep
                0x0000000003802ba8       0x10 /Users/andrewzhou/Library/Application Support/Code/User/globalStorage/vexrobotics.vexcode/sdk/cpp/V5/V5_20220726_10_00_00/vexv5/libv5rt.a(v5_apijump.c.obj)
                0x0000000003802ba8                vexTaskSleep
 .text.vexTasksDump
                0x0000000003802bb8       0x1c /Users/andrewzhou/Library/Application Support/Code/User/globalStorage/vexrobotics.vexcode/sdk/cpp/V5/V5_20220726_10_00_00/vexv5/libv5rt.a(v5_apijump.c.obj)
                0x0000000003802bb8                vexTasksDump
 .text.vexTaskGetTaskIndex
                0x0000000003802bd4       0x10 /Users/andrewzhou/Library/Application Support/Code/User/globalStorage/vexrobotics.vexcode/sdk/cpp/V5/V5_20220726_10_00_00/vexv5/libv5rt.a(v5_apijump.c.obj)
                0x0000000003802bd4                vexTaskGetTaskIndex
 .text.vexTaskStopAll
                0x0000000003802be4       0x10 /Users/andrewzhou/Library/Application Support/Code/User/globalStorage/vexrobotics.vexcode/sdk/cpp/V5/V5_20220726_10_00_00/vexv5/libv5rt.a(v5_apijump.c.obj)
                0x0000000003802be4                vexTaskStopAll
 .text.vexTaskRemoveAllUser
                0x0000000003802bf4       0x34 /Users/andrewzhou/Library/Application Support/Code/User/globalStorage/vexrobotics.vexcode/sdk/cpp/V5/V5_20220726_10_00_00/vexv5/libv5rt.a(v5_apijump.c.obj)
                0x0000000003802bf4                vexTaskRemoveAllUser
 .text.vexTaskCompletionIdSet
                0x0000000003802c28       0x10 /Users/andrewzhou/Library/Application Support/Code/User/globalStorage/vexrobotics.vexcode/sdk/cpp/V5/V5_20220726_10_00_00/vexv5/libv5rt.a(v5_apijump.c.obj)
                0x0000000003802c28                vexTaskCompletionIdSet
 .text.vexTaskStopWithId
                0x0000000003802c38       0x10 /Users/andrewzhou/Library/Application Support/Code/User/globalStorage/vexrobotics.vexcode/sdk/cpp/V5/V5_20220726_10_00_00/vexv5/libv5rt.a(v5_apijump.c.obj)
                0x0000000003802c38                vexTaskStopWithId
 .text.vexCriticalSection
                0x0000000003802c48       0x2c /Users/andrewzhou/Library/Application Support/Code/User/globalStorage/vexrobotics.vexcode/sdk/cpp/V5/V5_20220726_10_00_00/vexv5/libv5rt.a(v5_apijump.c.obj)
                0x0000000003802c48                vexCriticalSection
 .text.vexEventAdd
                0x0000000003802c74       0x34 /Users/andrewzhou/Library/Application Support/Code/User/globalStorage/vexrobotics.vexcode/sdk/cpp/V5/V5_20220726_10_00_00/vexv5/libv5rt.a(v5_apijump.c.obj)
                0x0000000003802c74                vexEventAdd
 .text.vexEventUserIndexGet
                0x0000000003802ca8       0x1c /Users/andrewzhou/Library/Application Support/Code/User/globalStorage/vexrobotics.vexcode/sdk/cpp/V5/V5_20220726_10_00_00/vexv5/libv5rt.a(v5_apijump.c.obj)
                0x0000000003802ca8                vexEventUserIndexGet
 .text.vexEventAddWithArg
                0x0000000003802cc4       0x3c /Users/andrewzhou/Library/Application Support/Code/User/globalStorage/vexrobotics.vexcode/sdk/cpp/V5/V5_20220726_10_00_00/vexv5/libv5rt.a(v5_apijump.c.obj)
                0x0000000003802cc4                vexEventAddWithArg
 .text.vexEventsCleanup
                0x0000000003802d00       0x2c /Users/andrewzhou/Library/Application Support/Code/User/globalStorage/vexrobotics.vexcode/sdk/cpp/V5/V5_20220726_10_00_00/vexv5/libv5rt.a(v5_apijump.c.obj)
                0x0000000003802d00                vexEventsCleanup
 .text.vexDebug
                0x0000000003802d2c       0x38 /Users/andrewzhou/Library/Application Support/Code/User/globalStorage/vexrobotics.vexcode/sdk/cpp/V5/V5_20220726_10_00_00/vexv5/libv5rt.a(v5_apijump.c.obj)
                0x0000000003802d2c                vexDebug
 .text.vex_sprintf
                0x0000000003802d64       0x40 /Users/andrewzhou/Library/Application Support/Code/User/globalStorage/vexrobotics.vexcode/sdk/cpp/V5/V5_20220726_10_00_00/vexv5/libv5rt.a(v5_apijump.c.obj)
                0x0000000003802d64                vex_sprintf
 .text.vex_vsnprintf
                0x0000000003802da4       0x3c /Users/andrewzhou/Library/Application Support/Code/User/globalStorage/vexrobotics.vexcode/sdk/cpp/V5/V5_20220726_10_00_00/vexv5/libv5rt.a(v5_apijump.c.obj)
                0x0000000003802da4                vex_vsnprintf
 .text.vexSystemTimeGet
                0x0000000003802de0       0x1c /Users/andrewzhou/Library/Application Support/Code/User/globalStorage/vexrobotics.vexcode/sdk/cpp/V5/V5_20220726_10_00_00/vexv5/libv5rt.a(v5_apijump.c.obj)
                0x0000000003802de0                vexSystemTimeGet
 .text.vexSystemExitRequest
                0x0000000003802dfc       0x1c /Users/andrewzhou/Library/Application Support/Code/User/globalStorage/vexrobotics.vexcode/sdk/cpp/V5/V5_20220726_10_00_00/vexv5/libv5rt.a(v5_apijump.c.obj)
                0x0000000003802dfc                vexSystemExitRequest
 .text.vexDeviceGetByIndex
                0x0000000003802e18       0x24 /Users/andrewzhou/Library/Application Support/Code/User/globalStorage/vexrobotics.vexcode/sdk/cpp/V5/V5_20220726_10_00_00/vexv5/libv5rt.a(v5_apijump.c.obj)
                0x0000000003802e18                vexDeviceGetByIndex
 .text.vexControllerGet
                0x0000000003802e3c       0x2c /Users/andrewzhou/Library/Application Support/Code/User/globalStorage/vexrobotics.vexcode/sdk/cpp/V5/V5_20220726_10_00_00/vexv5/libv5rt.a(v5_apijump.c.obj)
                0x0000000003802e3c                vexControllerGet
 .text.vexDeviceAdiPortConfigSet
                0x0000000003802e68       0x34 /Users/andrewzhou/Library/Application Support/Code/User/globalStorage/vexrobotics.vexcode/sdk/cpp/V5/V5_20220726_10_00_00/vexv5/libv5rt.a(v5_apijump.c.obj)
                0x0000000003802e68                vexDeviceAdiPortConfigSet
 .text.vexDeviceAdiPortConfigGet
                0x0000000003802e9c       0x2c /Users/andrewzhou/Library/Application Support/Code/User/globalStorage/vexrobotics.vexcode/sdk/cpp/V5/V5_20220726_10_00_00/vexv5/libv5rt.a(v5_apijump.c.obj)
                0x0000000003802e9c                vexDeviceAdiPortConfigGet
 .text.vexDeviceAdiValueSet
                0x0000000003802ec8       0x34 /Users/andrewzhou/Library/Application Support/Code/User/globalStorage/vexrobotics.vexcode/sdk/cpp/V5/V5_20220726_10_00_00/vexv5/libv5rt.a(v5_apijump.c.obj)
                0x0000000003802ec8                vexDeviceAdiValueSet
 .text.vexDeviceMotorVelocitySet
                0x0000000003802efc       0x2c /Users/andrewzhou/Library/Application Support/Code/User/globalStorage/vexrobotics.vexcode/sdk/cpp/V5/V5_20220726_10_00_00/vexv5/libv5rt.a(v5_apijump.c.obj)
                0x0000000003802efc                vexDeviceMotorVelocitySet
 .text.vexDeviceMotorVoltageSet
                0x0000000003802f28       0x2c /Users/andrewzhou/Library/Application Support/Code/User/globalStorage/vexrobotics.vexcode/sdk/cpp/V5/V5_20220726_10_00_00/vexv5/libv5rt.a(v5_apijump.c.obj)
                0x0000000003802f28                vexDeviceMotorVoltageSet
 .text.vexDeviceMotorVelocityGet
                0x0000000003802f54       0x24 /Users/andrewzhou/Library/Application Support/Code/User/globalStorage/vexrobotics.vexcode/sdk/cpp/V5/V5_20220726_10_00_00/vexv5/libv5rt.a(v5_apijump.c.obj)
                0x0000000003802f54                vexDeviceMotorVelocityGet
 .text.vexDeviceMotorActualVelocityGet
                0x0000000003802f78       0x24 /Users/andrewzhou/Library/Application Support/Code/User/globalStorage/vexrobotics.vexcode/sdk/cpp/V5/V5_20220726_10_00_00/vexv5/libv5rt.a(v5_apijump.c.obj)
                0x0000000003802f78                vexDeviceMotorActualVelocityGet
 .text.vexDeviceMotorModeGet
                0x0000000003802f9c       0x24 /Users/andrewzhou/Library/Application Support/Code/User/globalStorage/vexrobotics.vexcode/sdk/cpp/V5/V5_20220726_10_00_00/vexv5/libv5rt.a(v5_apijump.c.obj)
                0x0000000003802f9c                vexDeviceMotorModeGet
 .text.vexDeviceMotorZeroPositionFlagGet
                0x0000000003802fc0       0x24 /Users/andrewzhou/Library/Application Support/Code/User/globalStorage/vexrobotics.vexcode/sdk/cpp/V5/V5_20220726_10_00_00/vexv5/libv5rt.a(v5_apijump.c.obj)
                0x0000000003802fc0                vexDeviceMotorZeroPositionFlagGet
 .text.vexDeviceMotorReverseFlagSet
                0x0000000003802fe4       0x2c /Users/andrewzhou/Library/Application Support/Code/User/globalStorage/vexrobotics.vexcode/sdk/cpp/V5/V5_20220726_10_00_00/vexv5/libv5rt.a(v5_apijump.c.obj)
                0x0000000003802fe4                vexDeviceMotorReverseFlagSet
 .text.vexDeviceMotorEncoderUnitsSet
                0x0000000003803010       0x2c /Users/andrewzhou/Library/Application Support/Code/User/globalStorage/vexrobotics.vexcode/sdk/cpp/V5/V5_20220726_10_00_00/vexv5/libv5rt.a(v5_apijump.c.obj)
                0x0000000003803010                vexDeviceMotorEncoderUnitsSet
 .text.vexDeviceMotorBrakeModeSet
                0x000000000380303c       0x2c /Users/andrewzhou/Library/Application Support/Code/User/globalStorage/vexrobotics.vexcode/sdk/cpp/V5/V5_20220726_10_00_00/vexv5/libv5rt.a(v5_apijump.c.obj)
                0x000000000380303c                vexDeviceMotorBrakeModeSet
 .text.vexDeviceMotorPositionSet
                0x0000000003803068       0x34 /Users/andrewzhou/Library/Application Support/Code/User/globalStorage/vexrobotics.vexcode/sdk/cpp/V5/V5_20220726_10_00_00/vexv5/libv5rt.a(v5_apijump.c.obj)
                0x0000000003803068                vexDeviceMotorPositionSet
 .text.vexDeviceMotorPositionGet
                0x000000000380309c       0x24 /Users/andrewzhou/Library/Application Support/Code/User/globalStorage/vexrobotics.vexcode/sdk/cpp/V5/V5_20220726_10_00_00/vexv5/libv5rt.a(v5_apijump.c.obj)
                0x000000000380309c                vexDeviceMotorPositionGet
 .text.vexDeviceMotorAbsoluteTargetSet
                0x00000000038030c0       0x3c /Users/andrewzhou/Library/Application Support/Code/User/globalStorage/vexrobotics.vexcode/sdk/cpp/V5/V5_20220726_10_00_00/vexv5/libv5rt.a(v5_apijump.c.obj)
                0x00000000038030c0                vexDeviceMotorAbsoluteTargetSet
 .text.vexDeviceMotorGearingSet
                0x00000000038030fc       0x2c /Users/andrewzhou/Library/Application Support/Code/User/globalStorage/vexrobotics.vexcode/sdk/cpp/V5/V5_20220726_10_00_00/vexv5/libv5rt.a(v5_apijump.c.obj)
                0x00000000038030fc                vexDeviceMotorGearingSet
 .text.vexDeviceMotorGearingGet
                0x0000000003803128       0x24 /Users/andrewzhou/Library/Application Support/Code/User/globalStorage/vexrobotics.vexcode/sdk/cpp/V5/V5_20220726_10_00_00/vexv5/libv5rt.a(v5_apijump.c.obj)
                0x0000000003803128                vexDeviceMotorGearingGet
 .text.vexDeviceImuReset
                0x000000000380314c       0x24 /Users/andrewzhou/Library/Application Support/Code/User/globalStorage/vexrobotics.vexcode/sdk/cpp/V5/V5_20220726_10_00_00/vexv5/libv5rt.a(v5_apijump.c.obj)
                0x000000000380314c                vexDeviceImuReset
 .text.vexDeviceImuHeadingGet
                0x0000000003803170       0x24 /Users/andrewzhou/Library/Application Support/Code/User/globalStorage/vexrobotics.vexcode/sdk/cpp/V5/V5_20220726_10_00_00/vexv5/libv5rt.a(v5_apijump.c.obj)
                0x0000000003803170                vexDeviceImuHeadingGet
 .text.vexDeviceImuDegreesGet
                0x0000000003803194       0x24 /Users/andrewzhou/Library/Application Support/Code/User/globalStorage/vexrobotics.vexcode/sdk/cpp/V5/V5_20220726_10_00_00/vexv5/libv5rt.a(v5_apijump.c.obj)
                0x0000000003803194                vexDeviceImuDegreesGet
 .text.vexDeviceImuAttitudeGet
                0x00000000038031b8       0x2c /Users/andrewzhou/Library/Application Support/Code/User/globalStorage/vexrobotics.vexcode/sdk/cpp/V5/V5_20220726_10_00_00/vexv5/libv5rt.a(v5_apijump.c.obj)
                0x00000000038031b8                vexDeviceImuAttitudeGet
 .text.vexDeviceImuStatusGet
                0x00000000038031e4       0x24 /Users/andrewzhou/Library/Application Support/Code/User/globalStorage/vexrobotics.vexcode/sdk/cpp/V5/V5_20220726_10_00_00/vexv5/libv5rt.a(v5_apijump.c.obj)
                0x00000000038031e4                vexDeviceImuStatusGet
 .text.vexDeviceAbsEncPositionSet
                0x0000000003803208       0x2c /Users/andrewzhou/Library/Application Support/Code/User/globalStorage/vexrobotics.vexcode/sdk/cpp/V5/V5_20220726_10_00_00/vexv5/libv5rt.a(v5_apijump.c.obj)
                0x0000000003803208                vexDeviceAbsEncPositionSet
 .text.vexDeviceAbsEncAngleGet
                0x0000000003803234       0x24 /Users/andrewzhou/Library/Application Support/Code/User/globalStorage/vexrobotics.vexcode/sdk/cpp/V5/V5_20220726_10_00_00/vexv5/libv5rt.a(v5_apijump.c.obj)
                0x0000000003803234                vexDeviceAbsEncAngleGet
 .text.vexDeviceAbsEncReverseFlagSet
                0x0000000003803258       0x2c /Users/andrewzhou/Library/Application Support/Code/User/globalStorage/vexrobotics.vexcode/sdk/cpp/V5/V5_20220726_10_00_00/vexv5/libv5rt.a(v5_apijump.c.obj)
                0x0000000003803258                vexDeviceAbsEncReverseFlagSet
 .text.vexDisplayForegroundColor
                0x0000000003803284       0x24 /Users/andrewzhou/Library/Application Support/Code/User/globalStorage/vexrobotics.vexcode/sdk/cpp/V5/V5_20220726_10_00_00/vexv5/libv5rt.a(v5_apijump.c.obj)
                0x0000000003803284                vexDisplayForegroundColor
 .text.vexDisplayBackgroundColor
                0x00000000038032a8       0x24 /Users/andrewzhou/Library/Application Support/Code/User/globalStorage/vexrobotics.vexcode/sdk/cpp/V5/V5_20220726_10_00_00/vexv5/libv5rt.a(v5_apijump.c.obj)
                0x00000000038032a8                vexDisplayBackgroundColor
 .text.vexDisplayVPrintf
                0x00000000038032cc       0x50 /Users/andrewzhou/Library/Application Support/Code/User/globalStorage/vexrobotics.vexcode/sdk/cpp/V5/V5_20220726_10_00_00/vexv5/libv5rt.a(v5_apijump.c.obj)
                0x00000000038032cc                vexDisplayVPrintf
 .text.vexDisplayTextReference
                0x000000000380331c       0x24 /Users/andrewzhou/Library/Application Support/Code/User/globalStorage/vexrobotics.vexcode/sdk/cpp/V5/V5_20220726_10_00_00/vexv5/libv5rt.a(v5_apijump.c.obj)
                0x000000000380331c                vexDisplayTextReference
 .text.vexDisplayTextSize
                0x0000000003803340       0x2c /Users/andrewzhou/Library/Application Support/Code/User/globalStorage/vexrobotics.vexcode/sdk/cpp/V5/V5_20220726_10_00_00/vexv5/libv5rt.a(v5_apijump.c.obj)
                0x0000000003803340                vexDisplayTextSize
 .text.vexDisplayFontNamedSet
                0x000000000380336c       0x24 /Users/andrewzhou/Library/Application Support/Code/User/globalStorage/vexrobotics.vexcode/sdk/cpp/V5/V5_20220726_10_00_00/vexv5/libv5rt.a(v5_apijump.c.obj)
                0x000000000380336c                vexDisplayFontNamedSet
 .text.vexDisplayStringWidthGet
                0x0000000003803390       0x24 /Users/andrewzhou/Library/Application Support/Code/User/globalStorage/vexrobotics.vexcode/sdk/cpp/V5/V5_20220726_10_00_00/vexv5/libv5rt.a(v5_apijump.c.obj)
                0x0000000003803390                vexDisplayStringWidthGet
 .text.vexSystemStdlibImpureDataAddr
                0x00000000038033b4       0x28 /Users/andrewzhou/Library/Application Support/Code/User/globalStorage/vexrobotics.vexcode/sdk/cpp/V5/V5_20220726_10_00_00/vexv5/libv5rt.a(v5_apijump.c.obj)
                0x00000000038033b4                vexSystemStdlibImpureDataAddr
 .text.vexSystemStdlibImpureDataSize
                0x00000000038033dc       0x28 /Users/andrewzhou/Library/Application Support/Code/User/globalStorage/vexrobotics.vexcode/sdk/cpp/V5/V5_20220726_10_00_00/vexv5/libv5rt.a(v5_apijump.c.obj)
                0x00000000038033dc                vexSystemStdlibImpureDataSize
 .text.vexSystemSaveUserData
                0x0000000003803404       0x3c /Users/andrewzhou/Library/Application Support/Code/User/globalStorage/vexrobotics.vexcode/sdk/cpp/V5/V5_20220726_10_00_00/vexv5/libv5rt.a(v5_apijump.c.obj)
                0x0000000003803404                vexSystemSaveUserData
 .text.vexDisplayThemeIdGet
                0x0000000003803440       0x38 /Users/andrewzhou/Library/Application Support/Code/User/globalStorage/vexrobotics.vexcode/sdk/cpp/V5/V5_20220726_10_00_00/vexv5/libv5rt.a(v5_apijump.c.obj)
                0x0000000003803440                vexDisplayThemeIdGet
 .text.vexDeviceEventMaskSet
                0x0000000003803478       0x48 /Users/andrewzhou/Library/Application Support/Code/User/globalStorage/vexrobotics.vexcode/sdk/cpp/V5/V5_20220726_10_00_00/vexv5/libv5rt.a(v5_apijump.c.obj)
                0x0000000003803478                vexDeviceEventMaskSet
 .text.vexDeviceEventMaskGet
                0x00000000038034c0       0x3c /Users/andrewzhou/Library/Application Support/Code/User/globalStorage/vexrobotics.vexcode/sdk/cpp/V5/V5_20220726_10_00_00/vexv5/libv5rt.a(v5_apijump.c.obj)
                0x00000000038034c0                vexDeviceEventMaskGet
 .text.vexDeviceEventBitsSet
                0x00000000038034fc       0x48 /Users/andrewzhou/Library/Application Support/Code/User/globalStorage/vexrobotics.vexcode/sdk/cpp/V5/V5_20220726_10_00_00/vexv5/libv5rt.a(v5_apijump.c.obj)
                0x00000000038034fc                vexDeviceEventBitsSet
 .text.vexDeviceEventBitsGet
                0x0000000003803544       0x3c /Users/andrewzhou/Library/Application Support/Code/User/globalStorage/vexrobotics.vexcode/sdk/cpp/V5/V5_20220726_10_00_00/vexv5/libv5rt.a(v5_apijump.c.obj)
                0x0000000003803544                vexDeviceEventBitsGet
 .text.vexSystemVersion
                0x0000000003803580       0x10 /Users/andrewzhou/Library/Application Support/Code/User/globalStorage/vexrobotics.vexcode/sdk/cpp/V5/V5_20220726_10_00_00/vexv5/libv5rt.a(v5_apiversions.c.obj)
                0x0000000003803580                vexSystemVersion
 .text.vexStdlibVersion
                0x0000000003803590       0x10 /Users/andrewzhou/Library/Application Support/Code/User/globalStorage/vexrobotics.vexcode/sdk/cpp/V5/V5_20220726_10_00_00/vexv5/libv5rt.a(v5_apiversions.c.obj)
                0x0000000003803590                vexStdlibVersion
 .text._ZN3vex4waitEdNS_9timeUnitsE
                0x00000000038035a0       0x30 /Users/andrewzhou/Library/Application Support/Code/User/globalStorage/vexrobotics.vexcode/sdk/cpp/V5/V5_20220726_10_00_00/vexv5/libv5rt.a(vex_global.cpp.obj)
                0x00000000038035a0                vex::wait(double, vex::timeUnits)
 .text._ZN3vex5motorD2Ev
                0x00000000038035d0       0x20 /Users/andrewzhou/Library/Application Support/Code/User/globalStorage/vexrobotics.vexcode/sdk/cpp/V5/V5_20220726_10_00_00/vexv5/libv5rt.a(vex_motor.cpp.obj)
                0x00000000038035d0                vex::motor::~motor()
                0x00000000038035d0                vex::motor::~motor()
 .text._ZN3vex5motorD0Ev
                0x00000000038035f0       0x1c /Users/andrewzhou/Library/Application Support/Code/User/globalStorage/vexrobotics.vexcode/sdk/cpp/V5/V5_20220726_10_00_00/vexv5/libv5rt.a(vex_motor.cpp.obj)
                0x00000000038035f0                vex::motor::~motor()
 .text._ZN3vex5motor9installedEv
                0x000000000380360c       0x18 /Users/andrewzhou/Library/Application Support/Code/User/globalStorage/vexrobotics.vexcode/sdk/cpp/V5/V5_20220726_10_00_00/vexv5/libv5rt.a(vex_motor.cpp.obj)
                0x000000000380360c                vex::motor::installed()
 .text._ZN3vex5motor15defaultStoppingENS_9brakeTypeE
                0x0000000003803624       0x30 /Users/andrewzhou/Library/Application Support/Code/User/globalStorage/vexrobotics.vexcode/sdk/cpp/V5/V5_20220726_10_00_00/vexv5/libv5rt.a(vex_motor.cpp.obj)
                0x0000000003803624                vex::motor::defaultStopping(vex::brakeType)
 .text._ZN3vex5motorC2El
                0x0000000003803654       0x78 /Users/andrewzhou/Library/Application Support/Code/User/globalStorage/vexrobotics.vexcode/sdk/cpp/V5/V5_20220726_10_00_00/vexv5/libv5rt.a(vex_motor.cpp.obj)
                0x0000000003803654                vex::motor::motor(long)
                0x0000000003803654                vex::motor::motor(long)
 .text._ZN3vex5motorC2ElNS_11gearSettingEb
                0x00000000038036cc       0x34 /Users/andrewzhou/Library/Application Support/Code/User/globalStorage/vexrobotics.vexcode/sdk/cpp/V5/V5_20220726_10_00_00/vexv5/libv5rt.a(vex_motor.cpp.obj)
                0x00000000038036cc                vex::motor::motor(long, vex::gearSetting, bool)
                0x00000000038036cc                vex::motor::motor(long, vex::gearSetting, bool)
 .text._ZN3vex5motor4spinENS_13directionTypeEdNS_12voltageUnitsE
                0x0000000003803700       0x50 /Users/andrewzhou/Library/Application Support/Code/User/globalStorage/vexrobotics.vexcode/sdk/cpp/V5/V5_20220726_10_00_00/vexv5/libv5rt.a(vex_motor.cpp.obj)
                0x0000000003803700                vex::motor::spin(vex::directionType, double, vex::voltageUnits)
 .text._ZN3vex5motor14isSpinningModeEv
                0x0000000003803750       0x48 /Users/andrewzhou/Library/Application Support/Code/User/globalStorage/vexrobotics.vexcode/sdk/cpp/V5/V5_20220726_10_00_00/vexv5/libv5rt.a(vex_motor.cpp.obj)
                0x0000000003803750                vex::motor::isSpinningMode()
 .text._ZN3vex5motor4stopENS_9brakeTypeE
                0x0000000003803798       0x30 /Users/andrewzhou/Library/Application Support/Code/User/globalStorage/vexrobotics.vexcode/sdk/cpp/V5/V5_20220726_10_00_00/vexv5/libv5rt.a(vex_motor.cpp.obj)
                0x0000000003803798                vex::motor::stop(vex::brakeType)
 .text._ZN3vex5motor4stopEv
                0x00000000038037c8        0x8 /Users/andrewzhou/Library/Application Support/Code/User/globalStorage/vexrobotics.vexcode/sdk/cpp/V5/V5_20220726_10_00_00/vexv5/libv5rt.a(vex_motor.cpp.obj)
                0x00000000038037c8                vex::motor::stop()
 .text._ZN3vex5motor16velocityToScaledEdNS_13velocityUnitsE
                0x00000000038037d0       0x5c /Users/andrewzhou/Library/Application Support/Code/User/globalStorage/vexrobotics.vexcode/sdk/cpp/V5/V5_20220726_10_00_00/vexv5/libv5rt.a(vex_motor.cpp.obj)
                0x00000000038037d0                vex::motor::velocityToScaled(double, vex::velocityUnits)
 .text._ZN3vex5motor8velocityENS_13velocityUnitsE
                0x000000000380382c       0x30 /Users/andrewzhou/Library/Application Support/Code/User/globalStorage/vexrobotics.vexcode/sdk/cpp/V5/V5_20220726_10_00_00/vexv5/libv5rt.a(vex_motor.cpp.obj)
                0x000000000380382c                vex::motor::velocity(vex::velocityUnits)
 .text._ZN3vex5motor5valueEv
                0x000000000380385c       0x1c /Users/andrewzhou/Library/Application Support/Code/User/globalStorage/vexrobotics.vexcode/sdk/cpp/V5/V5_20220726_10_00_00/vexv5/libv5rt.a(vex_motor.cpp.obj)
                0x000000000380385c                vex::motor::value()
 .text._ZN3vex5motor16scaledToVelocityEdNS_13velocityUnitsE
                0x0000000003803878       0xa4 /Users/andrewzhou/Library/Application Support/Code/User/globalStorage/vexrobotics.vexcode/sdk/cpp/V5/V5_20220726_10_00_00/vexv5/libv5rt.a(vex_motor.cpp.obj)
                0x0000000003803878                vex::motor::scaledToVelocity(double, vex::velocityUnits)
 .text._ZN3vex5motor4spinENS_13directionTypeEdNS_13velocityUnitsE
                0x000000000380391c       0x5c /Users/andrewzhou/Library/Application Support/Code/User/globalStorage/vexrobotics.vexcode/sdk/cpp/V5/V5_20220726_10_00_00/vexv5/libv5rt.a(vex_motor.cpp.obj)
                0x000000000380391c                vex::motor::spin(vex::directionType, double, vex::velocityUnits)
 .text._ZN3vex5motor4spinENS_13directionTypeE
                0x0000000003803978       0x28 /Users/andrewzhou/Library/Application Support/Code/User/globalStorage/vexrobotics.vexcode/sdk/cpp/V5/V5_20220726_10_00_00/vexv5/libv5rt.a(vex_motor.cpp.obj)
                0x0000000003803978                vex::motor::spin(vex::directionType)
 .text._ZN3vex5motor11setVelocityEdNS_13velocityUnitsE
                0x00000000038039a0       0x54 /Users/andrewzhou/Library/Application Support/Code/User/globalStorage/vexrobotics.vexcode/sdk/cpp/V5/V5_20220726_10_00_00/vexv5/libv5rt.a(vex_motor.cpp.obj)
                0x00000000038039a0                vex::motor::setVelocity(double, vex::velocityUnits)
 .text._ZN3vex5motor16setRotationUnitsENS_13rotationUnitsE
                0x00000000038039f4       0x1c /Users/andrewzhou/Library/Application Support/Code/User/globalStorage/vexrobotics.vexcode/sdk/cpp/V5/V5_20220726_10_00_00/vexv5/libv5rt.a(vex_motor.cpp.obj)
                0x00000000038039f4                vex::motor::setRotationUnits(vex::rotationUnits)
 .text._ZN3vex5motor11setPositionEdNS_13rotationUnitsE
                0x0000000003803a10       0x44 /Users/andrewzhou/Library/Application Support/Code/User/globalStorage/vexrobotics.vexcode/sdk/cpp/V5/V5_20220726_10_00_00/vexv5/libv5rt.a(vex_motor.cpp.obj)
                0x0000000003803a10                vex::motor::setPosition(double, vex::rotationUnits)
 .text._ZN3vex5motor13resetPositionEv
                0x0000000003803a54       0x20 /Users/andrewzhou/Library/Application Support/Code/User/globalStorage/vexrobotics.vexcode/sdk/cpp/V5/V5_20220726_10_00_00/vexv5/libv5rt.a(vex_motor.cpp.obj)
                0x0000000003803a54                vex::motor::resetPosition()
 .text._ZN3vex5motor6spinToEdNS_13rotationUnitsEdNS_13velocityUnitsEb
                0x0000000003803a74       0xe0 /Users/andrewzhou/Library/Application Support/Code/User/globalStorage/vexrobotics.vexcode/sdk/cpp/V5/V5_20220726_10_00_00/vexv5/libv5rt.a(vex_motor.cpp.obj)
                0x0000000003803a74                vex::motor::spinTo(double, vex::rotationUnits, double, vex::velocityUnits, bool)
 .text._ZN3vex5motor14spinToPositionEdNS_13rotationUnitsEb
                0x0000000003803b54       0x34 /Users/andrewzhou/Library/Application Support/Code/User/globalStorage/vexrobotics.vexcode/sdk/cpp/V5/V5_20220726_10_00_00/vexv5/libv5rt.a(vex_motor.cpp.obj)
                0x0000000003803b54                vex::motor::spinToPosition(double, vex::rotationUnits, bool)
 .text._ZN3vex5motor8positionENS_13rotationUnitsE
                0x0000000003803b88       0x44 /Users/andrewzhou/Library/Application Support/Code/User/globalStorage/vexrobotics.vexcode/sdk/cpp/V5/V5_20220726_10_00_00/vexv5/libv5rt.a(vex_motor.cpp.obj)
                0x0000000003803b88                vex::motor::position(vex::rotationUnits)
 .text._ZN3vex8inertial11getTurnTypeEv
                0x0000000003803bcc        0x8 /Users/andrewzhou/Library/Application Support/Code/User/globalStorage/vexrobotics.vexcode/sdk/cpp/V5/V5_20220726_10_00_00/vexv5/libv5rt.a(vex_imu.cpp.obj)
                0x0000000003803bcc                vex::inertial::getTurnType()
 .text._ZThn16_N3vex8inertial11getTurnTypeEv
                0x0000000003803bd4        0x8 /Users/andrewzhou/Library/Application Support/Code/User/globalStorage/vexrobotics.vexcode/sdk/cpp/V5/V5_20220726_10_00_00/vexv5/libv5rt.a(vex_imu.cpp.obj)
                0x0000000003803bd4                non-virtual thunk to vex::inertial::getTurnType()
 *fill*         0x0000000003803bdc        0x4 
 .text._ZN3vex8inertial10setHeadingEdNS_13rotationUnitsE
                0x0000000003803be0       0x58 /Users/andrewzhou/Library/Application Support/Code/User/globalStorage/vexrobotics.vexcode/sdk/cpp/V5/V5_20220726_10_00_00/vexv5/libv5rt.a(vex_imu.cpp.obj)
                0x0000000003803be0                vex::inertial::setHeading(double, vex::rotationUnits)
 .text._ZThn16_N3vex8inertial10setHeadingEdNS_13rotationUnitsE
                0x0000000003803c38        0x8 /Users/andrewzhou/Library/Application Support/Code/User/globalStorage/vexrobotics.vexcode/sdk/cpp/V5/V5_20220726_10_00_00/vexv5/libv5rt.a(vex_imu.cpp.obj)
                0x0000000003803c38                non-virtual thunk to vex::inertial::setHeading(double, vex::rotationUnits)
 .text._ZN3vex8inertial11setRotationEdNS_13rotationUnitsE
                0x0000000003803c40       0x58 /Users/andrewzhou/Library/Application Support/Code/User/globalStorage/vexrobotics.vexcode/sdk/cpp/V5/V5_20220726_10_00_00/vexv5/libv5rt.a(vex_imu.cpp.obj)
                0x0000000003803c40                vex::inertial::setRotation(double, vex::rotationUnits)
 .text._ZThn16_N3vex8inertial11setRotationEdNS_13rotationUnitsE
                0x0000000003803c98        0x8 /Users/andrewzhou/Library/Application Support/Code/User/globalStorage/vexrobotics.vexcode/sdk/cpp/V5/V5_20220726_10_00_00/vexv5/libv5rt.a(vex_imu.cpp.obj)
                0x0000000003803c98                non-virtual thunk to vex::inertial::setRotation(double, vex::rotationUnits)
 .text._ZN3vex8inertialD2Ev
                0x0000000003803ca0       0x20 /Users/andrewzhou/Library/Application Support/Code/User/globalStorage/vexrobotics.vexcode/sdk/cpp/V5/V5_20220726_10_00_00/vexv5/libv5rt.a(vex_imu.cpp.obj)
                0x0000000003803ca0                vex::inertial::~inertial()
                0x0000000003803ca0                vex::inertial::~inertial()
 .text._ZThn16_N3vex8inertialD1Ev
                0x0000000003803cc0        0x8 /Users/andrewzhou/Library/Application Support/Code/User/globalStorage/vexrobotics.vexcode/sdk/cpp/V5/V5_20220726_10_00_00/vexv5/libv5rt.a(vex_imu.cpp.obj)
                0x0000000003803cc0                non-virtual thunk to vex::inertial::~inertial()
 .text._ZN3vex8inertialD0Ev
                0x0000000003803cc8       0x1c /Users/andrewzhou/Library/Application Support/Code/User/globalStorage/vexrobotics.vexcode/sdk/cpp/V5/V5_20220726_10_00_00/vexv5/libv5rt.a(vex_imu.cpp.obj)
                0x0000000003803cc8                vex::inertial::~inertial()
 .text._ZThn16_N3vex8inertialD0Ev
                0x0000000003803ce4        0x8 /Users/andrewzhou/Library/Application Support/Code/User/globalStorage/vexrobotics.vexcode/sdk/cpp/V5/V5_20220726_10_00_00/vexv5/libv5rt.a(vex_imu.cpp.obj)
                0x0000000003803ce4                non-virtual thunk to vex::inertial::~inertial()
 .text._ZN3vex8inertial9installedEv
                0x0000000003803cec       0x18 /Users/andrewzhou/Library/Application Support/Code/User/globalStorage/vexrobotics.vexcode/sdk/cpp/V5/V5_20220726_10_00_00/vexv5/libv5rt.a(vex_imu.cpp.obj)
                0x0000000003803cec                vex::inertial::installed()
 .text._ZN3vex8inertial5angleENS_13rotationUnitsE
                0x0000000003803d04       0x6c /Users/andrewzhou/Library/Application Support/Code/User/globalStorage/vexrobotics.vexcode/sdk/cpp/V5/V5_20220726_10_00_00/vexv5/libv5rt.a(vex_imu.cpp.obj)
                0x0000000003803d04                vex::inertial::angle(vex::rotationUnits)
 .text._ZThn16_N3vex8inertial5angleENS_13rotationUnitsE
                0x0000000003803d70        0x8 /Users/andrewzhou/Library/Application Support/Code/User/globalStorage/vexrobotics.vexcode/sdk/cpp/V5/V5_20220726_10_00_00/vexv5/libv5rt.a(vex_imu.cpp.obj)
                0x0000000003803d70                non-virtual thunk to vex::inertial::angle(vex::rotationUnits)
 .text._ZN3vex8inertial7headingENS_13rotationUnitsE
                0x0000000003803d78        0x4 /Users/andrewzhou/Library/Application Support/Code/User/globalStorage/vexrobotics.vexcode/sdk/cpp/V5/V5_20220726_10_00_00/vexv5/libv5rt.a(vex_imu.cpp.obj)
                0x0000000003803d78                vex::inertial::heading(vex::rotationUnits)
 .text._ZThn16_N3vex8inertial7headingENS_13rotationUnitsE
                0x0000000003803d7c        0x8 /Users/andrewzhou/Library/Application Support/Code/User/globalStorage/vexrobotics.vexcode/sdk/cpp/V5/V5_20220726_10_00_00/vexv5/libv5rt.a(vex_imu.cpp.obj)
                0x0000000003803d7c                non-virtual thunk to vex::inertial::heading(vex::rotationUnits)
 .text._ZN3vex8inertial5valueEv
                0x0000000003803d84       0x1c /Users/andrewzhou/Library/Application Support/Code/User/globalStorage/vexrobotics.vexcode/sdk/cpp/V5/V5_20220726_10_00_00/vexv5/libv5rt.a(vex_imu.cpp.obj)
                0x0000000003803d84                vex::inertial::value()
 .text._ZN3vex8inertial8rotationENS_13rotationUnitsE
                0x0000000003803da0       0x48 /Users/andrewzhou/Library/Application Support/Code/User/globalStorage/vexrobotics.vexcode/sdk/cpp/V5/V5_20220726_10_00_00/vexv5/libv5rt.a(vex_imu.cpp.obj)
                0x0000000003803da0                vex::inertial::rotation(vex::rotationUnits)
 .text._ZThn16_N3vex8inertial8rotationENS_13rotationUnitsE
                0x0000000003803de8        0x8 /Users/andrewzhou/Library/Application Support/Code/User/globalStorage/vexrobotics.vexcode/sdk/cpp/V5/V5_20220726_10_00_00/vexv5/libv5rt.a(vex_imu.cpp.obj)
                0x0000000003803de8                non-virtual thunk to vex::inertial::rotation(vex::rotationUnits)
 .text._ZN3vex8inertial13isCalibratingEv
                0x0000000003803df0       0x38 /Users/andrewzhou/Library/Application Support/Code/User/globalStorage/vexrobotics.vexcode/sdk/cpp/V5/V5_20220726_10_00_00/vexv5/libv5rt.a(vex_imu.cpp.obj)
                0x0000000003803df0                vex::inertial::isCalibrating()
 .text._ZThn16_N3vex8inertial13isCalibratingEv
                0x0000000003803e28        0x8 /Users/andrewzhou/Library/Application Support/Code/User/globalStorage/vexrobotics.vexcode/sdk/cpp/V5/V5_20220726_10_00_00/vexv5/libv5rt.a(vex_imu.cpp.obj)
                0x0000000003803e28                non-virtual thunk to vex::inertial::isCalibrating()
 .text._ZN3vex8inertialC2ElNS_8turnTypeE
                0x0000000003803e30       0x4c /Users/andrewzhou/Library/Application Support/Code/User/globalStorage/vexrobotics.vexcode/sdk/cpp/V5/V5_20220726_10_00_00/vexv5/libv5rt.a(vex_imu.cpp.obj)
                0x0000000003803e30                vex::inertial::inertial(long, vex::turnType)
                0x0000000003803e30                vex::inertial::inertial(long, vex::turnType)
 *fill*         0x0000000003803e7c        0x4 
 .text._ZN3vex8inertial5pitchENS_13rotationUnitsE
                0x0000000003803e80       0x40 /Users/andrewzhou/Library/Application Support/Code/User/globalStorage/vexrobotics.vexcode/sdk/cpp/V5/V5_20220726_10_00_00/vexv5/libv5rt.a(vex_imu.cpp.obj)
                0x0000000003803e80                vex::inertial::pitch(vex::rotationUnits)
 .text._ZN3vex8inertial13resetRotationEv
                0x0000000003803ec0       0x20 /Users/andrewzhou/Library/Application Support/Code/User/globalStorage/vexrobotics.vexcode/sdk/cpp/V5/V5_20220726_10_00_00/vexv5/libv5rt.a(vex_imu.cpp.obj)
                0x0000000003803ec0                vex::inertial::resetRotation()
 .text._ZN3vex8inertial16startCalibrationEl
                0x0000000003803ee0       0x20 /Users/andrewzhou/Library/Application Support/Code/User/globalStorage/vexrobotics.vexcode/sdk/cpp/V5/V5_20220726_10_00_00/vexv5/libv5rt.a(vex_imu.cpp.obj)
                0x0000000003803ee0                vex::inertial::startCalibration(long)
 .text._ZN3vex8inertial9calibrateEl
                0x0000000003803f00        0xc /Users/andrewzhou/Library/Application Support/Code/User/globalStorage/vexrobotics.vexcode/sdk/cpp/V5/V5_20220726_10_00_00/vexv5/libv5rt.a(vex_imu.cpp.obj)
                0x0000000003803f00                vex::inertial::calibrate(long)
                0x0000000003803f04                non-virtual thunk to vex::inertial::calibrate(long)
 .text._ZN3vex8rotationD2Ev
                0x0000000003803f0c       0x20 /Users/andrewzhou/Library/Application Support/Code/User/globalStorage/vexrobotics.vexcode/sdk/cpp/V5/V5_20220726_10_00_00/vexv5/libv5rt.a(vex_rotation.cpp.obj)
                0x0000000003803f0c                vex::rotation::~rotation()
                0x0000000003803f0c                vex::rotation::~rotation()
 .text._ZN3vex8rotationD0Ev
                0x0000000003803f2c       0x1c /Users/andrewzhou/Library/Application Support/Code/User/globalStorage/vexrobotics.vexcode/sdk/cpp/V5/V5_20220726_10_00_00/vexv5/libv5rt.a(vex_rotation.cpp.obj)
                0x0000000003803f2c                vex::rotation::~rotation()
 .text._ZN3vex8rotation9installedEv
                0x0000000003803f48       0x18 /Users/andrewzhou/Library/Application Support/Code/User/globalStorage/vexrobotics.vexcode/sdk/cpp/V5/V5_20220726_10_00_00/vexv5/libv5rt.a(vex_rotation.cpp.obj)
                0x0000000003803f48                vex::rotation::installed()
 .text._ZN3vex8rotation5valueEv
                0x0000000003803f60        0x8 /Users/andrewzhou/Library/Application Support/Code/User/globalStorage/vexrobotics.vexcode/sdk/cpp/V5/V5_20220726_10_00_00/vexv5/libv5rt.a(vex_rotation.cpp.obj)
                0x0000000003803f60                vex::rotation::value()
 .text._ZN3vex8rotationC2Elb
                0x0000000003803f68       0x30 /Users/andrewzhou/Library/Application Support/Code/User/globalStorage/vexrobotics.vexcode/sdk/cpp/V5/V5_20220726_10_00_00/vexv5/libv5rt.a(vex_rotation.cpp.obj)
                0x0000000003803f68                vex::rotation::rotation(long, bool)
                0x0000000003803f68                vex::rotation::rotation(long, bool)
 .text._ZN3vex8rotation5angleENS_13rotationUnitsE
                0x0000000003803f98       0x50 /Users/andrewzhou/Library/Application Support/Code/User/globalStorage/vexrobotics.vexcode/sdk/cpp/V5/V5_20220726_10_00_00/vexv5/libv5rt.a(vex_rotation.cpp.obj)
                0x0000000003803f98                vex::rotation::angle(vex::rotationUnits)
 .text._ZN3vex8rotation13resetPositionEv
                0x0000000003803fe8        0xc /Users/andrewzhou/Library/Application Support/Code/User/globalStorage/vexrobotics.vexcode/sdk/cpp/V5/V5_20220726_10_00_00/vexv5/libv5rt.a(vex_rotation.cpp.obj)
                0x0000000003803fe8                vex::rotation::resetPosition()
 .text._ZN3vex10controllerD2Ev
                0x0000000003803ff4        0x4 /Users/andrewzhou/Library/Application Support/Code/User/globalStorage/vexrobotics.vexcode/sdk/cpp/V5/V5_20220726_10_00_00/vexv5/libv5rt.a(vex_controller.cpp.obj)
                0x0000000003803ff4                vex::controller::~controller()
                0x0000000003803ff4                vex::controller::~controller()
 .text._ZN3vex10controller5valueE19_V5_ControllerIndex
                0x0000000003803ff8        0x8 /Users/andrewzhou/Library/Application Support/Code/User/globalStorage/vexrobotics.vexcode/sdk/cpp/V5/V5_20220726_10_00_00/vexv5/libv5rt.a(vex_controller.cpp.obj)
                0x0000000003803ff8                vex::controller::value(_V5_ControllerIndex)
 .text._ZNK3vex10controller6button8pressingEv
                0x0000000003804000       0xc8 /Users/andrewzhou/Library/Application Support/Code/User/globalStorage/vexrobotics.vexcode/sdk/cpp/V5/V5_20220726_10_00_00/vexv5/libv5rt.a(vex_controller.cpp.obj)
                0x0000000003804000                vex::controller::button::pressing() const
 .text._ZNK3vex10controller6button21_buttonToPressedEventEv
                0x00000000038040c8       0x20 /Users/andrewzhou/Library/Application Support/Code/User/globalStorage/vexrobotics.vexcode/sdk/cpp/V5/V5_20220726_10_00_00/vexv5/libv5rt.a(vex_controller.cpp.obj)
                0x00000000038040c8                vex::controller::button::_buttonToPressedEvent() const
 .text._ZNK3vex10controller6button22_buttonToReleasedEventEv
                0x00000000038040e8       0x20 /Users/andrewzhou/Library/Application Support/Code/User/globalStorage/vexrobotics.vexcode/sdk/cpp/V5/V5_20220726_10_00_00/vexv5/libv5rt.a(vex_controller.cpp.obj)
                0x00000000038040e8                vex::controller::button::_buttonToReleasedEvent() const
 .text._ZN3vex10controller6buttonC2ENS0_11tButtonTypeEPS0_
                0x0000000003804108       0x48 /Users/andrewzhou/Library/Application Support/Code/User/globalStorage/vexrobotics.vexcode/sdk/cpp/V5/V5_20220726_10_00_00/vexv5/libv5rt.a(vex_controller.cpp.obj)
                0x0000000003804108                vex::controller::button::button(vex::controller::tButtonType, vex::controller*)
                0x0000000003804108                vex::controller::button::button(vex::controller::tButtonType, vex::controller*)
 .text._ZNK3vex10controller4axis5valueEv
                0x0000000003804150       0x58 /Users/andrewzhou/Library/Application Support/Code/User/globalStorage/vexrobotics.vexcode/sdk/cpp/V5/V5_20220726_10_00_00/vexv5/libv5rt.a(vex_controller.cpp.obj)
                0x0000000003804150                vex::controller::axis::value() const
 .text._ZNK3vex10controller4axis23_joystickToChangedEventEv
                0x00000000038041a8       0x20 /Users/andrewzhou/Library/Application Support/Code/User/globalStorage/vexrobotics.vexcode/sdk/cpp/V5/V5_20220726_10_00_00/vexv5/libv5rt.a(vex_controller.cpp.obj)
                0x00000000038041a8                vex::controller::axis::_joystickToChangedEvent() const
 .text._ZN3vex10controller4axisC2ENS0_9tAxisTypeEPS0_
                0x00000000038041c8       0x2c /Users/andrewzhou/Library/Application Support/Code/User/globalStorage/vexrobotics.vexcode/sdk/cpp/V5/V5_20220726_10_00_00/vexv5/libv5rt.a(vex_controller.cpp.obj)
                0x00000000038041c8                vex::controller::axis::axis(vex::controller::tAxisType, vex::controller*)
                0x00000000038041c8                vex::controller::axis::axis(vex::controller::tAxisType, vex::controller*)
 .text._ZN3vex10controllerC2ENS_14controllerTypeE
                0x00000000038041f4      0x16c /Users/andrewzhou/Library/Application Support/Code/User/globalStorage/vexrobotics.vexcode/sdk/cpp/V5/V5_20220726_10_00_00/vexv5/libv5rt.a(vex_controller.cpp.obj)
                0x00000000038041f4                vex::controller::controller(vex::controllerType)
                0x00000000038041f4                vex::controller::controller(vex::controllerType)
 .text._ZN3vex6threadC2EPFivE
                0x0000000003804360       0x5c /Users/andrewzhou/Library/Application Support/Code/User/globalStorage/vexrobotics.vexcode/sdk/cpp/V5/V5_20220726_10_00_00/vexv5/libv5rt.a(vex_thread.cpp.obj)
                0x0000000003804360                vex::thread::thread(int (*)())
                0x0000000003804360                vex::thread::thread(int (*)())
 .text._ZN3vex11this_thread9sleep_forEm
                0x00000000038043bc        0x4 /Users/andrewzhou/Library/Application Support/Code/User/globalStorage/vexrobotics.vexcode/sdk/cpp/V5/V5_20220726_10_00_00/vexv5/libv5rt.a(vex_thread.cpp.obj)
                0x00000000038043bc                vex::this_thread::sleep_for(unsigned long)
 .text._ZN3vex5event4initEmmPFvvE
                0x00000000038043c0        0x4 /Users/andrewzhou/Library/Application Support/Code/User/globalStorage/vexrobotics.vexcode/sdk/cpp/V5/V5_20220726_10_00_00/vexv5/libv5rt.a(vex_event.cpp.obj)
                0x00000000038043c0                vex::event::init(unsigned long, unsigned long, void (*)())
 .text._ZN3vex5event4initEmmPFvPvES1_
                0x00000000038043c4        0x4 /Users/andrewzhou/Library/Application Support/Code/User/globalStorage/vexrobotics.vexcode/sdk/cpp/V5/V5_20220726_10_00_00/vexv5/libv5rt.a(vex_event.cpp.obj)
                0x00000000038043c4                vex::event::init(unsigned long, unsigned long, void (*)(void*), void*)
 .text._ZN3vex5event9userindexEv
                0x00000000038043c8        0x4 /Users/andrewzhou/Library/Application Support/Code/User/globalStorage/vexrobotics.vexcode/sdk/cpp/V5/V5_20220726_10_00_00/vexv5/libv5rt.a(vex_event.cpp.obj)
                0x00000000038043c8                vex::event::userindex()
 .text._ZZN3vex6meventC4EmmENUlvE_4_FUNEv
                0x00000000038043cc        0x4 /Users/andrewzhou/Library/Application Support/Code/User/globalStorage/vexrobotics.vexcode/sdk/cpp/V5/V5_20220726_10_00_00/vexv5/libv5rt.a(vex_mevent.cpp.obj)
 .text._ZN3vex6meventC2Emm
                0x00000000038043d0       0x70 /Users/andrewzhou/Library/Application Support/Code/User/globalStorage/vexrobotics.vexcode/sdk/cpp/V5/V5_20220726_10_00_00/vexv5/libv5rt.a(vex_mevent.cpp.obj)
                0x00000000038043d0                vex::mevent::mevent(unsigned long, unsigned long)
                0x00000000038043d0                vex::mevent::mevent(unsigned long, unsigned long)
 .text._ZNK3vex6meventcviEv
                0x0000000003804440       0x4c /Users/andrewzhou/Library/Application Support/Code/User/globalStorage/vexrobotics.vexcode/sdk/cpp/V5/V5_20220726_10_00_00/vexv5/libv5rt.a(vex_mevent.cpp.obj)
                0x0000000003804440                vex::mevent::operator int() const
 .text._ZN3vex5brain9_getIndexEv
                0x000000000380448c       0x10 /Users/andrewzhou/Library/Application Support/Code/User/globalStorage/vexrobotics.vexcode/sdk/cpp/V5/V5_20220726_10_00_00/vexv5/libv5rt.a(vex_brain.cpp.obj)
                0x000000000380448c                vex::brain::_getIndex()
 .text._ZN3vex5brain3lcd9setCursorEll
                0x000000000380449c       0x44 /Users/andrewzhou/Library/Application Support/Code/User/globalStorage/vexrobotics.vexcode/sdk/cpp/V5/V5_20220726_10_00_00/vexv5/libv5rt.a(vex_brain.cpp.obj)
                0x000000000380449c                vex::brain::lcd::setCursor(long, long)
 .text._ZN3vex5brain3lcd7setFontENS_8fontTypeE
                0x00000000038044e0      0x23c /Users/andrewzhou/Library/Application Support/Code/User/globalStorage/vexrobotics.vexcode/sdk/cpp/V5/V5_20220726_10_00_00/vexv5/libv5rt.a(vex_brain.cpp.obj)
                0x00000000038044e0                vex::brain::lcd::setFont(vex::fontType)
 .text._ZN3vex5brain3lcdC2Ev
                0x000000000380471c       0x94 /Users/andrewzhou/Library/Application Support/Code/User/globalStorage/vexrobotics.vexcode/sdk/cpp/V5/V5_20220726_10_00_00/vexv5/libv5rt.a(vex_brain.cpp.obj)
                0x000000000380471c                vex::brain::lcd::lcd()
                0x000000000380471c                vex::brain::lcd::lcd()
 .text._ZN3vex5brainC2Ev
                0x00000000038047b0       0x3c /Users/andrewzhou/Library/Application Support/Code/User/globalStorage/vexrobotics.vexcode/sdk/cpp/V5/V5_20220726_10_00_00/vexv5/libv5rt.a(vex_brain.cpp.obj)
                0x00000000038047b0                vex::brain::brain()
                0x00000000038047b0                vex::brain::brain()
 .text._ZN3vex5brain3lcd10rowToPixelEl
                0x00000000038047ec       0x34 /Users/andrewzhou/Library/Application Support/Code/User/globalStorage/vexrobotics.vexcode/sdk/cpp/V5/V5_20220726_10_00_00/vexv5/libv5rt.a(vex_brain.cpp.obj)
                0x00000000038047ec                vex::brain::lcd::rowToPixel(long)
 .text._ZN3vex5brain3lcd5printEPKcz
                0x0000000003804820       0xb8 /Users/andrewzhou/Library/Application Support/Code/User/globalStorage/vexrobotics.vexcode/sdk/cpp/V5/V5_20220726_10_00_00/vexv5/libv5rt.a(vex_brain.cpp.obj)
                0x0000000003804820                vex::brain::lcd::print(char const*, ...)
 .text._ZN3vex5brainD2Ev
                0x00000000038048d8       0x20 /Users/andrewzhou/Library/Application Support/Code/User/globalStorage/vexrobotics.vexcode/sdk/cpp/V5/V5_20220726_10_00_00/vexv5/libv5rt.a(vex_brain.cpp.obj)
                0x00000000038048d8                vex::brain::~brain()
                0x00000000038048d8                vex::brain::~brain()
 .text._ZN3vex11competition8_disableEPv
                0x00000000038048f8       0xa4 /Users/andrewzhou/Library/Application Support/Code/User/globalStorage/vexrobotics.vexcode/sdk/cpp/V5/V5_20220726_10_00_00/vexv5/libv5rt.a(vex_competition.cpp.obj)
                0x00000000038048f8                vex::competition::_disable(void*)
 .text._ZN3vex11competition11_autonomousEv
                0x000000000380499c       0x80 /Users/andrewzhou/Library/Application Support/Code/User/globalStorage/vexrobotics.vexcode/sdk/cpp/V5/V5_20220726_10_00_00/vexv5/libv5rt.a(vex_competition.cpp.obj)
                0x000000000380499c                vex::competition::_autonomous()
 .text._ZN3vex11competition14_drivercontrolEv
                0x0000000003804a1c       0x80 /Users/andrewzhou/Library/Application Support/Code/User/globalStorage/vexrobotics.vexcode/sdk/cpp/V5/V5_20220726_10_00_00/vexv5/libv5rt.a(vex_competition.cpp.obj)
                0x0000000003804a1c                vex::competition::_drivercontrol()
 .text._ZN3vex11competitionC2Ev
                0x0000000003804a9c      0x13c /Users/andrewzhou/Library/Application Support/Code/User/globalStorage/vexrobotics.vexcode/sdk/cpp/V5/V5_20220726_10_00_00/vexv5/libv5rt.a(vex_competition.cpp.obj)
                0x0000000003804a9c                vex::competition::competition()
                0x0000000003804a9c                vex::competition::competition()
 .text._ZN3vex11competitionD2Ev
                0x0000000003804bd8        0x4 /Users/andrewzhou/Library/Application Support/Code/User/globalStorage/vexrobotics.vexcode/sdk/cpp/V5/V5_20220726_10_00_00/vexv5/libv5rt.a(vex_competition.cpp.obj)
                0x0000000003804bd8                vex::competition::~competition()
                0x0000000003804bd8                vex::competition::~competition()
 .text._ZN3vex11competition10autonomousEPFvvE
                0x0000000003804bdc       0x44 /Users/andrewzhou/Library/Application Support/Code/User/globalStorage/vexrobotics.vexcode/sdk/cpp/V5/V5_20220726_10_00_00/vexv5/libv5rt.a(vex_competition.cpp.obj)
                0x0000000003804bdc                vex::competition::autonomous(void (*)())
 .text._ZN3vex11competition13drivercontrolEPFvvE
                0x0000000003804c20       0x44 /Users/andrewzhou/Library/Application Support/Code/User/globalStorage/vexrobotics.vexcode/sdk/cpp/V5/V5_20220726_10_00_00/vexv5/libv5rt.a(vex_competition.cpp.obj)
                0x0000000003804c20                vex::competition::drivercontrol(void (*)())
 .text._ZN3vex7triportD2Ev
                0x0000000003804c64       0x38 /Users/andrewzhou/Library/Application Support/Code/User/globalStorage/vexrobotics.vexcode/sdk/cpp/V5/V5_20220726_10_00_00/vexv5/libv5rt.a(vex_triport.cpp.obj)
                0x0000000003804c64                vex::triport::~triport()
                0x0000000003804c64                vex::triport::~triport()
 .text._ZN3vex7triportD0Ev
                0x0000000003804c9c       0x1c /Users/andrewzhou/Library/Application Support/Code/User/globalStorage/vexrobotics.vexcode/sdk/cpp/V5/V5_20220726_10_00_00/vexv5/libv5rt.a(vex_triport.cpp.obj)
                0x0000000003804c9c                vex::triport::~triport()
 .text._ZN3vex7triport9installedEv
                0x0000000003804cb8       0x18 /Users/andrewzhou/Library/Application Support/Code/User/globalStorage/vexrobotics.vexcode/sdk/cpp/V5/V5_20220726_10_00_00/vexv5/libv5rt.a(vex_triport.cpp.obj)
                0x0000000003804cb8                vex::triport::installed()
 .text._ZN3vex7triport4portC2ElPS0_
                0x0000000003804cd0       0x74 /Users/andrewzhou/Library/Application Support/Code/User/globalStorage/vexrobotics.vexcode/sdk/cpp/V5/V5_20220726_10_00_00/vexv5/libv5rt.a(vex_triport.cpp.obj)
                0x0000000003804cd0                vex::triport::port::port(long, vex::triport*)
                0x0000000003804cd0                vex::triport::port::port(long, vex::triport*)
 .text._ZN3vex7triportC2El
                0x0000000003804d44       0xf0 /Users/andrewzhou/Library/Application Support/Code/User/globalStorage/vexrobotics.vexcode/sdk/cpp/V5/V5_20220726_10_00_00/vexv5/libv5rt.a(vex_triport.cpp.obj)
                0x0000000003804d44                vex::triport::triport(long)
                0x0000000003804d44                vex::triport::triport(long)
 .text._ZN3vex7triport4port4typeENS_11triportTypeE
                0x0000000003804e34       0x30 /Users/andrewzhou/Library/Application Support/Code/User/globalStorage/vexrobotics.vexcode/sdk/cpp/V5/V5_20220726_10_00_00/vexv5/libv5rt.a(vex_triport.cpp.obj)
                0x0000000003804e34                vex::triport::port::type(vex::triportType)
 .text._ZN3vex7triport4port4typeEv
                0x0000000003804e64       0x38 /Users/andrewzhou/Library/Application Support/Code/User/globalStorage/vexrobotics.vexcode/sdk/cpp/V5/V5_20220726_10_00_00/vexv5/libv5rt.a(vex_triport.cpp.obj)
                0x0000000003804e64                vex::triport::port::type()
 .text._ZN3vex7triport4port5valueEl
                0x0000000003804e9c       0x18 /Users/andrewzhou/Library/Application Support/Code/User/globalStorage/vexrobotics.vexcode/sdk/cpp/V5/V5_20220726_10_00_00/vexv5/libv5rt.a(vex_triport.cpp.obj)
                0x0000000003804e9c                vex::triport::port::value(long)
 .text._ZN3vex11__trideviceC2ERNS_7triport4portENS_11triportTypeE
                0x0000000003804eb4       0x5c /Users/andrewzhou/Library/Application Support/Code/User/globalStorage/vexrobotics.vexcode/sdk/cpp/V5/V5_20220726_10_00_00/vexv5/libv5rt.a(vex_triport.cpp.obj)
                0x0000000003804eb4                vex::__tridevice::__tridevice(vex::triport::port&, vex::triportType)
                0x0000000003804eb4                vex::__tridevice::__tridevice(vex::triport::port&, vex::triportType)
 .text._ZN3vex5limitC2ERNS_7triport4portE
                0x0000000003804f10       0x28 /Users/andrewzhou/Library/Application Support/Code/User/globalStorage/vexrobotics.vexcode/sdk/cpp/V5/V5_20220726_10_00_00/vexv5/libv5rt.a(vex_triport.cpp.obj)
                0x0000000003804f10                vex::limit::limit(vex::triport::port&)
                0x0000000003804f10                vex::limit::limit(vex::triport::port&)
 .text._ZN3vex5limitD2Ev
                0x0000000003804f38        0x4 /Users/andrewzhou/Library/Application Support/Code/User/globalStorage/vexrobotics.vexcode/sdk/cpp/V5/V5_20220726_10_00_00/vexv5/libv5rt.a(vex_triport.cpp.obj)
                0x0000000003804f38                vex::limit::~limit()
                0x0000000003804f38                vex::limit::~limit()
 .text._ZN3vex11digital_outC2ERNS_7triport4portE
                0x0000000003804f3c       0x18 /Users/andrewzhou/Library/Application Support/Code/User/globalStorage/vexrobotics.vexcode/sdk/cpp/V5/V5_20220726_10_00_00/vexv5/libv5rt.a(vex_triport.cpp.obj)
                0x0000000003804f3c                vex::digital_out::digital_out(vex::triport::port&)
                0x0000000003804f3c                vex::digital_out::digital_out(vex::triport::port&)
 .text._ZN3vex11digital_out3setEb
                0x0000000003804f54        0x8 /Users/andrewzhou/Library/Application Support/Code/User/globalStorage/vexrobotics.vexcode/sdk/cpp/V5/V5_20220726_10_00_00/vexv5/libv5rt.a(vex_triport.cpp.obj)
                0x0000000003804f54                vex::digital_out::set(bool)
 .text._ZN3vex3ledC2ERNS_7triport4portE
                0x0000000003804f5c       0x14 /Users/andrewzhou/Library/Application Support/Code/User/globalStorage/vexrobotics.vexcode/sdk/cpp/V5/V5_20220726_10_00_00/vexv5/libv5rt.a(vex_triport.cpp.obj)
                0x0000000003804f5c                vex::led::led(vex::triport::port&)
                0x0000000003804f5c                vex::led::led(vex::triport::port&)
 .text._ZN3vex3ledD2Ev
                0x0000000003804f70        0x4 /Users/andrewzhou/Library/Application Support/Code/User/globalStorage/vexrobotics.vexcode/sdk/cpp/V5/V5_20220726_10_00_00/vexv5/libv5rt.a(vex_triport.cpp.obj)
                0x0000000003804f70                vex::led::~led()
                0x0000000003804f70                vex::led::~led()
 .text._ZN3vex3led2onEv
                0x0000000003804f74        0x8 /Users/andrewzhou/Library/Application Support/Code/User/globalStorage/vexrobotics.vexcode/sdk/cpp/V5/V5_20220726_10_00_00/vexv5/libv5rt.a(vex_triport.cpp.obj)
                0x0000000003804f74                vex::led::on()
 .text._ZN3vex3led3offEv
                0x0000000003804f7c        0x8 /Users/andrewzhou/Library/Application Support/Code/User/globalStorage/vexrobotics.vexcode/sdk/cpp/V5/V5_20220726_10_00_00/vexv5/libv5rt.a(vex_triport.cpp.obj)
                0x0000000003804f7c                vex::led::off()
 .text._ZN3vex5colorD2Ev
                0x0000000003804f84        0x4 /Users/andrewzhou/Library/Application Support/Code/User/globalStorage/vexrobotics.vexcode/sdk/cpp/V5/V5_20220726_10_00_00/vexv5/libv5rt.a(vex_color.cpp.obj)
                0x0000000003804f84                vex::color::~color()
                0x0000000003804f84                vex::color::~color()
 .text.startup._GLOBAL__sub_I__ZN3vex5color5blackE
                0x0000000003804f88      0x164 /Users/andrewzhou/Library/Application Support/Code/User/globalStorage/vexrobotics.vexcode/sdk/cpp/V5/V5_20220726_10_00_00/vexv5/libv5rt.a(vex_color.cpp.obj)
 .text._ZN3vex5timerD2Ev
                0x00000000038050ec        0x4 /Users/andrewzhou/Library/Application Support/Code/User/globalStorage/vexrobotics.vexcode/sdk/cpp/V5/V5_20220726_10_00_00/vexv5/libv5rt.a(vex_timer.cpp.obj)
                0x00000000038050ec                vex::timer::~timer()
                0x00000000038050ec                vex::timer::~timer()
 .text._ZN3vex5timer5clearEv
                0x00000000038050f0       0x1c /Users/andrewzhou/Library/Application Support/Code/User/globalStorage/vexrobotics.vexcode/sdk/cpp/V5/V5_20220726_10_00_00/vexv5/libv5rt.a(vex_timer.cpp.obj)
                0x00000000038050f0                vex::timer::clear()
 .text._ZN3vex5timerC2Ev
                0x000000000380510c       0x14 /Users/andrewzhou/Library/Application Support/Code/User/globalStorage/vexrobotics.vexcode/sdk/cpp/V5/V5_20220726_10_00_00/vexv5/libv5rt.a(vex_timer.cpp.obj)
                0x000000000380510c                vex::timer::timer()
                0x000000000380510c                vex::timer::timer()
 .text._ZNK3vex5timer4timeENS_9timeUnitsE
                0x0000000003805120       0x40 /Users/andrewzhou/Library/Application Support/Code/User/globalStorage/vexrobotics.vexcode/sdk/cpp/V5/V5_20220726_10_00_00/vexv5/libv5rt.a(vex_timer.cpp.obj)
                0x0000000003805120                vex::timer::time(vex::timeUnits) const
 .text._ZNK3vex5timer5valueEv
                0x0000000003805160        0x8 /Users/andrewzhou/Library/Application Support/Code/User/globalStorage/vexrobotics.vexcode/sdk/cpp/V5/V5_20220726_10_00_00/vexv5/libv5rt.a(vex_timer.cpp.obj)
                0x0000000003805160                vex::timer::value() const
 .text.vexAdiPortConfigSet
                0x0000000003805168       0x28 /Users/andrewzhou/Library/Application Support/Code/User/globalStorage/vexrobotics.vexcode/sdk/cpp/V5/V5_20220726_10_00_00/vexv5/libv5rt.a(v5_apiuser.c.obj)
                0x0000000003805168                vexAdiPortConfigSet
 .text.vexAdiPortConfigGet
                0x0000000003805190       0x28 /Users/andrewzhou/Library/Application Support/Code/User/globalStorage/vexrobotics.vexcode/sdk/cpp/V5/V5_20220726_10_00_00/vexv5/libv5rt.a(v5_apiuser.c.obj)
                0x0000000003805190                vexAdiPortConfigGet
 .text.vexAdiValueSet
                0x00000000038051b8       0x28 /Users/andrewzhou/Library/Application Support/Code/User/globalStorage/vexrobotics.vexcode/sdk/cpp/V5/V5_20220726_10_00_00/vexv5/libv5rt.a(v5_apiuser.c.obj)
                0x00000000038051b8                vexAdiValueSet
 .text.vexMotorVelocitySet
                0x00000000038051e0       0x20 /Users/andrewzhou/Library/Application Support/Code/User/globalStorage/vexrobotics.vexcode/sdk/cpp/V5/V5_20220726_10_00_00/vexv5/libv5rt.a(v5_apiuser.c.obj)
                0x00000000038051e0                vexMotorVelocitySet
 .text.vexMotorVoltageSet
                0x0000000003805200       0x20 /Users/andrewzhou/Library/Application Support/Code/User/globalStorage/vexrobotics.vexcode/sdk/cpp/V5/V5_20220726_10_00_00/vexv5/libv5rt.a(v5_apiuser.c.obj)
                0x0000000003805200                vexMotorVoltageSet
 .text.vexMotorVelocityGet
                0x0000000003805220       0x18 /Users/andrewzhou/Library/Application Support/Code/User/globalStorage/vexrobotics.vexcode/sdk/cpp/V5/V5_20220726_10_00_00/vexv5/libv5rt.a(v5_apiuser.c.obj)
                0x0000000003805220                vexMotorVelocityGet
 .text.vexMotorActualVelocityGet
                0x0000000003805238       0x24 /Users/andrewzhou/Library/Application Support/Code/User/globalStorage/vexrobotics.vexcode/sdk/cpp/V5/V5_20220726_10_00_00/vexv5/libv5rt.a(v5_apiuser.c.obj)
                0x0000000003805238                vexMotorActualVelocityGet
 .text.vexMotorModeGet
                0x000000000380525c       0x18 /Users/andrewzhou/Library/Application Support/Code/User/globalStorage/vexrobotics.vexcode/sdk/cpp/V5/V5_20220726_10_00_00/vexv5/libv5rt.a(v5_apiuser.c.obj)
                0x000000000380525c                vexMotorModeGet
 .text.vexMotorZeroPositionFlagGet
                0x0000000003805274       0x18 /Users/andrewzhou/Library/Application Support/Code/User/globalStorage/vexrobotics.vexcode/sdk/cpp/V5/V5_20220726_10_00_00/vexv5/libv5rt.a(v5_apiuser.c.obj)
                0x0000000003805274                vexMotorZeroPositionFlagGet
 .text.vexMotorReverseFlagSet
                0x000000000380528c       0x20 /Users/andrewzhou/Library/Application Support/Code/User/globalStorage/vexrobotics.vexcode/sdk/cpp/V5/V5_20220726_10_00_00/vexv5/libv5rt.a(v5_apiuser.c.obj)
                0x000000000380528c                vexMotorReverseFlagSet
 .text.vexMotorEncoderUnitsSet
                0x00000000038052ac       0x20 /Users/andrewzhou/Library/Application Support/Code/User/globalStorage/vexrobotics.vexcode/sdk/cpp/V5/V5_20220726_10_00_00/vexv5/libv5rt.a(v5_apiuser.c.obj)
                0x00000000038052ac                vexMotorEncoderUnitsSet
 .text.vexMotorBrakeModeSet
                0x00000000038052cc       0x20 /Users/andrewzhou/Library/Application Support/Code/User/globalStorage/vexrobotics.vexcode/sdk/cpp/V5/V5_20220726_10_00_00/vexv5/libv5rt.a(v5_apiuser.c.obj)
                0x00000000038052cc                vexMotorBrakeModeSet
 .text.vexMotorPositionSet
                0x00000000038052ec       0x28 /Users/andrewzhou/Library/Application Support/Code/User/globalStorage/vexrobotics.vexcode/sdk/cpp/V5/V5_20220726_10_00_00/vexv5/libv5rt.a(v5_apiuser.c.obj)
                0x00000000038052ec                vexMotorPositionSet
 .text.vexMotorPositionGet
                0x0000000003805314       0x24 /Users/andrewzhou/Library/Application Support/Code/User/globalStorage/vexrobotics.vexcode/sdk/cpp/V5/V5_20220726_10_00_00/vexv5/libv5rt.a(v5_apiuser.c.obj)
                0x0000000003805314                vexMotorPositionGet
 .text.vexMotorAbsoluteTargetSet
                0x0000000003805338       0x30 /Users/andrewzhou/Library/Application Support/Code/User/globalStorage/vexrobotics.vexcode/sdk/cpp/V5/V5_20220726_10_00_00/vexv5/libv5rt.a(v5_apiuser.c.obj)
                0x0000000003805338                vexMotorAbsoluteTargetSet
 .text.vexMotorGearingSet
                0x0000000003805368       0x20 /Users/andrewzhou/Library/Application Support/Code/User/globalStorage/vexrobotics.vexcode/sdk/cpp/V5/V5_20220726_10_00_00/vexv5/libv5rt.a(v5_apiuser.c.obj)
                0x0000000003805368                vexMotorGearingSet
 .text.vexMotorGearingGet
                0x0000000003805388       0x18 /Users/andrewzhou/Library/Application Support/Code/User/globalStorage/vexrobotics.vexcode/sdk/cpp/V5/V5_20220726_10_00_00/vexv5/libv5rt.a(v5_apiuser.c.obj)
                0x0000000003805388                vexMotorGearingGet
 .text.vexImuReset
                0x00000000038053a0       0x10 /Users/andrewzhou/Library/Application Support/Code/User/globalStorage/vexrobotics.vexcode/sdk/cpp/V5/V5_20220726_10_00_00/vexv5/libv5rt.a(v5_apiuser.c.obj)
                0x00000000038053a0                vexImuReset
 .text.vexImuHeadingGet
                0x00000000038053b0       0x10 /Users/andrewzhou/Library/Application Support/Code/User/globalStorage/vexrobotics.vexcode/sdk/cpp/V5/V5_20220726_10_00_00/vexv5/libv5rt.a(v5_apiuser.c.obj)
                0x00000000038053b0                vexImuHeadingGet
 .text.vexImuDegreesGet
                0x00000000038053c0       0x10 /Users/andrewzhou/Library/Application Support/Code/User/globalStorage/vexrobotics.vexcode/sdk/cpp/V5/V5_20220726_10_00_00/vexv5/libv5rt.a(v5_apiuser.c.obj)
                0x00000000038053c0                vexImuDegreesGet
 .text.vexImuAttitudeGet
                0x00000000038053d0       0x18 /Users/andrewzhou/Library/Application Support/Code/User/globalStorage/vexrobotics.vexcode/sdk/cpp/V5/V5_20220726_10_00_00/vexv5/libv5rt.a(v5_apiuser.c.obj)
                0x00000000038053d0                vexImuAttitudeGet
 .text.vexImuStatusGet
                0x00000000038053e8       0x10 /Users/andrewzhou/Library/Application Support/Code/User/globalStorage/vexrobotics.vexcode/sdk/cpp/V5/V5_20220726_10_00_00/vexv5/libv5rt.a(v5_apiuser.c.obj)
                0x00000000038053e8                vexImuStatusGet
 .text.vexAbsEncPositionSet
                0x00000000038053f8       0x18 /Users/andrewzhou/Library/Application Support/Code/User/globalStorage/vexrobotics.vexcode/sdk/cpp/V5/V5_20220726_10_00_00/vexv5/libv5rt.a(v5_apiuser.c.obj)
                0x00000000038053f8                vexAbsEncPositionSet
 .text.vexAbsEncAngleGet
                0x0000000003805410       0x10 /Users/andrewzhou/Library/Application Support/Code/User/globalStorage/vexrobotics.vexcode/sdk/cpp/V5/V5_20220726_10_00_00/vexv5/libv5rt.a(v5_apiuser.c.obj)
                0x0000000003805410                vexAbsEncAngleGet
 .text.vexAbsEncReverseFlagSet
                0x0000000003805420       0x18 /Users/andrewzhou/Library/Application Support/Code/User/globalStorage/vexrobotics.vexcode/sdk/cpp/V5/V5_20220726_10_00_00/vexv5/libv5rt.a(v5_apiuser.c.obj)
                0x0000000003805420                vexAbsEncReverseFlagSet
 .text.vexEventMaskSet
                0x0000000003805438       0x28 /Users/andrewzhou/Library/Application Support/Code/User/globalStorage/vexrobotics.vexcode/sdk/cpp/V5/V5_20220726_10_00_00/vexv5/libv5rt.a(v5_apiuser.c.obj)
                0x0000000003805438                vexEventMaskSet
 .text.vexEventMaskGet
                0x0000000003805460       0x18 /Users/andrewzhou/Library/Application Support/Code/User/globalStorage/vexrobotics.vexcode/sdk/cpp/V5/V5_20220726_10_00_00/vexv5/libv5rt.a(v5_apiuser.c.obj)
                0x0000000003805460                vexEventMaskGet
 .text.vexEventBitsSet
                0x0000000003805478       0x28 /Users/andrewzhou/Library/Application Support/Code/User/globalStorage/vexrobotics.vexcode/sdk/cpp/V5/V5_20220726_10_00_00/vexv5/libv5rt.a(v5_apiuser.c.obj)
                0x0000000003805478                vexEventBitsSet
 .text.vexEventBitsGet
                0x00000000038054a0       0x18 /Users/andrewzhou/Library/Application Support/Code/User/globalStorage/vexrobotics.vexcode/sdk/cpp/V5/V5_20220726_10_00_00/vexv5/libv5rt.a(v5_apiuser.c.obj)
                0x00000000038054a0                vexEventBitsGet
 .text._ZN3vex6deviceD2Ev
                0x00000000038054b8        0x4 /Users/andrewzhou/Library/Application Support/Code/User/globalStorage/vexrobotics.vexcode/sdk/cpp/V5/V5_20220726_10_00_00/vexv5/libv5rt.a(vex_device.cpp.obj)
                0x00000000038054b8                vex::device::~device()
                0x00000000038054b8                vex::device::~device()
 .text._ZN3vex6device5valueEv
                0x00000000038054bc        0x8 /Users/andrewzhou/Library/Application Support/Code/User/globalStorage/vexrobotics.vexcode/sdk/cpp/V5/V5_20220726_10_00_00/vexv5/libv5rt.a(vex_device.cpp.obj)
                0x00000000038054bc                vex::device::value()
 .text._ZN3vex6deviceD0Ev
                0x00000000038054c4       0x14 /Users/andrewzhou/Library/Application Support/Code/User/globalStorage/vexrobotics.vexcode/sdk/cpp/V5/V5_20220726_10_00_00/vexv5/libv5rt.a(vex_device.cpp.obj)
                0x00000000038054c4                vex::device::~device()
 .text._ZN3vex6device4initEl
                0x00000000038054d8       0x30 /Users/andrewzhou/Library/Application Support/Code/User/globalStorage/vexrobotics.vexcode/sdk/cpp/V5/V5_20220726_10_00_00/vexv5/libv5rt.a(vex_device.cpp.obj)
                0x00000000038054d8                vex::device::init(long)
 .text._ZN3vex6deviceC2El
                0x0000000003805508       0x20 /Users/andrewzhou/Library/Application Support/Code/User/globalStorage/vexrobotics.vexcode/sdk/cpp/V5/V5_20220726_10_00_00/vexv5/libv5rt.a(vex_device.cpp.obj)
                0x0000000003805508                vex::device::device(long)
                0x0000000003805508                vex::device::device(long)
 .text._ZN3vex6device4typeEv
                0x0000000003805528       0x10 /Users/andrewzhou/Library/Application Support/Code/User/globalStorage/vexrobotics.vexcode/sdk/cpp/V5/V5_20220726_10_00_00/vexv5/libv5rt.a(vex_device.cpp.obj)
                0x0000000003805528                vex::device::type()
 .text._ZN3vex6device9installedEv
                0x0000000003805538       0x14 /Users/andrewzhou/Library/Application Support/Code/User/globalStorage/vexrobotics.vexcode/sdk/cpp/V5/V5_20220726_10_00_00/vexv5/libv5rt.a(vex_device.cpp.obj)
                0x0000000003805538                vex::device::installed()
 .text._ZN3vex4taskC2EPFivE
                0x000000000380554c       0x5c /Users/andrewzhou/Library/Application Support/Code/User/globalStorage/vexrobotics.vexcode/sdk/cpp/V5/V5_20220726_10_00_00/vexv5/libv5rt.a(vex_task.cpp.obj)
                0x000000000380554c                vex::task::task(int (*)())
                0x000000000380554c                vex::task::task(int (*)())
 .text._ZN3vex4taskD2Ev
                0x00000000038055a8        0x4 /Users/andrewzhou/Library/Application Support/Code/User/globalStorage/vexrobotics.vexcode/sdk/cpp/V5/V5_20220726_10_00_00/vexv5/libv5rt.a(vex_task.cpp.obj)
                0x00000000038055a8                vex::task::~task()
                0x00000000038055a8                vex::task::~task()
 .text._ZN3vex4task4stopEPvi
                0x00000000038055ac       0x1c /Users/andrewzhou/Library/Application Support/Code/User/globalStorage/vexrobotics.vexcode/sdk/cpp/V5/V5_20220726_10_00_00/vexv5/libv5rt.a(vex_task.cpp.obj)
                0x00000000038055ac                vex::task::stop(void*, int)
 .text._ZN3vex4task6_indexEPFivE
                0x00000000038055c8       0x14 /Users/andrewzhou/Library/Application Support/Code/User/globalStorage/vexrobotics.vexcode/sdk/cpp/V5/V5_20220726_10_00_00/vexv5/libv5rt.a(vex_task.cpp.obj)
                0x00000000038055c8                vex::task::_index(int (*)())
 .text._ZN3vex4task8_stopAllEv
                0x00000000038055dc       0x3c /Users/andrewzhou/Library/Application Support/Code/User/globalStorage/vexrobotics.vexcode/sdk/cpp/V5/V5_20220726_10_00_00/vexv5/libv5rt.a(vex_task.cpp.obj)
                0x00000000038055dc                vex::task::_stopAll()
 .text.__libc_fini_array
                0x0000000003805618       0x30 /Users/andrewzhou/Library/Application Support/Code/User/globalStorage/vexrobotics.vexcode/sdk/cpp/V5/V5_20220726_10_00_00/vexv5/gcc/libs/libc.a(lib_a-fini.o)
                0x0000000003805618                __libc_fini_array
 .text.__libc_init_array
                0x0000000003805648       0x58 /Users/andrewzhou/Library/Application Support/Code/User/globalStorage/vexrobotics.vexcode/sdk/cpp/V5/V5_20220726_10_00_00/vexv5/gcc/libs/libc.a(lib_a-init.o)
                0x0000000003805648                __libc_init_array
 .text.__libc_init_array.__stub
                0x00000000038056a0       0x20 linker stubs
 *(.gnu.linkonce.t.*)
 *(.plt)
 *(.gnu_warning)
 *(.gcc_except_table)
 *(.glue_7)
 .glue_7        0x00000000038056c0        0x0 linker stubs
 *(.glue_7t)
 .glue_7t       0x00000000038056c0        0x0 linker stubs
 *(.vfp11_veneer)
 .vfp11_veneer  0x00000000038056c0        0x0 linker stubs
 *(.ARM.extab)
 *(.gnu.linkonce.armextab.*)

.v4_bx          0x00000000038056c0        0x0
 .v4_bx         0x00000000038056c0        0x0 linker stubs

.iplt           0x00000000038056c0        0x0
 .iplt          0x00000000038056c0        0x0 build/src/GPS.o

.init
 *(.init)

.fini
 *(.fini)

.rodata         0x00000000038056c0      0x418
                0x00000000038056c0                __rodata_start = .
 *(.rodata)
 *(.rodata.*)
 .rodata.str1.1
                0x00000000038056c0       0x52 build/src/GPS.o
 .rodata.str1.1
                0x0000000003805712        0xc build/src/PID.o
 .rodata.str1.1
                0x000000000380571e       0x4c build/src/auton-functions.o
                                         0x51 (size before relaxing)
 .rodata.str1.1
                0x000000000380576a       0x2f build/src/autonomous.o
 .rodata.str1.1
                0x0000000003805799       0x4e build/src/basic-functions.o
 .rodata.str1.1
                0x00000000038057e7      0x114 build/src/main.o
 .rodata.str1.1
                0x00000000038058fb       0x2e /Users/andrewzhou/Library/Application Support/Code/User/globalStorage/vexrobotics.vexcode/sdk/cpp/V5/V5_20220726_10_00_00/vexv5/libv5rt.a(v5_startup.c.obj)
 *fill*         0x0000000003805929        0x3 
 .rodata._ZN3vex6PORT20E
                0x000000000380592c        0x4 /Users/andrewzhou/Library/Application Support/Code/User/globalStorage/vexrobotics.vexcode/sdk/cpp/V5/V5_20220726_10_00_00/vexv5/libv5rt.a(vex_global.cpp.obj)
                0x000000000380592c                vex::PORT20
 .rodata._ZN3vex3fwdE
                0x0000000003805930        0x4 /Users/andrewzhou/Library/Application Support/Code/User/globalStorage/vexrobotics.vexcode/sdk/cpp/V5/V5_20220726_10_00_00/vexv5/libv5rt.a(vex_global.cpp.obj)
                0x0000000003805930                vex::fwd
 .rodata._ZN3vex6PORT10E
                0x0000000003805934        0x4 /Users/andrewzhou/Library/Application Support/Code/User/globalStorage/vexrobotics.vexcode/sdk/cpp/V5/V5_20220726_10_00_00/vexv5/libv5rt.a(vex_global.cpp.obj)
                0x0000000003805934                vex::PORT10
 .rodata._ZN3vex3pctE
                0x0000000003805938        0x4 /Users/andrewzhou/Library/Application Support/Code/User/globalStorage/vexrobotics.vexcode/sdk/cpp/V5/V5_20220726_10_00_00/vexv5/libv5rt.a(vex_global.cpp.obj)
                0x0000000003805938                vex::pct
 .rodata._ZN3vex4msecE
                0x000000000380593c        0x4 /Users/andrewzhou/Library/Application Support/Code/User/globalStorage/vexrobotics.vexcode/sdk/cpp/V5/V5_20220726_10_00_00/vexv5/libv5rt.a(vex_global.cpp.obj)
                0x000000000380593c                vex::msec
 .rodata._ZN3vex6PORT18E
                0x0000000003805940        0x4 /Users/andrewzhou/Library/Application Support/Code/User/globalStorage/vexrobotics.vexcode/sdk/cpp/V5/V5_20220726_10_00_00/vexv5/libv5rt.a(vex_global.cpp.obj)
                0x0000000003805940                vex::PORT18
 .rodata._ZN3vex6PORT11E
                0x0000000003805944        0x4 /Users/andrewzhou/Library/Application Support/Code/User/globalStorage/vexrobotics.vexcode/sdk/cpp/V5/V5_20220726_10_00_00/vexv5/libv5rt.a(vex_global.cpp.obj)
                0x0000000003805944                vex::PORT11
 .rodata._ZN3vex7primaryE
                0x0000000003805948        0x4 /Users/andrewzhou/Library/Application Support/Code/User/globalStorage/vexrobotics.vexcode/sdk/cpp/V5/V5_20220726_10_00_00/vexv5/libv5rt.a(vex_global.cpp.obj)
                0x0000000003805948                vex::primary
 .rodata._ZN3vex3degE
                0x000000000380594c        0x4 /Users/andrewzhou/Library/Application Support/Code/User/globalStorage/vexrobotics.vexcode/sdk/cpp/V5/V5_20220726_10_00_00/vexv5/libv5rt.a(vex_global.cpp.obj)
                0x000000000380594c                vex::deg
 .rodata._ZN3vex7percentE
                0x0000000003805950        0x4 /Users/andrewzhou/Library/Application Support/Code/User/globalStorage/vexrobotics.vexcode/sdk/cpp/V5/V5_20220726_10_00_00/vexv5/libv5rt.a(vex_global.cpp.obj)
                0x0000000003805950                vex::percent
 .rodata._ZN3vex6PORT19E
                0x0000000003805954        0x4 /Users/andrewzhou/Library/Application Support/Code/User/globalStorage/vexrobotics.vexcode/sdk/cpp/V5/V5_20220726_10_00_00/vexv5/libv5rt.a(vex_global.cpp.obj)
                0x0000000003805954                vex::PORT19
 .rodata._ZN3vex7degreesE
                0x0000000003805958        0x4 /Users/andrewzhou/Library/Application Support/Code/User/globalStorage/vexrobotics.vexcode/sdk/cpp/V5/V5_20220726_10_00_00/vexv5/libv5rt.a(vex_global.cpp.obj)
                0x0000000003805958                vex::degrees
 .rodata._ZN3vex6PORT22E